Component: Arm Compiler for Embedded 6.22 Tool: armlink [5ee90200]

==============================================================================

Section Cross References

    gd32f4xx_it.o(.ARM.exidx.text.NMI_Handler) refers to gd32f4xx_it.o(.text.NMI_Handler) for [Anonymous Symbol]
    gd32f4xx_it.o(.ARM.exidx.text.HardFault_Handler) refers to gd32f4xx_it.o(.text.HardFault_Handler) for [Anonymous Symbol]
    gd32f4xx_it.o(.ARM.exidx.text.MemManage_Handler) refers to gd32f4xx_it.o(.text.MemManage_Handler) for [Anonymous Symbol]
    gd32f4xx_it.o(.ARM.exidx.text.BusFault_Handler) refers to gd32f4xx_it.o(.text.BusFault_Handler) for [Anonymous Symbol]
    gd32f4xx_it.o(.ARM.exidx.text.UsageFault_Handler) refers to gd32f4xx_it.o(.text.UsageFault_Handler) for [Anonymous Symbol]
    gd32f4xx_it.o(.ARM.exidx.text.SVC_Handler) refers to gd32f4xx_it.o(.text.SVC_Handler) for [Anonymous Symbol]
    gd32f4xx_it.o(.ARM.exidx.text.DebugMon_Handler) refers to gd32f4xx_it.o(.text.DebugMon_Handler) for [Anonymous Symbol]
    gd32f4xx_it.o(.ARM.exidx.text.PendSV_Handler) refers to gd32f4xx_it.o(.text.PendSV_Handler) for [Anonymous Symbol]
    gd32f4xx_it.o(.text.SysTick_Handler) refers to systick.o(.text.delay_decrement) for delay_decrement
    gd32f4xx_it.o(.ARM.exidx.text.SysTick_Handler) refers to gd32f4xx_it.o(.text.SysTick_Handler) for [Anonymous Symbol]
    systick.o(.text.systick_config) refers to system_gd32f4xx.o(.data.SystemCoreClock) for SystemCoreClock
    systick.o(.ARM.exidx.text.systick_config) refers to systick.o(.text.systick_config) for [Anonymous Symbol]
    systick.o(.text.delay_1ms) refers to systick.o(.bss.delay) for delay
    systick.o(.ARM.exidx.text.delay_1ms) refers to systick.o(.text.delay_1ms) for [Anonymous Symbol]
    systick.o(.text.delay_1us) refers to systick.o(.bss.delay) for delay
    systick.o(.ARM.exidx.text.delay_1us) refers to systick.o(.text.delay_1us) for [Anonymous Symbol]
    systick.o(.text.systick_tick_us) refers to systick.o(.bss.tick_us) for tick_us
    systick.o(.ARM.exidx.text.systick_tick_us) refers to systick.o(.text.systick_tick_us) for [Anonymous Symbol]
    systick.o(.text.delay_decrement) refers to systick.o(.bss.tick_us) for tick_us
    systick.o(.text.delay_decrement) refers to systick.o(.bss.delay) for delay
    systick.o(.ARM.exidx.text.delay_decrement) refers to systick.o(.text.delay_decrement) for [Anonymous Symbol]
    main.o(.text.USART0_on_recv) refers to printfa.o(i.__0printf) for __2printf
    main.o(.ARM.exidx.text.USART0_on_recv) refers to main.o(.text.USART0_on_recv) for [Anonymous Symbol]
    main.o(.ARM.exidx.text.Keys_on_keyup) refers to main.o(.text.Keys_on_keyup) for [Anonymous Symbol]
    main.o(.text.Keys_on_keydown) refers to bsp_servo.o(.text.Servo_get_angle) for Servo_get_angle
    main.o(.text.Keys_on_keydown) refers to bsp_servo.o(.text.Servo_set_angle) for Servo_set_angle
    main.o(.text.Keys_on_keydown) refers to f2d.o(.text) for __aeabi_f2d
    main.o(.text.Keys_on_keydown) refers to printfa.o(i.__0printf) for __2printf
    main.o(.ARM.exidx.text.Keys_on_keydown) refers to main.o(.text.Keys_on_keydown) for [Anonymous Symbol]
    main.o(.text.main) refers to gd32f4xx_misc.o(.text.nvic_priority_group_set) for nvic_priority_group_set
    main.o(.text.main) refers to systick.o(.text.systick_config) for systick_config
    main.o(.text.main) refers to usart0.o(.text.USART0_init) for USART0_init
    main.o(.text.main) refers to timer.o(.text.TIMER_init) for TIMER_init
    main.o(.text.main) refers to bsp_keys.o(.text.Keys_init) for Keys_init
    main.o(.text.main) refers to bsp_servo.o(.text.Servo_init) for Servo_init
    main.o(.text.main) refers to systick.o(.text.delay_1ms) for delay_1ms
    main.o(.text.main) refers to puts.o(i.puts) for puts
    main.o(.text.main) refers to bsp_servo.o(.text.Servo_set_angle) for Servo_set_angle
    main.o(.text.main) refers to bsp_keys.o(.text.Keys_scan) for Keys_scan
    main.o(.ARM.exidx.text.main) refers to main.o(.text.main) for [Anonymous Symbol]
    system_gd32f4xx.o(.ARM.exidx.text.SystemInit) refers to system_gd32f4xx.o(.text.SystemInit) for [Anonymous Symbol]
    system_gd32f4xx.o(.text.SystemCoreClockUpdate) refers to system_gd32f4xx.o(.data.SystemCoreClock) for SystemCoreClock
    system_gd32f4xx.o(.ARM.exidx.text.SystemCoreClockUpdate) refers to system_gd32f4xx.o(.text.SystemCoreClockUpdate) for [Anonymous Symbol]
    startup_gd32f407_427.o(RESET) refers to startup_gd32f407_427.o(STACK) for __initial_sp
    startup_gd32f407_427.o(RESET) refers to startup_gd32f407_427.o(.text) for Reset_Handler
    startup_gd32f407_427.o(RESET) refers to gd32f4xx_it.o(.text.NMI_Handler) for NMI_Handler
    startup_gd32f407_427.o(RESET) refers to gd32f4xx_it.o(.text.HardFault_Handler) for HardFault_Handler
    startup_gd32f407_427.o(RESET) refers to gd32f4xx_it.o(.text.MemManage_Handler) for MemManage_Handler
    startup_gd32f407_427.o(RESET) refers to gd32f4xx_it.o(.text.BusFault_Handler) for BusFault_Handler
[...]
    Removing gd32f4xx_usart.o(.ARM.exidx.text.usart_lin_mode_enable), (8 bytes).
    Removing gd32f4xx_usart.o(.text.usart_lin_mode_disable), (10 bytes).
    Removing gd32f4xx_usart.o(.ARM.exidx.text.usart_lin_mode_disable), (8 bytes).
    Removing gd32f4xx_usart.o(.text.usart_lin_break_detection_length_config), (20 bytes).
    Removing gd32f4xx_usart.o(.ARM.exidx.text.usart_lin_break_detection_length_config), (8 bytes).
    Removing gd32f4xx_usart.o(.text.usart_send_break), (10 bytes).
    Removing gd32f4xx_usart.o(.ARM.exidx.text.usart_send_break), (8 bytes).
    Removing gd32f4xx_usart.o(.text.usart_halfduplex_enable), (10 bytes).
    Removing gd32f4xx_usart.o(.ARM.exidx.text.usart_halfduplex_enable), (8 bytes).
    Removing gd32f4xx_usart.o(.text.usart_halfduplex_disable), (10 bytes).
    Removing gd32f4xx_usart.o(.ARM.exidx.text.usart_halfduplex_disable), (8 bytes).
    Removing gd32f4xx_usart.o(.text.usart_synchronous_clock_enable), (10 bytes).
    Removing gd32f4xx_usart.o(.ARM.exidx.text.usart_synchronous_clock_enable), (8 bytes).
    Removing gd32f4xx_usart.o(.text.usart_synchronous_clock_disable), (10 bytes).
    Removing gd32f4xx_usart.o(.ARM.exidx.text.usart_synchronous_clock_disable), (8 bytes).
    Removing gd32f4xx_usart.o(.text.usart_synchronous_clock_config), (36 bytes).
    Removing gd32f4xx_usart.o(.ARM.exidx.text.usart_synchronous_clock_config), (8 bytes).
    Removing gd32f4xx_usart.o(.text.usart_guard_time_config), (18 bytes).
    Removing gd32f4xx_usart.o(.ARM.exidx.text.usart_guard_time_config), (8 bytes).
    Removing gd32f4xx_usart.o(.text.usart_smartcard_mode_enable), (10 bytes).
    Removing gd32f4xx_usart.o(.ARM.exidx.text.usart_smartcard_mode_enable), (8 bytes).
    Removing gd32f4xx_usart.o(.text.usart_smartcard_mode_disable), (10 bytes).
    Removing gd32f4xx_usart.o(.ARM.exidx.text.usart_smartcard_mode_disable), (8 bytes).
    Removing gd32f4xx_usart.o(.text.usart_smartcard_mode_nack_enable), (10 bytes).
    Removing gd32f4xx_usart.o(.ARM.exidx.text.usart_smartcard_mode_nack_enable), (8 bytes).
    Removing gd32f4xx_usart.o(.text.usart_smartcard_mode_nack_disable), (10 bytes).
    Removing gd32f4xx_usart.o(.ARM.exidx.text.usart_smartcard_mode_nack_disable), (8 bytes).
    Removing gd32f4xx_usart.o(.text.usart_smartcard_autoretry_config), (30 bytes).
    Removing gd32f4xx_usart.o(.ARM.exidx.text.usart_smartcard_autoretry_config), (8 bytes).
    Removing gd32f4xx_usart.o(.text.usart_block_length_config), (26 bytes).
    Removing gd32f4xx_usart.o(.ARM.exidx.text.usart_block_length_config), (8 bytes).
    Removing gd32f4xx_usart.o(.text.usart_irda_mode_enable), (10 bytes).
    Removing gd32f4xx_usart.o(.ARM.exidx.text.usart_irda_mode_enable), (8 bytes).
    Removing gd32f4xx_usart.o(.text.usart_irda_mode_disable), (10 bytes).
    Removing gd32f4xx_usart.o(.ARM.exidx.text.usart_irda_mode_disable), (8 bytes).
    Removing gd32f4xx_usart.o(.text.usart_prescaler_config), (16 bytes).
    Removing gd32f4xx_usart.o(.ARM.exidx.text.usart_prescaler_config), (8 bytes).
    Removing gd32f4xx_usart.o(.text.usart_irda_lowpower_config), (20 bytes).
    Removing gd32f4xx_usart.o(.ARM.exidx.text.usart_irda_lowpower_config), (8 bytes).
    Removing gd32f4xx_usart.o(.text.usart_hardware_flow_rts_config), (20 bytes).
    Removing gd32f4xx_usart.o(.ARM.exidx.text.usart_hardware_flow_rts_config), (8 bytes).
    Removing gd32f4xx_usart.o(.text.usart_hardware_flow_cts_config), (20 bytes).
    Removing gd32f4xx_usart.o(.ARM.exidx.text.usart_hardware_flow_cts_config), (8 bytes).
    Removing gd32f4xx_usart.o(.text.usart_break_frame_coherence_config), (28 bytes).
    Removing gd32f4xx_usart.o(.ARM.exidx.text.usart_break_frame_coherence_config), (8 bytes).
    Removing gd32f4xx_usart.o(.text.usart_parity_check_coherence_config), (28 bytes).
    Removing gd32f4xx_usart.o(.ARM.exidx.text.usart_parity_check_coherence_config), (8 bytes).
    Removing gd32f4xx_usart.o(.text.usart_hardware_flow_coherence_config), (28 bytes).
    Removing gd32f4xx_usart.o(.ARM.exidx.text.usart_hardware_flow_coherence_config), (8 bytes).
    Removing gd32f4xx_usart.o(.ARM.exidx.text.usart_dma_receive_config), (8 bytes).
    Removing gd32f4xx_usart.o(.ARM.exidx.text.usart_dma_transmit_config), (8 bytes).
    Removing gd32f4xx_usart.o(.ARM.exidx.text.usart_flag_get), (8 bytes).
    Removing gd32f4xx_usart.o(.text.usart_flag_clear), (40 bytes).
    Removing gd32f4xx_usart.o(.ARM.exidx.text.usart_flag_clear), (8 bytes).
    Removing gd32f4xx_usart.o(.ARM.exidx.text.usart_interrupt_enable), (8 bytes).
    Removing gd32f4xx_usart.o(.text.usart_interrupt_disable), (24 bytes).
    Removing gd32f4xx_usart.o(.ARM.exidx.text.usart_interrupt_disable), (8 bytes).
    Removing gd32f4xx_usart.o(.ARM.exidx.text.usart_interrupt_flag_get), (8 bytes).
    Removing gd32f4xx_usart.o(.text.usart_interrupt_flag_clear), (24 bytes).
    Removing gd32f4xx_usart.o(.ARM.exidx.text.usart_interrupt_flag_clear), (8 bytes).
    Removing gd32f4xx_exti.o(.text), (0 bytes).
    Removing gd32f4xx_exti.o(.text.exti_deinit), (22 bytes).
    Removing gd32f4xx_exti.o(.ARM.exidx.text.exti_deinit), (8 bytes).
    Removing gd32f4xx_exti.o(.text.exti_init), (156 bytes).
    Removing gd32f4xx_exti.o(.ARM.exidx.text.exti_init), (8 bytes).
    Removing gd32f4xx_exti.o(.text.exti_interrupt_enable), (16 bytes).
    Removing gd32f4xx_exti.o(.ARM.exidx.text.exti_interrupt_enable), (8 bytes).
    Removing gd32f4xx_exti.o(.text.exti_interrupt_disable), (18 bytes).
    Removing gd32f4xx_exti.o(.ARM.exidx.text.exti_interrupt_disable), (8 bytes).
    Removing gd32f4xx_exti.o(.text.exti_event_enable), (16 bytes).
    Removing gd32f4xx_exti.o(.ARM.exidx.text.exti_event_enable), (8 bytes).
    Removing gd32f4xx_exti.o(.text.exti_event_disable), (18 bytes).
    Removing gd32f4xx_exti.o(.ARM.exidx.text.exti_event_disable), (8 bytes).
    Removing gd32f4xx_exti.o(.text.exti_software_interrupt_enable), (16 bytes).
    Removing gd32f4xx_exti.o(.ARM.exidx.text.exti_software_interrupt_enable), (8 bytes).
    Removing gd32f4xx_exti.o(.text.exti_software_interrupt_disable), (18 bytes).
    Removing gd32f4xx_exti.o(.ARM.exidx.text.exti_software_interrupt_disable), (8 bytes).
    Removing gd32f4xx_exti.o(.text.exti_flag_get), (18 bytes).
    Removing gd32f4xx_exti.o(.ARM.exidx.text.exti_flag_get), (8 bytes).
    Removing gd32f4xx_exti.o(.text.exti_flag_clear), (12 bytes).
    Removing gd32f4xx_exti.o(.ARM.exidx.text.exti_flag_clear), (8 bytes).
    Removing gd32f4xx_exti.o(.text.exti_interrupt_flag_get), (18 bytes).
    Removing gd32f4xx_exti.o(.ARM.exidx.text.exti_interrupt_flag_get), (8 bytes).
    Removing gd32f4xx_exti.o(.text.exti_interrupt_flag_clear), (12 bytes).
    Removing gd32f4xx_exti.o(.ARM.exidx.text.exti_interrupt_flag_clear), (8 bytes).
    Removing gd32f4xx_syscfg.o(.text), (0 bytes).
    Removing gd32f4xx_syscfg.o(.text.syscfg_deinit), (22 bytes).
    Removing gd32f4xx_syscfg.o(.ARM.exidx.text.syscfg_deinit), (8 bytes).
    Removing gd32f4xx_syscfg.o(.text.syscfg_bootmode_config), (24 bytes).
    Removing gd32f4xx_syscfg.o(.ARM.exidx.text.syscfg_bootmode_config), (8 bytes).
    Removing gd32f4xx_syscfg.o(.text.syscfg_fmc_swap_config), (20 bytes).
    Removing gd32f4xx_syscfg.o(.ARM.exidx.text.syscfg_fmc_swap_config), (8 bytes).
    Removing gd32f4xx_syscfg.o(.text.syscfg_exmc_swap_config), (20 bytes).
    Removing gd32f4xx_syscfg.o(.ARM.exidx.text.syscfg_exmc_swap_config), (8 bytes).
    Removing gd32f4xx_syscfg.o(.text.syscfg_exti_line_config), (132 bytes).
    Removing gd32f4xx_syscfg.o(.ARM.exidx.text.syscfg_exti_line_config), (8 bytes).
    Removing gd32f4xx_syscfg.o(.text.syscfg_enet_phy_interface_config), (20 bytes).
    Removing gd32f4xx_syscfg.o(.ARM.exidx.text.syscfg_enet_phy_interface_config), (8 bytes).
    Removing gd32f4xx_syscfg.o(.text.syscfg_compensation_config), (20 bytes).
    Removing gd32f4xx_syscfg.o(.ARM.exidx.text.syscfg_compensation_config), (8 bytes).
    Removing gd32f4xx_syscfg.o(.text.syscfg_flag_get), (16 bytes).
    Removing gd32f4xx_syscfg.o(.ARM.exidx.text.syscfg_flag_get), (8 bytes).
    Removing gd32f4xx_timer.o(.text), (0 bytes).
    Removing gd32f4xx_timer.o(.ARM.exidx.text.timer_deinit), (8 bytes).
    Removing gd32f4xx_timer.o(.ARM.exidx.text.timer_struct_para_init), (8 bytes).
    Removing gd32f4xx_timer.o(.ARM.exidx.text.timer_init), (8 bytes).
    Removing gd32f4xx_timer.o(.ARM.exidx.text.timer_enable), (8 bytes).
    Removing gd32f4xx_timer.o(.text.timer_disable), (10 bytes).
    Removing gd32f4xx_timer.o(.ARM.exidx.text.timer_disable), (8 bytes).
    Removing gd32f4xx_timer.o(.text.timer_auto_reload_shadow_enable), (10 bytes).
    Removing gd32f4xx_timer.o(.ARM.exidx.text.timer_auto_reload_shadow_enable), (8 bytes).
    Removing gd32f4xx_timer.o(.text.timer_auto_reload_shadow_disable), (10 bytes).
    Removing gd32f4xx_timer.o(.ARM.exidx.text.timer_auto_reload_shadow_disable), (8 bytes).
    Removing gd32f4xx_timer.o(.text.timer_update_event_enable), (10 bytes).
    Removing gd32f4xx_timer.o(.ARM.exidx.text.timer_update_event_enable), (8 bytes).
    Removing gd32f4xx_timer.o(.text.timer_update_event_disable), (10 bytes).
    Removing gd32f4xx_timer.o(.ARM.exidx.text.timer_update_event_disable), (8 bytes).
    Removing gd32f4xx_timer.o(.text.timer_counter_alignment), (16 bytes).
    Removing gd32f4xx_timer.o(.ARM.exidx.text.timer_counter_alignment), (8 bytes).
    Removing gd32f4xx_timer.o(.text.timer_counter_up_direction), (10 bytes).
    Removing gd32f4xx_timer.o(.ARM.exidx.text.timer_counter_up_direction), (8 bytes).
    Removing gd32f4xx_timer.o(.text.timer_counter_down_direction), (10 bytes).
    Removing gd32f4xx_timer.o(.ARM.exidx.text.timer_counter_down_direction), (8 bytes).
    Removing gd32f4xx_timer.o(.text.timer_prescaler_config), (18 bytes).
    Removing gd32f4xx_timer.o(.ARM.exidx.text.timer_prescaler_config), (8 bytes).
    Removing gd32f4xx_timer.o(.text.timer_repetition_value_config), (4 bytes).
    Removing gd32f4xx_timer.o(.ARM.exidx.text.timer_repetition_value_config), (8 bytes).
    Removing gd32f4xx_timer.o(.text.timer_autoreload_value_config), (4 bytes).
    Removing gd32f4xx_timer.o(.ARM.exidx.text.timer_autoreload_value_config), (8 bytes).
    Removing gd32f4xx_timer.o(.text.timer_counter_value_config), (4 bytes).
    Removing gd32f4xx_timer.o(.ARM.exidx.text.timer_counter_value_config), (8 bytes).
    Removing gd32f4xx_timer.o(.text.timer_counter_read), (4 bytes).
    Removing gd32f4xx_timer.o(.ARM.exidx.text.timer_counter_read), (8 bytes).
    Removing gd32f4xx_timer.o(.text.timer_prescaler_read), (6 bytes).
    Removing gd32f4xx_timer.o(.ARM.exidx.text.timer_prescaler_read), (8 bytes).
    Removing gd32f4xx_timer.o(.text.timer_single_pulse_mode_config), (30 bytes).
    Removing gd32f4xx_timer.o(.ARM.exidx.text.timer_single_pulse_mode_config), (8 bytes).
    Removing gd32f4xx_timer.o(.text.timer_update_source_config), (30 bytes).
    Removing gd32f4xx_timer.o(.ARM.exidx.text.timer_update_source_config), (8 bytes).
    Removing gd32f4xx_timer.o(.text.timer_dma_enable), (8 bytes).
    Removing gd32f4xx_timer.o(.ARM.exidx.text.timer_dma_enable), (8 bytes).
    Removing gd32f4xx_timer.o(.text.timer_dma_disable), (10 bytes).
    Removing gd32f4xx_timer.o(.ARM.exidx.text.timer_dma_disable), (8 bytes).
    Removing gd32f4xx_timer.o(.text.timer_channel_dma_request_source_select), (30 bytes).
    Removing gd32f4xx_timer.o(.ARM.exidx.text.timer_channel_dma_request_source_select), (8 bytes).
    Removing gd32f4xx_timer.o(.text.timer_dma_transfer_config), (24 bytes).
    Removing gd32f4xx_timer.o(.ARM.exidx.text.timer_dma_transfer_config), (8 bytes).
    Removing gd32f4xx_timer.o(.text.timer_event_software_generate), (8 bytes).
    Removing gd32f4xx_timer.o(.ARM.exidx.text.timer_event_software_generate), (8 bytes).
    Removing gd32f4xx_timer.o(.text.timer_break_struct_para_init), (12 bytes).
    Removing gd32f4xx_timer.o(.ARM.exidx.text.timer_break_struct_para_init), (8 bytes).
    Removing gd32f4xx_timer.o(.text.timer_break_config), (38 bytes).
    Removing gd32f4xx_timer.o(.ARM.exidx.text.timer_break_config), (8 bytes).
    Removing gd32f4xx_timer.o(.text.timer_break_enable), (10 bytes).
    Removing gd32f4xx_timer.o(.ARM.exidx.text.timer_break_enable), (8 bytes).
    Removing gd32f4xx_timer.o(.text.timer_break_disable), (10 bytes).
    Removing gd32f4xx_timer.o(.ARM.exidx.text.timer_break_disable), (8 bytes).
    Removing gd32f4xx_timer.o(.text.timer_automatic_output_enable), (10 bytes).
    Removing gd32f4xx_timer.o(.ARM.exidx.text.timer_automatic_output_enable), (8 bytes).
    Removing gd32f4xx_timer.o(.text.timer_automatic_output_disable), (10 bytes).
    Removing gd32f4xx_timer.o(.ARM.exidx.text.timer_automatic_output_disable), (8 bytes).
    Removing gd32f4xx_timer.o(.text.timer_primary_output_config), (18 bytes).
    Removing gd32f4xx_timer.o(.ARM.exidx.text.timer_primary_output_config), (8 bytes).
    Removing gd32f4xx_timer.o(.text.timer_channel_control_shadow_config), (16 bytes).
    Removing gd32f4xx_timer.o(.ARM.exidx.text.timer_channel_control_shadow_config), (8 bytes).
    Removing gd32f4xx_timer.o(.text.timer_channel_control_shadow_update_config), (30 bytes).
    Removing gd32f4xx_timer.o(.ARM.exidx.text.timer_channel_control_shadow_update_config), (8 bytes).
    Removing gd32f4xx_timer.o(.ARM.exidx.text.timer_channel_output_struct_para_init), (8 bytes).
    Removing gd32f4xx_timer.o(.ARM.exidx.text.timer_channel_output_config), (8 bytes).
    Removing gd32f4xx_timer.o(.ARM.exidx.text.timer_channel_output_mode_config), (8 bytes).
    Removing gd32f4xx_timer.o(.ARM.exidx.text.timer_channel_output_pulse_value_config), (8 bytes).
    Removing gd32f4xx_timer.o(.text.timer_channel_output_shadow_config), (56 bytes).
    Removing gd32f4xx_timer.o(.ARM.exidx.text.timer_channel_output_shadow_config), (8 bytes).
    Removing gd32f4xx_timer.o(.text.timer_channel_output_fast_config), (56 bytes).
    Removing gd32f4xx_timer.o(.ARM.exidx.text.timer_channel_output_fast_config), (8 bytes).
    Removing gd32f4xx_timer.o(.text.timer_channel_output_clear_config), (56 bytes).
    Removing gd32f4xx_timer.o(.ARM.exidx.text.timer_channel_output_clear_config), (8 bytes).
    Removing gd32f4xx_timer.o(.text.timer_channel_output_polarity_config), (68 bytes).
    Removing gd32f4xx_timer.o(.ARM.exidx.text.timer_channel_output_polarity_config), (8 bytes).
    Removing gd32f4xx_timer.o(.text.timer_channel_complementary_output_polarity_config), (56 bytes).
    Removing gd32f4xx_timer.o(.ARM.exidx.text.timer_channel_complementary_output_polarity_config), (8 bytes).
    Removing gd32f4xx_timer.o(.text.timer_channel_output_state_config), (68 bytes).
    Removing gd32f4xx_timer.o(.ARM.exidx.text.timer_channel_output_state_config), (8 bytes).
    Removing gd32f4xx_timer.o(.text.timer_channel_complementary_output_state_config), (56 bytes).
    Removing gd32f4xx_timer.o(.ARM.exidx.text.timer_channel_complementary_output_state_config), (8 bytes).
    Removing gd32f4xx_timer.o(.text.timer_channel_input_struct_para_init), (12 bytes).
    Removing gd32f4xx_timer.o(.ARM.exidx.text.timer_channel_input_struct_para_init), (8 bytes).
    Removing gd32f4xx_timer.o(.text.timer_input_capture_config), (344 bytes).
    Removing gd32f4xx_timer.o(.ARM.exidx.text.timer_input_capture_config), (8 bytes).
    Removing gd32f4xx_timer.o(.text.timer_channel_input_capture_prescaler_config), (56 bytes).
    Removing gd32f4xx_timer.o(.ARM.exidx.text.timer_channel_input_capture_prescaler_config), (8 bytes).
    Removing gd32f4xx_timer.o(.text.timer_channel_capture_value_register_read), (16 bytes).
    Removing gd32f4xx_timer.o(.ARM.exidx.text.timer_channel_capture_value_register_read), (8 bytes).
    Removing gd32f4xx_timer.o(.text.timer_input_pwm_capture_config), (354 bytes).
    Removing gd32f4xx_timer.o(.ARM.exidx.text.timer_input_pwm_capture_config), (8 bytes).
    Removing gd32f4xx_timer.o(.text.timer_hall_mode_config), (30 bytes).
    Removing gd32f4xx_timer.o(.ARM.exidx.text.timer_hall_mode_config), (8 bytes).
    Removing gd32f4xx_timer.o(.text.timer_input_trigger_source_select), (16 bytes).
    Removing gd32f4xx_timer.o(.ARM.exidx.text.timer_input_trigger_source_select), (8 bytes).
    Removing gd32f4xx_timer.o(.text.timer_master_output_trigger_source_select), (16 bytes).
    Removing gd32f4xx_timer.o(.ARM.exidx.text.timer_master_output_trigger_source_select), (8 bytes).
    Removing gd32f4xx_timer.o(.text.timer_slave_mode_select), (16 bytes).
    Removing gd32f4xx_timer.o(.ARM.exidx.text.timer_slave_mode_select), (8 bytes).
    Removing gd32f4xx_timer.o(.text.timer_master_slave_mode_config), (30 bytes).
    Removing gd32f4xx_timer.o(.ARM.exidx.text.timer_master_slave_mode_config), (8 bytes).
    Removing gd32f4xx_timer.o(.text.timer_external_trigger_config), (34 bytes).
    Removing gd32f4xx_timer.o(.ARM.exidx.text.timer_external_trigger_config), (8 bytes).
    Removing gd32f4xx_timer.o(.text.timer_quadrature_decoder_mode_config), (78 bytes).
    Removing gd32f4xx_timer.o(.ARM.exidx.text.timer_quadrature_decoder_mode_config), (8 bytes).
    Removing gd32f4xx_timer.o(.text.timer_internal_clock_config), (10 bytes).
    Removing gd32f4xx_timer.o(.ARM.exidx.text.timer_internal_clock_config), (8 bytes).
    Removing gd32f4xx_timer.o(.text.timer_internal_trigger_as_external_clock_config), (32 bytes).
    Removing gd32f4xx_timer.o(.ARM.exidx.text.timer_internal_trigger_as_external_clock_config), (8 bytes).
    Removing gd32f4xx_timer.o(.text.timer_external_trigger_as_external_clock_config), (152 bytes).
    Removing gd32f4xx_timer.o(.ARM.exidx.text.timer_external_trigger_as_external_clock_config), (8 bytes).
    Removing gd32f4xx_timer.o(.text.timer_external_clock_mode0_config), (50 bytes).
    Removing gd32f4xx_timer.o(.ARM.exidx.text.timer_external_clock_mode0_config), (8 bytes).
    Removing gd32f4xx_timer.o(.text.timer_external_clock_mode1_config), (42 bytes).
    Removing gd32f4xx_timer.o(.ARM.exidx.text.timer_external_clock_mode1_config), (8 bytes).
    Removing gd32f4xx_timer.o(.text.timer_external_clock_mode1_disable), (10 bytes).
    Removing gd32f4xx_timer.o(.ARM.exidx.text.timer_external_clock_mode1_disable), (8 bytes).
    Removing gd32f4xx_timer.o(.text.timer_channel_remap_config), (4 bytes).
    Removing gd32f4xx_timer.o(.ARM.exidx.text.timer_channel_remap_config), (8 bytes).
    Removing gd32f4xx_timer.o(.text.timer_write_chxval_register_config), (36 bytes).
    Removing gd32f4xx_timer.o(.ARM.exidx.text.timer_write_chxval_register_config), (8 bytes).
    Removing gd32f4xx_timer.o(.text.timer_output_value_selection_config), (36 bytes).
    Removing gd32f4xx_timer.o(.ARM.exidx.text.timer_output_value_selection_config), (8 bytes).
    Removing gd32f4xx_timer.o(.text.timer_flag_get), (10 bytes).
    Removing gd32f4xx_timer.o(.ARM.exidx.text.timer_flag_get), (8 bytes).
    Removing gd32f4xx_timer.o(.text.timer_flag_clear), (6 bytes).
    Removing gd32f4xx_timer.o(.ARM.exidx.text.timer_flag_clear), (8 bytes).
    Removing gd32f4xx_timer.o(.text.timer_interrupt_enable), (8 bytes).
    Removing gd32f4xx_timer.o(.ARM.exidx.text.timer_interrupt_enable), (8 bytes).
    Removing gd32f4xx_timer.o(.text.timer_interrupt_disable), (10 bytes).
    Removing gd32f4xx_timer.o(.ARM.exidx.text.timer_interrupt_disable), (8 bytes).
    Removing gd32f4xx_timer.o(.text.timer_interrupt_flag_get), (22 bytes).
    Removing gd32f4xx_timer.o(.ARM.exidx.text.timer_interrupt_flag_get), (8 bytes).
    Removing gd32f4xx_timer.o(.text.timer_interrupt_flag_clear), (6 bytes).
    Removing gd32f4xx_timer.o(.ARM.exidx.text.timer_interrupt_flag_clear), (8 bytes).
    Removing gd32f4xx_dma.o(.text), (0 bytes).
    Removing gd32f4xx_dma.o(.ARM.exidx.text.dma_deinit), (8 bytes).
    Removing gd32f4xx_dma.o(.ARM.exidx.text.dma_single_data_para_struct_init), (8 bytes).
    Removing gd32f4xx_dma.o(.text.dma_multi_data_para_struct_init), (30 bytes).
    Removing gd32f4xx_dma.o(.ARM.exidx.text.dma_multi_data_para_struct_init), (8 bytes).
    Removing gd32f4xx_dma.o(.ARM.exidx.text.dma_single_data_mode_init), (8 bytes).
    Removing gd32f4xx_dma.o(.text.dma_multi_data_mode_init), (146 bytes).
    Removing gd32f4xx_dma.o(.ARM.exidx.text.dma_multi_data_mode_init), (8 bytes).
    Removing gd32f4xx_dma.o(.text.dma_periph_address_config), (12 bytes).
    Removing gd32f4xx_dma.o(.ARM.exidx.text.dma_periph_address_config), (8 bytes).
    Removing gd32f4xx_dma.o(.text.dma_memory_address_config), (20 bytes).
    Removing gd32f4xx_dma.o(.ARM.exidx.text.dma_memory_address_config), (8 bytes).
    Removing gd32f4xx_dma.o(.text.dma_transfer_number_config), (12 bytes).
    Removing gd32f4xx_dma.o(.ARM.exidx.text.dma_transfer_number_config), (8 bytes).
    Removing gd32f4xx_dma.o(.ARM.exidx.text.dma_transfer_number_get), (8 bytes).
    Removing gd32f4xx_dma.o(.text.dma_priority_config), (20 bytes).
    Removing gd32f4xx_dma.o(.ARM.exidx.text.dma_priority_config), (8 bytes).
    Removing gd32f4xx_dma.o(.text.dma_memory_burst_beats_config), (20 bytes).
    Removing gd32f4xx_dma.o(.ARM.exidx.text.dma_memory_burst_beats_config), (8 bytes).
    Removing gd32f4xx_dma.o(.text.dma_periph_burst_beats_config), (20 bytes).
    Removing gd32f4xx_dma.o(.ARM.exidx.text.dma_periph_burst_beats_config), (8 bytes).
    Removing gd32f4xx_dma.o(.text.dma_memory_width_config), (20 bytes).
    Removing gd32f4xx_dma.o(.ARM.exidx.text.dma_memory_width_config), (8 bytes).
    Removing gd32f4xx_dma.o(.text.dma_periph_width_config), (20 bytes).
    Removing gd32f4xx_dma.o(.ARM.exidx.text.dma_periph_width_config), (8 bytes).
    Removing gd32f4xx_dma.o(.text.dma_memory_address_generation_config), (26 bytes).
    Removing gd32f4xx_dma.o(.ARM.exidx.text.dma_memory_address_generation_config), (8 bytes).
    Removing gd32f4xx_dma.o(.text.dma_peripheral_address_generation_config), (52 bytes).
    Removing gd32f4xx_dma.o(.ARM.exidx.text.dma_peripheral_address_generation_config), (8 bytes).
    Removing gd32f4xx_dma.o(.text.dma_circulation_enable), (18 bytes).
    Removing gd32f4xx_dma.o(.ARM.exidx.text.dma_circulation_enable), (8 bytes).
    Removing gd32f4xx_dma.o(.text.dma_circulation_disable), (18 bytes).
    Removing gd32f4xx_dma.o(.ARM.exidx.text.dma_circulation_disable), (8 bytes).
    Removing gd32f4xx_dma.o(.ARM.exidx.text.dma_channel_enable), (8 bytes).
    Removing gd32f4xx_dma.o(.ARM.exidx.text.dma_channel_disable), (8 bytes).
    Removing gd32f4xx_dma.o(.text.dma_transfer_direction_config), (20 bytes).
    Removing gd32f4xx_dma.o(.ARM.exidx.text.dma_transfer_direction_config), (8 bytes).
    Removing gd32f4xx_dma.o(.text.dma_switch_buffer_mode_config), (28 bytes).
    Removing gd32f4xx_dma.o(.ARM.exidx.text.dma_switch_buffer_mode_config), (8 bytes).
    Removing gd32f4xx_dma.o(.text.dma_using_memory_get), (16 bytes).
    Removing gd32f4xx_dma.o(.ARM.exidx.text.dma_using_memory_get), (8 bytes).
    Removing gd32f4xx_dma.o(.ARM.exidx.text.dma_channel_subperipheral_select), (8 bytes).
    Removing gd32f4xx_dma.o(.text.dma_flow_controller_config), (24 bytes).
    Removing gd32f4xx_dma.o(.ARM.exidx.text.dma_flow_controller_config), (8 bytes).
    Removing gd32f4xx_dma.o(.text.dma_switch_buffer_mode_enable), (26 bytes).
    Removing gd32f4xx_dma.o(.ARM.exidx.text.dma_switch_buffer_mode_enable), (8 bytes).
    Removing gd32f4xx_dma.o(.text.dma_fifo_status_get), (16 bytes).
    Removing gd32f4xx_dma.o(.ARM.exidx.text.dma_fifo_status_get), (8 bytes).
    Removing gd32f4xx_dma.o(.text.dma_flag_get), (40 bytes).
    Removing gd32f4xx_dma.o(.ARM.exidx.text.dma_flag_get), (8 bytes).
    Removing gd32f4xx_dma.o(.ARM.exidx.text.dma_flag_clear), (8 bytes).
    Removing gd32f4xx_dma.o(.text.dma_interrupt_enable), (26 bytes).
    Removing gd32f4xx_dma.o(.ARM.exidx.text.dma_interrupt_enable), (8 bytes).
    Removing gd32f4xx_dma.o(.text.dma_interrupt_disable), (28 bytes).
    Removing gd32f4xx_dma.o(.ARM.exidx.text.dma_interrupt_disable), (8 bytes).
    Removing gd32f4xx_dma.o(.text.dma_interrupt_flag_get), (302 bytes).
    Removing gd32f4xx_dma.o(.ARM.exidx.text.dma_interrupt_flag_get), (8 bytes).
    Removing gd32f4xx_dma.o(.text.dma_interrupt_flag_clear), (54 bytes).
    Removing gd32f4xx_dma.o(.ARM.exidx.text.dma_interrupt_flag_clear), (8 bytes).
    Removing usart0.o(.text), (0 bytes).
    Removing usart0.o(.ARM.exidx.text.USART0_init), (8 bytes).
    Removing usart0.o(.text.USART0_send_data), (34 bytes).
    Removing usart0.o(.ARM.exidx.text.USART0_send_data), (8 bytes).
    Removing usart0.o(.text.USART0_send_array), (58 bytes).
    Removing usart0.o(.ARM.exidx.text.USART0_send_array), (8 bytes).
    Removing usart0.o(.text.USART0_send_string), (58 bytes).
    Removing usart0.o(.ARM.exidx.text.USART0_send_string), (8 bytes).
    Removing usart0.o(.text.USART0_dma_send_data), (34 bytes).
    Removing usart0.o(.ARM.exidx.text.USART0_dma_send_data), (8 bytes).
    Removing usart0.o(.text.USART0_dma_send_array), (72 bytes).
    Removing usart0.o(.ARM.exidx.text.USART0_dma_send_array), (8 bytes).
    Removing usart0.o(.text.USART0_dma_send_string), (58 bytes).
    Removing usart0.o(.ARM.exidx.text.USART0_dma_send_string), (8 bytes).
    Removing usart0.o(.ARM.exidx.text.fputc), (8 bytes).
    Removing usart0.o(.ARM.exidx.text.USART0_IRQHandler), (8 bytes).
    Removing exti.o(.text), (0 bytes).
    Removing exti.o(.text.EXTI_init), (2 bytes).
    Removing exti.o(.ARM.exidx.text.EXTI_init), (8 bytes).
    Removing exti.o(.ARM.exidx.text.EXTI5_9_IRQHandler), (8 bytes).
    Removing timer.o(.text), (0 bytes).
    Removing timer.o(.ARM.exidx.text.TIMER_init), (8 bytes).
    Removing timer.o(.ARM.exidx.text.TIMER_channel_update), (8 bytes).
    Removing timer.o(.text.TIMER_period_update), (30 bytes).
    Removing timer.o(.ARM.exidx.text.TIMER_period_update), (8 bytes).
    Removing bsp_servo.o(.text), (0 bytes).
    Removing bsp_servo.o(.ARM.exidx.text.Servo_init), (8 bytes).
    Removing bsp_servo.o(.ARM.exidx.text.Servo_set_angle), (8 bytes).
    Removing bsp_servo.o(.ARM.exidx.text.Servo_get_angle), (8 bytes).
    Removing bsp_keys.o(.text), (0 bytes).
    Removing bsp_keys.o(.ARM.exidx.text.Keys_init), (8 bytes).
    Removing bsp_keys.o(.ARM.exidx.text.Keys_scan), (8 bytes).

524 unused section(s) (total 10560 bytes) removed from the image.

==============================================================================

Image Symbol Table

    Local Symbols

    Symbol Name                              Value     Ov Type        Size  Object(Section)

    ../Firmware/CMSIS/GD/GD32F4xx/Source/ARM/startup_gd32f407_427.s 0x00000000   Number         0  startup_gd32f407_427.o ABSOLUTE
    ../clib/division.s                       0x00000000   Number         0  aeabi_sdiv.o ABSOLUTE
    ../clib/microlib/division.c              0x00000000   Number         0  uidiv.o ABSOLUTE
    ../clib/microlib/division.c              0x00000000   Number         0  uldiv.o ABSOLUTE
    ../clib/microlib/init/entry.s            0x00000000   Number         0  entry.o ABSOLUTE
    ../clib/microlib/init/entry.s            0x00000000   Number         0  entry2.o ABSOLUTE
    ../clib/microlib/init/entry.s            0x00000000   Number         0  entry5.o ABSOLUTE
    ../clib/microlib/init/entry.s            0x00000000   Number         0  entry7a.o ABSOLUTE
    ../clib/microlib/init/entry.s            0x00000000   Number         0  entry7b.o ABSOLUTE
    ../clib/microlib/init/entry.s            0x00000000   Number         0  entry8a.o ABSOLUTE
    ../clib/microlib/init/entry.s            0x00000000   Number         0  entry8b.o ABSOLUTE
    ../clib/microlib/init/entry.s            0x00000000   Number         0  entry9a.o ABSOLUTE
    ../clib/microlib/init/entry.s            0x00000000   Number         0  entry9b.o ABSOLUTE
    ../clib/microlib/init/entry.s            0x00000000   Number         0  entry10a.o ABSOLUTE
    ../clib/microlib/init/entry.s            0x00000000   Number         0  entry10b.o ABSOLUTE
    ../clib/microlib/init/entry.s            0x00000000   Number         0  entry11a.o ABSOLUTE
    ../clib/microlib/init/entry.s            0x00000000   Number         0  entry11b.o ABSOLUTE
    ../clib/microlib/longlong.c              0x00000000   Number         0  llshl.o ABSOLUTE
    ../clib/microlib/longlong.c              0x00000000   Number         0  llushr.o ABSOLUTE
    ../clib/microlib/longlong.c              0x00000000   Number         0  llsshr.o ABSOLUTE
    ../clib/microlib/printf/printf.c         0x00000000   Number         0  printfb.o ABSOLUTE
    ../clib/microlib/printf/printf.c         0x00000000   Number         0  printf0.o ABSOLUTE
    ../clib/microlib/printf/printf.c         0x00000000   Number         0  printf1.o ABSOLUTE
    ../clib/microlib/printf/printf.c         0x00000000   Number         0  printf2.o ABSOLUTE
    ../clib/microlib/printf/printf.c         0x00000000   Number         0  printf3.o ABSOLUTE
    ../clib/microlib/printf/printf.c         0x00000000   Number         0  printf4.o ABSOLUTE
    ../clib/microlib/printf/printf.c         0x00000000   Number         0  printf5.o ABSOLUTE
    ../clib/microlib/printf/printf.c         0x00000000   Number         0  printf6.o ABSOLUTE
    ../clib/microlib/printf/printf.c         0x00000000   Number         0  printf7.o ABSOLUTE
    ../clib/microlib/printf/printf.c         0x00000000   Number         0  printf8.o ABSOLUTE
    ../clib/microlib/printf/printf.c         0x00000000   Number         0  printfa.o ABSOLUTE
    ../clib/microlib/printf/stubs.s          0x00000000   Number         0  printfstubs.o ABSOLUTE
    ../clib/microlib/stdio/puts.c            0x00000000   Number         0  puts.o ABSOLUTE
    ../clib/microlib/stdio/puts.c            0x00000000   Number         0  puts_e.o ABSOLUTE
    ../clib/microlib/stdio/streams.c         0x00000000   Number         0  stdout.o ABSOLUTE
    ../clib/microlib/string/strlen.c         0x00000000   Number         0  strlen.o ABSOLUTE
    ../clib/microlib/stubs.s                 0x00000000   Number         0  iusefp.o ABSOLUTE
    ../fplib/microlib/d2f.c                  0x00000000   Number         0  d2f.o ABSOLUTE
    ../fplib/microlib/f2d.c                  0x00000000   Number         0  f2d.o ABSOLUTE
    ../fplib/microlib/fpadd.c                0x00000000   Number         0  dadd.o ABSOLUTE
    ../fplib/microlib/fpdiv.c                0x00000000   Number         0  ddiv.o ABSOLUTE
    ../fplib/microlib/fpepilogue.c           0x00000000   Number         0  fepilogue.o ABSOLUTE
    ../fplib/microlib/fpepilogue.c           0x00000000   Number         0  depilogue.o ABSOLUTE
    ../fplib/microlib/fpfix.c                0x00000000   Number         0  dfixul.o ABSOLUTE
    ../fplib/microlib/fpmul.c                0x00000000   Number         0  dmul.o ABSOLUTE
    EXTI.c                                   0x00000000   Number         0  exti.o ABSOLUTE
    TIMER.c                                  0x00000000   Number         0  timer.o ABSOLUTE
    USART0.c                                 0x00000000   Number         0  usart0.o ABSOLUTE
    bsp_keys.c                               0x00000000   Number         0  bsp_keys.o ABSOLUTE
    bsp_servo.c                              0x00000000   Number         0  bsp_servo.o ABSOLUTE
    cdrcmple.s                               0x00000000   Number         0  cdrcmple.o ABSOLUTE
    dc.s                                     0x00000000   Number         0  dc.o ABSOLUTE
    gd32f4xx_dma.c                           0x00000000   Number         0  gd32f4xx_dma.o ABSOLUTE
    gd32f4xx_exti.c                          0x00000000   Number         0  gd32f4xx_exti.o ABSOLUTE
    gd32f4xx_gpio.c                          0x00000000   Number         0  gd32f4xx_gpio.o ABSOLUTE
    gd32f4xx_it.c                            0x00000000   Number         0  gd32f4xx_it.o ABSOLUTE
    gd32f4xx_misc.c                          0x00000000   Number         0  gd32f4xx_misc.o ABSOLUTE
    gd32f4xx_rcu.c                           0x00000000   Number         0  gd32f4xx_rcu.o ABSOLUTE
    gd32f4xx_syscfg.c                        0x00000000   Number         0  gd32f4xx_syscfg.o ABSOLUTE
    gd32f4xx_timer.c                         0x00000000   Number         0  gd32f4xx_timer.o ABSOLUTE
    gd32f4xx_usart.c                         0x00000000   Number         0  gd32f4xx_usart.o ABSOLUTE
    handlers.s                               0x00000000   Number         0  handlers.o ABSOLUTE
    init.s                                   0x00000000   Number         0  init.o ABSOLUTE
    main.c                                   0x00000000   Number         0  main.o ABSOLUTE
    system_gd32f4xx.c                        0x00000000   Number         0  system_gd32f4xx.o ABSOLUTE
    systick.c                                0x00000000   Number         0  systick.o ABSOLUTE
    RESET                                    0x08000000   Section      392  startup_gd32f407_427.o(RESET)
    .ARM.Collect$$$$00000000                 0x08000188   Section        0  entry.o(.ARM.Collect$$$$00000000)
    .ARM.Collect$$$$00000001                 0x08000188   Section        4  entry2.o(.ARM.Collect$$$$00000001)
    .ARM.Collect$$$$00000004                 0x0800018c   Section        4  entry5.o(.ARM.Collect$$$$00000004)
    .ARM.Collect$$$$00000008                 0x08000190   Section        0  entry7b.o(.ARM.Collect$$$$00000008)
    .ARM.Collect$$$$0000000A                 0x08000190   Section        0  entry8b.o(.ARM.Collect$$$$0000000A)
    .ARM.Collect$$$$0000000B                 0x08000190   Section        8  entry9a.o(.ARM.Collect$$$$0000000B)
    __lit__00000000                          0x08000198   Data           4  entry2.o(.ARM.Collect$$$$00002712)
    .ARM.Collect$$$$0000000D                 0x08000198   Section        0  entry10a.o(.ARM.Collect$$$$0000000D)
    .ARM.Collect$$$$0000000F                 0x08000198   Section        0  entry11a.o(.ARM.Collect$$$$0000000F)
    .ARM.Collect$$$$00002712                 0x08000198   Section        4  entry2.o(.ARM.Collect$$$$00002712)
    $v0                                      0x0800019c   Number         0  startup_gd32f407_427.o(.text)
    .text                                    0x0800019c   Section       36  startup_gd32f407_427.o(.text)
    .text                                    0x080001c0   Section        0  dmul.o(.text)
    .text                                    0x080002a4   Section        0  f2d.o(.text)
    .text                                    0x080002ca   Section        0  d2f.o(.text)
    .text                                    0x08000302   Section        0  uidiv.o(.text)
    .text                                    0x0800032e   Section        0  uldiv.o(.text)
    .text                                    0x08000390   Section        0  iusefp.o(.text)
    .text                                    0x08000390   Section        0  fepilogue.o(.text)
    .text                                    0x080003fe   Section        0  depilogue.o(.text)
    .text                                    0x080004b8   Section        0  dadd.o(.text)
    .text                                    0x08000606   Section        0  ddiv.o(.text)
    .text                                    0x080006e4   Section        0  dfixul.o(.text)
    .text                                    0x08000714   Section       48  cdrcmple.o(.text)
    .text                                    0x08000744   Section       48  init.o(.text)
    .text                                    0x08000774   Section        0  llshl.o(.text)
    .text                                    0x08000792   Section        0  llushr.o(.text)
    .text                                    0x080007b2   Section        0  llsshr.o(.text)
    [Anonymous Symbol]                       0x080007d8   Section        0  gd32f4xx_it.o(.text.BusFault_Handler)
    [Anonymous Symbol]                       0x080007dc   Section        0  gd32f4xx_it.o(.text.DebugMon_Handler)
    [Anonymous Symbol]                       0x080007e0   Section        0  exti.o(.text.EXTI5_9_IRQHandler)
    [Anonymous Symbol]                       0x080007e4   Section        0  gd32f4xx_it.o(.text.HardFault_Handler)
    [Anonymous Symbol]                       0x080007e8   Section        0  bsp_keys.o(.text.Keys_init)
    [Anonymous Symbol]                       0x08000808   Section        0  main.o(.text.Keys_on_keydown)
    [Anonymous Symbol]                       0x08000858   Section        0  main.o(.text.Keys_on_keyup)
    [Anonymous Symbol]                       0x0800085c   Section        0  bsp_keys.o(.text.Keys_scan)
    [Anonymous Symbol]                       0x08000914   Section        0  gd32f4xx_it.o(.text.MemManage_Handler)
    [Anonymous Symbol]                       0x08000918   Section        0  gd32f4xx_it.o(.text.NMI_Handler)
    [Anonymous Symbol]                       0x0800091c   Section        0  gd32f4xx_it.o(.text.PendSV_Handler)
    [Anonymous Symbol]                       0x08000920   Section        0  gd32f4xx_it.o(.text.SVC_Handler)
    [Anonymous Symbol]                       0x08000924   Section        0  bsp_servo.o(.text.Servo_get_angle)
    [Anonymous Symbol]                       0x08000934   Section        0  bsp_servo.o(.text.Servo_init)
    [Anonymous Symbol]                       0x08000938   Section        0  bsp_servo.o(.text.Servo_set_angle)
    [Anonymous Symbol]                       0x080009e0   Section        0  gd32f4xx_it.o(.text.SysTick_Handler)
    [Anonymous Symbol]                       0x080009e4   Section        0  system_gd32f4xx.o(.text.SystemInit)
    [Anonymous Symbol]                       0x08000b3c   Section        0  timer.o(.text.TIMER_channel_update)
    [Anonymous Symbol]                       0x08000b84   Section        0  timer.o(.text.TIMER_init)
    [Anonymous Symbol]                       0x08000c38   Section        0  usart0.o(.text.USART0_IRQHandler)
    [Anonymous Symbol]                       0x08000ca4   Section        0  usart0.o(.text.USART0_init)
    [Anonymous Symbol]                       0x08000e34   Section        0  main.o(.text.USART0_on_recv)
    [Anonymous Symbol]                       0x08000e4c   Section        0  gd32f4xx_it.o(.text.UsageFault_Handler)
    [Anonymous Symbol]                       0x08000e50   Section        0  systick.o(.text.delay_1ms)
    [Anonymous Symbol]                       0x08000e68   Section        0  systick.o(.text.delay_decrement)
    [Anonymous Symbol]                       0x08000e90   Section        0  gd32f4xx_dma.o(.text.dma_channel_disable)
    [Anonymous Symbol]                       0x08000ea4   Section        0  gd32f4xx_dma.o(.text.dma_channel_enable)
    [Anonymous Symbol]                       0x08000eb8   Section        0  gd32f4xx_dma.o(.text.dma_channel_subperipheral_select)
    [Anonymous Symbol]                       0x08000ed0   Section        0  gd32f4xx_dma.o(.text.dma_deinit)
    [Anonymous Symbol]                       0x08000f20   Section        0  gd32f4xx_dma.o(.text.dma_flag_clear)
    [Anonymous Symbol]                       0x08000f58   Section        0  gd32f4xx_dma.o(.text.dma_single_data_mode_init)
    [Anonymous Symbol]                       0x08000fe0   Section        0  gd32f4xx_dma.o(.text.dma_single_data_para_struct_init)
    [Anonymous Symbol]                       0x08000ff8   Section        0  gd32f4xx_dma.o(.text.dma_transfer_number_get)
    [Anonymous Symbol]                       0x08001004   Section        0  usart0.o(.text.fputc)
    [Anonymous Symbol]                       0x08001028   Section        0  gd32f4xx_gpio.o(.text.gpio_af_set)
    [Anonymous Symbol]                       0x08001098   Section        0  gd32f4xx_gpio.o(.text.gpio_input_bit_get)
    [Anonymous Symbol]                       0x080010a4   Section        0  gd32f4xx_gpio.o(.text.gpio_mode_set)
    [Anonymous Symbol]                       0x080010f8   Section        0  gd32f4xx_gpio.o(.text.gpio_output_options_set)
    [Anonymous Symbol]                       0x08001140   Section        0  main.o(.text.main)
    [Anonymous Symbol]                       0x08001188   Section        0  gd32f4xx_misc.o(.text.nvic_irq_enable)
    [Anonymous Symbol]                       0x08001230   Section        0  gd32f4xx_misc.o(.text.nvic_priority_group_set)
    [Anonymous Symbol]                       0x08001244   Section        0  gd32f4xx_rcu.o(.text.rcu_clock_freq_get)
    [Anonymous Symbol]                       0x08001300   Section        0  gd32f4xx_rcu.o(.text.rcu_periph_clock_enable)
    [Anonymous Symbol]                       0x08001320   Section        0  gd32f4xx_rcu.o(.text.rcu_periph_reset_disable)
    [Anonymous Symbol]                       0x08001340   Section        0  gd32f4xx_rcu.o(.text.rcu_periph_reset_enable)
    [Anonymous Symbol]                       0x08001360   Section        0  gd32f4xx_rcu.o(.text.rcu_timer_clock_prescaler_config)
    [Anonymous Symbol]                       0x08001384   Section        0  systick.o(.text.systick_config)
    [Anonymous Symbol]                       0x080013d0   Section        0  gd32f4xx_timer.o(.text.timer_channel_output_config)
    [Anonymous Symbol]                       0x080015cc   Section        0  gd32f4xx_timer.o(.text.timer_channel_output_mode_config)
    [Anonymous Symbol]                       0x08001604   Section        0  gd32f4xx_timer.o(.text.timer_channel_output_pulse_value_config)
    [Anonymous Symbol]                       0x08001614   Section        0  gd32f4xx_timer.o(.text.timer_channel_output_struct_para_init)
    [Anonymous Symbol]                       0x08001620   Section        0  gd32f4xx_timer.o(.text.timer_deinit)
    [Anonymous Symbol]                       0x08001768   Section        0  gd32f4xx_timer.o(.text.timer_enable)
    [Anonymous Symbol]                       0x08001774   Section        0  gd32f4xx_timer.o(.text.timer_init)
    [Anonymous Symbol]                       0x08001820   Section        0  gd32f4xx_timer.o(.text.timer_struct_para_init)
    [Anonymous Symbol]                       0x08001830   Section        0  gd32f4xx_usart.o(.text.usart_baudrate_set)
    [Anonymous Symbol]                       0x080018f0   Section        0  gd32f4xx_usart.o(.text.usart_data_first_config)
    [Anonymous Symbol]                       0x08001900   Section        0  gd32f4xx_usart.o(.text.usart_data_receive)
    [Anonymous Symbol]                       0x08001908   Section        0  gd32f4xx_usart.o(.text.usart_data_transmit)
    [Anonymous Symbol]                       0x08001910   Section        0  gd32f4xx_usart.o(.text.usart_deinit)
    [Anonymous Symbol]                       0x080019d8   Section        0  gd32f4xx_usart.o(.text.usart_dma_receive_config)
    [Anonymous Symbol]                       0x080019ec   Section        0  gd32f4xx_usart.o(.text.usart_dma_transmit_config)
    [Anonymous Symbol]                       0x08001a00   Section        0  gd32f4xx_usart.o(.text.usart_enable)
    [Anonymous Symbol]                       0x08001a0c   Section        0  gd32f4xx_usart.o(.text.usart_flag_get)
    [Anonymous Symbol]                       0x08001a1c   Section        0  gd32f4xx_usart.o(.text.usart_interrupt_enable)
    [Anonymous Symbol]                       0x08001a34   Section        0  gd32f4xx_usart.o(.text.usart_interrupt_flag_get)
    [Anonymous Symbol]                       0x08001a58   Section        0  gd32f4xx_usart.o(.text.usart_parity_config)
    [Anonymous Symbol]                       0x08001a68   Section        0  gd32f4xx_usart.o(.text.usart_receive_config)
    [Anonymous Symbol]                       0x08001a74   Section        0  gd32f4xx_usart.o(.text.usart_stop_bit_set)
    [Anonymous Symbol]                       0x08001a84   Section        0  gd32f4xx_usart.o(.text.usart_transmit_config)
    [Anonymous Symbol]                       0x08001a90   Section        0  gd32f4xx_usart.o(.text.usart_word_length_set)
    i.__0printf                              0x08001aa0   Section        0  printfa.o(i.__0printf)
    i.__scatterload_copy                     0x08001ac0   Section       14  handlers.o(i.__scatterload_copy)
    i.__scatterload_null                     0x08001ace   Section        2  handlers.o(i.__scatterload_null)
    i.__scatterload_zeroinit                 0x08001ad0   Section       14  handlers.o(i.__scatterload_zeroinit)
    _fp_digits                               0x08001ae1   Thumb Code   366  printfa.o(i._fp_digits)
    i._fp_digits                             0x08001ae0   Section        0  printfa.o(i._fp_digits)
    _printf_core                             0x08001c65   Thumb Code  1744  printfa.o(i._printf_core)
    i._printf_core                           0x08001c64   Section        0  printfa.o(i._printf_core)
    _printf_post_padding                     0x08002341   Thumb Code    36  printfa.o(i._printf_post_padding)
    i._printf_post_padding                   0x08002340   Section        0  printfa.o(i._printf_post_padding)
    _printf_pre_padding                      0x08002365   Thumb Code    46  printfa.o(i._printf_pre_padding)
    i._printf_pre_padding                    0x08002364   Section        0  printfa.o(i._printf_pre_padding)
    i.puts                                   0x08002394   Section        0  puts.o(i.puts)
    .L__const.rcu_clock_freq_get.apb2_exp    0x080023b8   Data           8  gd32f4xx_rcu.o(.rodata.cst8)
    .data                                    0x20000000   Section        4  stdout.o(.data)
    current_angle                            0x20000010   Data           4  bsp_servo.o(.bss.current_angle)
    [Anonymous Symbol]                       0x20000010   Section        0  bsp_servo.o(.bss.current_angle)
    delay                                    0x20000014   Data           4  systick.o(.bss.delay)
    [Anonymous Symbol]                       0x20000014   Section        0  systick.o(.bss.delay)
    tick_us                                  0x2000041c   Data           4  systick.o(.bss.tick_us)
    [Anonymous Symbol]                       0x2000041c   Section        0  systick.o(.bss.tick_us)
    STACK                                    0x20000420   Section     1024  startup_gd32f407_427.o(STACK)

    Global Symbols

    Symbol Name                              Value     Ov Type        Size  Object(Section)

    BuildAttributes$$THM_ISAv4$E$P$D$K$B$S$7EM$VFPi3$EXTD16$VFPS$VFMA$PE$A:L22UL41UL21$X:L11$S22US41US21$IEEE1$IW$~IW$USESV6$~STKCKD$USESV7$~SHL$OTIME$ROPI$EBA8$MICROLIB$REQ8$PRES8$EABIv2 0x00000000   Number         0  anon$$obj.o ABSOLUTE
    _printf_a                                0x00000000   Number         0  printfstubs.o ABSOLUTE
    _printf_c                                0x00000000   Number         0  printfstubs.o ABSOLUTE
    _printf_charcount                        0x00000000   Number         0  printfstubs.o ABSOLUTE
    _printf_d                                0x00000000   Number         0  printfstubs.o ABSOLUTE
    _printf_e                                0x00000000   Number         0  printfstubs.o ABSOLUTE
    _printf_f                                0x00000000   Number         0  printfstubs.o ABSOLUTE
    _printf_flags                            0x00000000   Number         0  printfstubs.o ABSOLUTE
    _printf_fp_dec                           0x00000000   Number         0  printfstubs.o ABSOLUTE
    _printf_fp_hex                           0x00000000   Number         0  printfstubs.o ABSOLUTE
    _printf_g                                0x00000000   Number         0  printfstubs.o ABSOLUTE
    _printf_i                                0x00000000   Number         0  printfstubs.o ABSOLUTE
    _printf_int_dec                          0x00000000   Number         0  printfstubs.o ABSOLUTE
    _printf_l                                0x00000000   Number         0  printfstubs.o ABSOLUTE
    _printf_lc                               0x00000000   Number         0  printfstubs.o ABSOLUTE
    _printf_ll                               0x00000000   Number         0  printfstubs.o ABSOLUTE
    _printf_lld                              0x00000000   Number         0  printfstubs.o ABSOLUTE
    _printf_lli                              0x00000000   Number         0  printfstubs.o ABSOLUTE
    _printf_llo                              0x00000000   Number         0  printfstubs.o ABSOLUTE
    _printf_llu                              0x00000000   Number         0  printfstubs.o ABSOLUTE
    _printf_llx                              0x00000000   Number         0  printfstubs.o ABSOLUTE
    _printf_longlong_dec                     0x00000000   Number         0  printfstubs.o ABSOLUTE
    _printf_longlong_hex                     0x00000000   Number         0  printfstubs.o ABSOLUTE
    _printf_longlong_oct                     0x00000000   Number         0  printfstubs.o ABSOLUTE
    _printf_ls                               0x00000000   Number         0  printfstubs.o ABSOLUTE
    _printf_mbtowc                           0x00000000   Number         0  printfstubs.o ABSOLUTE
    _printf_n                                0x00000000   Number         0  printfstubs.o ABSOLUTE
    _printf_o                                0x00000000   Number         0  printfstubs.o ABSOLUTE
    _printf_p                                0x00000000   Number         0  printfstubs.o ABSOLUTE
    _printf_percent                          0x00000000   Number         0  printfstubs.o ABSOLUTE
    _printf_pre_padding                      0x00000000   Number         0  printfstubs.o ABSOLUTE
    _printf_return_value                     0x00000000   Number         0  printfstubs.o ABSOLUTE
    _printf_s                                0x00000000   Number         0  printfstubs.o ABSOLUTE
    _printf_sizespec                         0x00000000   Number         0  printfstubs.o ABSOLUTE
    _printf_str                              0x00000000   Number         0  printfstubs.o ABSOLUTE
    _printf_truncate_signed                  0x00000000   Number         0  printfstubs.o ABSOLUTE
    _printf_truncate_unsigned                0x00000000   Number         0  printfstubs.o ABSOLUTE
    _printf_u                                0x00000000   Number         0  printfstubs.o ABSOLUTE
    _printf_wc                               0x00000000   Number         0  printfstubs.o ABSOLUTE
    _printf_wctomb                           0x00000000   Number         0  printfstubs.o ABSOLUTE
    _printf_widthprec                        0x00000000   Number         0  printfstubs.o ABSOLUTE
    _printf_x                                0x00000000   Number         0  printfstubs.o ABSOLUTE
    __cpp_initialize__aeabi_                  - Undefined Weak Reference
    __cxa_finalize                            - Undefined Weak Reference
    __decompress                              - Undefined Weak Reference
    _clock_init                               - Undefined Weak Reference
    _microlib_exit                            - Undefined Weak Reference
    __Vectors_Size                           0x00000188   Number         0  startup_gd32f407_427.o ABSOLUTE
    __Vectors                                0x08000000   Data           4  startup_gd32f407_427.o(RESET)
    __Vectors_End                            0x08000188   Data           0  startup_gd32f407_427.o(RESET)
    __main                                   0x08000189   Thumb Code     0  entry.o(.ARM.Collect$$$$00000000)
    _main_stk                                0x08000189   Thumb Code     0  entry2.o(.ARM.Collect$$$$00000001)
    _main_scatterload                        0x0800018d   Thumb Code     0  entry5.o(.ARM.Collect$$$$00000004)
    __main_after_scatterload                 0x08000191   Thumb Code     0  entry5.o(.ARM.Collect$$$$00000004)
    _main_clock                              0x08000191   Thumb Code     0  entry7b.o(.ARM.Collect$$$$00000008)
    _main_cpp_init                           0x08000191   Thumb Code     0  entry8b.o(.ARM.Collect$$$$0000000A)
    _main_init                               0x08000191   Thumb Code     0  entry9a.o(.ARM.Collect$$$$0000000B)
    __rt_final_cpp                           0x08000199   Thumb Code     0  entry10a.o(.ARM.Collect$$$$0000000D)
    __rt_final_exit                          0x08000199   Thumb Code     0  entry11a.o(.ARM.Collect$$$$0000000F)
    Reset_Handler                            0x0800019d   Thumb Code     8  startup_gd32f407_427.o(.text)
    ADC_IRQHandler                           0x080001b7   Thumb Code     0  startup_gd32f407_427.o(.text)
    CAN0_EWMC_IRQHandler                     0x080001b7   Thumb Code     0  startup_gd32f407_427.o(.text)
    CAN0_RX0_IRQHandler                      0x080001b7   Thumb Code     0  startup_gd32f407_427.o(.text)
    CAN0_RX1_IRQHandler                      0x080001b7   Thumb Code     0  startup_gd32f407_427.o(.text)
    CAN0_TX_IRQHandler                       0x080001b7   Thumb Code     0  startup_gd32f407_427.o(.text)
    CAN1_EWMC_IRQHandler                     0x080001b7   Thumb Code     0  startup_gd32f407_427.o(.text)
    CAN1_RX0_IRQHandler                      0x080001b7   Thumb Code     0  startup_gd32f407_427.o(.text)
    CAN1_RX1_IRQHandler                      0x080001b7   Thumb Code     0  startup_gd32f407_427.o(.text)
    CAN1_TX_IRQHandler                       0x080001b7   Thumb Code     0  startup_gd32f407_427.o(.text)
    DCI_IRQHandler                           0x080001b7   Thumb Code     0  startup_gd32f407_427.o(.text)
    DMA0_Channel0_IRQHandler                 0x080001b7   Thumb Code     0  startup_gd32f407_427.o(.text)
    DMA0_Channel1_IRQHandler                 0x080001b7   Thumb Code     0  startup_gd32f407_427.o(.text)
    DMA0_Channel2_IRQHandler                 0x080001b7   Thumb Code     0  startup_gd32f407_427.o(.text)
    DMA0_Channel3_IRQHandler                 0x080001b7   Thumb Code     0  startup_gd32f407_427.o(.text)
    DMA0_Channel4_IRQHandler                 0x080001b7   Thumb Code     0  startup_gd32f407_427.o(.text)
    DMA0_Channel5_IRQHandler                 0x080001b7   Thumb Code     0  startup_gd32f407_427.o(.text)
    DMA0_Channel6_IRQHandler                 0x080001b7   Thumb Code     0  startup_gd32f407_427.o(.text)
    DMA0_Channel7_IRQHandler                 0x080001b7   Thumb Code     0  startup_gd32f407_427.o(.text)
    DMA1_Channel0_IRQHandler                 0x080001b7   Thumb Code     0  startup_gd32f407_427.o(.text)
    DMA1_Channel1_IRQHandler                 0x080001b7   Thumb Code     0  startup_gd32f407_427.o(.text)
    DMA1_Channel2_IRQHandler                 0x080001b7   Thumb Code     0  startup_gd32f407_427.o(.text)
    DMA1_Channel3_IRQHandler                 0x080001b7   Thumb Code     0  startup_gd32f407_427.o(.text)
    DMA1_Channel4_IRQHandler                 0x080001b7   Thumb Code     0  startup_gd32f407_427.o(.text)
    DMA1_Channel5_IRQHandler                 0x080001b7   Thumb Code     0  startup_gd32f407_427.o(.text)
    DMA1_Channel6_IRQHandler                 0x080001b7   Thumb Code     0  startup_gd32f407_427.o(.text)
    DMA1_Channel7_IRQHandler                 0x080001b7   Thumb Code     0  startup_gd32f407_427.o(.text)
    ENET_IRQHandler                          0x080001b7   Thumb Code     0  startup_gd32f407_427.o(.text)
    ENET_WKUP_IRQHandler                     0x080001b7   Thumb Code     0  startup_gd32f407_427.o(.text)
    EXMC_IRQHandler                          0x080001b7   Thumb Code     0  startup_gd32f407_427.o(.text)
    EXTI0_IRQHandler                         0x080001b7   Thumb Code     0  startup_gd32f407_427.o(.text)
    EXTI10_15_IRQHandler                     0x080001b7   Thumb Code     0  startup_gd32f407_427.o(.text)
    EXTI1_IRQHandler                         0x080001b7   Thumb Code     0  startup_gd32f407_427.o(.text)
    EXTI2_IRQHandler                         0x080001b7   Thumb Code     0  startup_gd32f407_427.o(.text)
    EXTI3_IRQHandler                         0x080001b7   Thumb Code     0  startup_gd32f407_427.o(.text)
    EXTI4_IRQHandler                         0x080001b7   Thumb Code     0  startup_gd32f407_427.o(.text)
    FMC_IRQHandler                           0x080001b7   Thumb Code     0  startup_gd32f407_427.o(.text)
    FPU_IRQHandler                           0x080001b7   Thumb Code     0  startup_gd32f407_427.o(.text)
    I2C0_ER_IRQHandler                       0x080001b7   Thumb Code     0  startup_gd32f407_427.o(.text)
    I2C0_EV_IRQHandler                       0x080001b7   Thumb Code     0  startup_gd32f407_427.o(.text)
    I2C1_ER_IRQHandler                       0x080001b7   Thumb Code     0  startup_gd32f407_427.o(.text)
    I2C1_EV_IRQHandler                       0x080001b7   Thumb Code     0  startup_gd32f407_427.o(.text)
    I2C2_ER_IRQHandler                       0x080001b7   Thumb Code     0  startup_gd32f407_427.o(.text)
    I2C2_EV_IRQHandler                       0x080001b7   Thumb Code     0  startup_gd32f407_427.o(.text)
    LVD_IRQHandler                           0x080001b7   Thumb Code     0  startup_gd32f407_427.o(.text)
    RCU_CTC_IRQHandler                       0x080001b7   Thumb Code     0  startup_gd32f407_427.o(.text)
    RTC_Alarm_IRQHandler                     0x080001b7   Thumb Code     0  startup_gd32f407_427.o(.text)
    RTC_WKUP_IRQHandler                      0x080001b7   Thumb Code     0  startup_gd32f407_427.o(.text)
    SDIO_IRQHandler                          0x080001b7   Thumb Code     0  startup_gd32f407_427.o(.text)
    SPI0_IRQHandler                          0x080001b7   Thumb Code     0  startup_gd32f407_427.o(.text)
    SPI1_IRQHandler                          0x080001b7   Thumb Code     0  startup_gd32f407_427.o(.text)
    SPI2_IRQHandler                          0x080001b7   Thumb Code     0  startup_gd32f407_427.o(.text)
    TAMPER_STAMP_IRQHandler                  0x080001b7   Thumb Code     0  startup_gd32f407_427.o(.text)
    TIMER0_BRK_TIMER8_IRQHandler             0x080001b7   Thumb Code     0  startup_gd32f407_427.o(.text)
    TIMER0_Channel_IRQHandler                0x080001b7   Thumb Code     0  startup_gd32f407_427.o(.text)
    TIMER0_TRG_CMT_TIMER10_IRQHandler        0x080001b7   Thumb Code     0  startup_gd32f407_427.o(.text)
    TIMER0_UP_TIMER9_IRQHandler              0x080001b7   Thumb Code     0  startup_gd32f407_427.o(.text)
    TIMER1_IRQHandler                        0x080001b7   Thumb Code     0  startup_gd32f407_427.o(.text)
    TIMER2_IRQHandler                        0x080001b7   Thumb Code     0  startup_gd32f407_427.o(.text)
    TIMER3_IRQHandler                        0x080001b7   Thumb Code     0  startup_gd32f407_427.o(.text)
    TIMER4_IRQHandler                        0x080001b7   Thumb Code     0  startup_gd32f407_427.o(.text)
    TIMER5_DAC_IRQHandler                    0x080001b7   Thumb Code     0  startup_gd32f407_427.o(.text)
    TIMER6_IRQHandler                        0x080001b7   Thumb Code     0  startup_gd32f407_427.o(.text)
    TIMER7_BRK_TIMER11_IRQHandler            0x080001b7   Thumb Code     0  startup_gd32f407_427.o(.text)
    TIMER7_Channel_IRQHandler                0x080001b7   Thumb Code     0  startup_gd32f407_427.o(.text)
    TIMER7_TRG_CMT_TIMER13_IRQHandler        0x080001b7   Thumb Code     0  startup_gd32f407_427.o(.text)
    TIMER7_UP_TIMER12_IRQHandler             0x080001b7   Thumb Code     0  startup_gd32f407_427.o(.text)
    TRNG_IRQHandler                          0x080001b7   Thumb Code     0  startup_gd32f407_427.o(.text)
    UART3_IRQHandler                         0x080001b7   Thumb Code     0  startup_gd32f407_427.o(.text)
    UART4_IRQHandler                         0x080001b7   Thumb Code     0  startup_gd32f407_427.o(.text)
    USART1_IRQHandler                        0x080001b7   Thumb Code     0  startup_gd32f407_427.o(.text)
    USART2_IRQHandler                        0x080001b7   Thumb Code     0  startup_gd32f407_427.o(.text)
    USART5_IRQHandler                        0x080001b7   Thumb Code     0  startup_gd32f407_427.o(.text)
    USBFS_IRQHandler                         0x080001b7   Thumb Code     0  startup_gd32f407_427.o(.text)
    USBFS_WKUP_IRQHandler                    0x080001b7   Thumb Code     0  startup_gd32f407_427.o(.text)
    USBHS_EP1_In_IRQHandler                  0x080001b7   Thumb Code     0  startup_gd32f407_427.o(.text)
    USBHS_EP1_Out_IRQHandler                 0x080001b7   Thumb Code     0  startup_gd32f407_427.o(.text)
    USBHS_IRQHandler                         0x080001b7   Thumb Code     0  startup_gd32f407_427.o(.text)
    USBHS_WKUP_IRQHandler                    0x080001b7   Thumb Code     0  startup_gd32f407_427.o(.text)
    WWDGT_IRQHandler                         0x080001b7   Thumb Code     0  startup_gd32f407_427.o(.text)
    __aeabi_dmul                             0x080001c1   Thumb Code   228  dmul.o(.text)
    __aeabi_f2d                              0x080002a5   Thumb Code    38  f2d.o(.text)
    __aeabi_d2f                              0x080002cb   Thumb Code    56  d2f.o(.text)
    __aeabi_uidiv                            0x08000303   Thumb Code     0  uidiv.o(.text)
    __aeabi_uidivmod                         0x08000303   Thumb Code    44  uidiv.o(.text)
    __aeabi_uldivmod                         0x0800032f   Thumb Code    98  uldiv.o(.text)
    __I$use$fp                               0x08000391   Thumb Code     0  iusefp.o(.text)
    _float_round                             0x08000391   Thumb Code    18  fepilogue.o(.text)
    _float_epilogue                          0x080003a3   Thumb Code    92  fepilogue.o(.text)
    _double_round                            0x080003ff   Thumb Code    30  depilogue.o(.text)
    _double_epilogue                         0x0800041d   Thumb Code   156  depilogue.o(.text)
    __aeabi_dadd                             0x080004b9   Thumb Code   322  dadd.o(.text)
    __aeabi_dsub                             0x080005fb   Thumb Code     6  dadd.o(.text)
    __aeabi_drsub                            0x08000601   Thumb Code     6  dadd.o(.text)
    __aeabi_ddiv                             0x08000607   Thumb Code   222  ddiv.o(.text)
    __aeabi_d2ulz                            0x080006e5   Thumb Code    48  dfixul.o(.text)
    __aeabi_cdrcmple                         0x08000715   Thumb Code    48  cdrcmple.o(.text)
    __scatterload                            0x08000745   Thumb Code    38  init.o(.text)
    __scatterload_rt2                        0x08000745   Thumb Code     0  init.o(.text)
    __aeabi_llsl                             0x08000775   Thumb Code    30  llshl.o(.text)
    _ll_shift_l                              0x08000775   Thumb Code     0  llshl.o(.text)
    __aeabi_llsr                             0x08000793   Thumb Code    32  llushr.o(.text)
    _ll_ushift_r                             0x08000793   Thumb Code     0  llushr.o(.text)
    __aeabi_lasr                             0x080007b3   Thumb Code    36  llsshr.o(.text)
    _ll_sshift_r                             0x080007b3   Thumb Code     0  llsshr.o(.text)
    BusFault_Handler                         0x080007d9   Thumb Code     2  gd32f4xx_it.o(.text.BusFault_Handler)
    DebugMon_Handler                         0x080007dd   Thumb Code     2  gd32f4xx_it.o(.text.DebugMon_Handler)
    EXTI5_9_IRQHandler                       0x080007e1   Thumb Code     2  exti.o(.text.EXTI5_9_IRQHandler)
    HardFault_Handler                        0x080007e5   Thumb Code     2  gd32f4xx_it.o(.text.HardFault_Handler)
    Keys_init                                0x080007e9   Thumb Code    32  bsp_keys.o(.text.Keys_init)
    Keys_on_keydown                          0x08000809   Thumb Code    60  main.o(.text.Keys_on_keydown)
    Keys_on_keyup                            0x08000859   Thumb Code     2  main.o(.text.Keys_on_keyup)
    Keys_scan                                0x0800085d   Thumb Code   184  bsp_keys.o(.text.Keys_scan)
    MemManage_Handler                        0x08000915   Thumb Code     2  gd32f4xx_it.o(.text.MemManage_Handler)
    NMI_Handler                              0x08000919   Thumb Code     2  gd32f4xx_it.o(.text.NMI_Handler)
    PendSV_Handler                           0x0800091d   Thumb Code     2  gd32f4xx_it.o(.text.PendSV_Handler)
    SVC_Handler                              0x08000921   Thumb Code     2  gd32f4xx_it.o(.text.SVC_Handler)
    Servo_get_angle                          0x08000925   Thumb Code    14  bsp_servo.o(.text.Servo_get_angle)
    Servo_init                               0x08000935   Thumb Code     2  bsp_servo.o(.text.Servo_init)
    Servo_set_angle                          0x08000939   Thumb Code   136  bsp_servo.o(.text.Servo_set_angle)
    SysTick_Handler                          0x080009e1   Thumb Code     4  gd32f4xx_it.o(.text.SysTick_Handler)
    SystemInit                               0x080009e5   Thumb Code   342  system_gd32f4xx.o(.text.SystemInit)
    TIMER_channel_update                     0x08000b3d   Thumb Code    64  timer.o(.text.TIMER_channel_update)
    TIMER_init                               0x08000b85   Thumb Code   178  timer.o(.text.TIMER_init)
    USART0_IRQHandler                        0x08000c39   Thumb Code   108  usart0.o(.text.USART0_IRQHandler)
    USART0_init                              0x08000ca5   Thumb Code   398  usart0.o(.text.USART0_init)
    USART0_on_recv                           0x08000e35   Thumb Code     8  main.o(.text.USART0_on_recv)
    UsageFault_Handler                       0x08000e4d   Thumb Code     2  gd32f4xx_it.o(.text.UsageFault_Handler)
    delay_1ms                                0x08000e51   Thumb Code    24  systick.o(.text.delay_1ms)
    delay_decrement                          0x08000e69   Thumb Code    38  systick.o(.text.delay_decrement)
    dma_channel_disable                      0x08000e91   Thumb Code    18  gd32f4xx_dma.o(.text.dma_channel_disable)
    dma_channel_enable                       0x08000ea5   Thumb Code    18  gd32f4xx_dma.o(.text.dma_channel_enable)
    dma_channel_subperipheral_select         0x08000eb9   Thumb Code    22  gd32f4xx_dma.o(.text.dma_channel_subperipheral_select)
    dma_deinit                               0x08000ed1   Thumb Code    78  gd32f4xx_dma.o(.text.dma_deinit)
    dma_flag_clear                           0x08000f21   Thumb Code    54  gd32f4xx_dma.o(.text.dma_flag_clear)
    dma_single_data_mode_init                0x08000f59   Thumb Code   134  gd32f4xx_dma.o(.text.dma_single_data_mode_init)
    dma_single_data_para_struct_init         0x08000fe1   Thumb Code    24  gd32f4xx_dma.o(.text.dma_single_data_para_struct_init)
    dma_transfer_number_get                  0x08000ff9   Thumb Code    12  gd32f4xx_dma.o(.text.dma_transfer_number_get)
    fputc                                    0x08001005   Thumb Code    36  usart0.o(.text.fputc)
    gpio_af_set                              0x08001029   Thumb Code   110  gd32f4xx_gpio.o(.text.gpio_af_set)
    gpio_input_bit_get                       0x08001099   Thumb Code    10  gd32f4xx_gpio.o(.text.gpio_input_bit_get)
    gpio_mode_set                            0x080010a5   Thumb Code    84  gd32f4xx_gpio.o(.text.gpio_mode_set)
    gpio_output_options_set                  0x080010f9   Thumb Code    70  gd32f4xx_gpio.o(.text.gpio_output_options_set)
    main                                     0x08001141   Thumb Code    60  main.o(.text.main)
    nvic_irq_enable                          0x08001189   Thumb Code   166  gd32f4xx_misc.o(.text.nvic_irq_enable)
    nvic_priority_group_set                  0x08001231   Thumb Code    20  gd32f4xx_misc.o(.text.nvic_priority_group_set)
    rcu_clock_freq_get                       0x08001245   Thumb Code   172  gd32f4xx_rcu.o(.text.rcu_clock_freq_get)
    rcu_periph_clock_enable                  0x08001301   Thumb Code    30  gd32f4xx_rcu.o(.text.rcu_periph_clock_enable)
    rcu_periph_reset_disable                 0x08001321   Thumb Code    32  gd32f4xx_rcu.o(.text.rcu_periph_reset_disable)
    rcu_periph_reset_enable                  0x08001341   Thumb Code    30  gd32f4xx_rcu.o(.text.rcu_periph_reset_enable)
    rcu_timer_clock_prescaler_config         0x08001361   Thumb Code    34  gd32f4xx_rcu.o(.text.rcu_timer_clock_prescaler_config)
    systick_config                           0x08001385   Thumb Code    74  systick.o(.text.systick_config)
    timer_channel_output_config              0x080013d1   Thumb Code   508  gd32f4xx_timer.o(.text.timer_channel_output_config)
    timer_channel_output_mode_config         0x080015cd   Thumb Code    56  gd32f4xx_timer.o(.text.timer_channel_output_mode_config)
    timer_channel_output_pulse_value_config  0x08001605   Thumb Code    14  gd32f4xx_timer.o(.text.timer_channel_output_pulse_value_config)
    timer_channel_output_struct_para_init    0x08001615   Thumb Code    10  gd32f4xx_timer.o(.text.timer_channel_output_struct_para_init)
    timer_deinit                             0x08001621   Thumb Code   326  gd32f4xx_timer.o(.text.timer_deinit)
    timer_enable                             0x08001769   Thumb Code    10  gd32f4xx_timer.o(.text.timer_enable)
    timer_init                               0x08001775   Thumb Code   170  gd32f4xx_timer.o(.text.timer_init)
    timer_struct_para_init                   0x08001821   Thumb Code    16  gd32f4xx_timer.o(.text.timer_struct_para_init)
    usart_baudrate_set                       0x08001831   Thumb Code   190  gd32f4xx_usart.o(.text.usart_baudrate_set)
    usart_data_first_config                  0x080018f1   Thumb Code    16  gd32f4xx_usart.o(.text.usart_data_first_config)
    usart_data_receive                       0x08001901   Thumb Code     8  gd32f4xx_usart.o(.text.usart_data_receive)
    usart_data_transmit                      0x08001909   Thumb Code     8  gd32f4xx_usart.o(.text.usart_data_transmit)
    usart_deinit                             0x08001911   Thumb Code   200  gd32f4xx_usart.o(.text.usart_deinit)
    usart_dma_receive_config                 0x080019d9   Thumb Code    20  gd32f4xx_usart.o(.text.usart_dma_receive_config)
    usart_dma_transmit_config                0x080019ed   Thumb Code    20  gd32f4xx_usart.o(.text.usart_dma_transmit_config)
    usart_enable                             0x08001a01   Thumb Code    10  gd32f4xx_usart.o(.text.usart_enable)
    usart_flag_get                           0x08001a0d   Thumb Code    16  gd32f4xx_usart.o(.text.usart_flag_get)
    usart_interrupt_enable                   0x08001a1d   Thumb Code    22  gd32f4xx_usart.o(.text.usart_interrupt_enable)
    usart_interrupt_flag_get                 0x08001a35   Thumb Code    34  gd32f4xx_usart.o(.text.usart_interrupt_flag_get)
    usart_parity_config                      0x08001a59   Thumb Code    16  gd32f4xx_usart.o(.text.usart_parity_config)
    usart_receive_config                     0x08001a69   Thumb Code    12  gd32f4xx_usart.o(.text.usart_receive_config)
    usart_stop_bit_set                       0x08001a75   Thumb Code    16  gd32f4xx_usart.o(.text.usart_stop_bit_set)
    usart_transmit_config                    0x08001a85   Thumb Code    12  gd32f4xx_usart.o(.text.usart_transmit_config)
    usart_word_length_set                    0x08001a91   Thumb Code    16  gd32f4xx_usart.o(.text.usart_word_length_set)
    __0printf                                0x08001aa1   Thumb Code    22  printfa.o(i.__0printf)
    __1printf                                0x08001aa1   Thumb Code     0  printfa.o(i.__0printf)
    __2printf                                0x08001aa1   Thumb Code     0  printfa.o(i.__0printf)
    __c89printf                              0x08001aa1   Thumb Code     0  printfa.o(i.__0printf)
    printf                                   0x08001aa1   Thumb Code     0  printfa.o(i.__0printf)
    __scatterload_copy                       0x08001ac1   Thumb Code    14  handlers.o(i.__scatterload_copy)
    __scatterload_null                       0x08001acf   Thumb Code     2  handlers.o(i.__scatterload_null)
    __scatterload_zeroinit                   0x08001ad1   Thumb Code    14  handlers.o(i.__scatterload_zeroinit)
    puts                                     0x08002395   Thumb Code    30  puts.o(i.puts)
    Region$$Table$$Base                      0x080023c0   Number         0  anon$$obj.o(Region$$Table)
    Region$$Table$$Limit                     0x080023e0   Number         0  anon$$obj.o(Region$$Table)
    __stdout                                 0x20000000   Data           4  stdout.o(.data)
    SystemCoreClock                          0x20000004   Data           4  system_gd32f4xx.o(.data.SystemCoreClock)
    pre_state0                               0x20000008   Data           1  bsp_keys.o(.data.pre_state0)
    pre_state1                               0x20000009   Data           1  bsp_keys.o(.data.pre_state1)
    pre_state2                               0x2000000a   Data           1  bsp_keys.o(.data.pre_state2)
    pre_state3                               0x2000000b   Data           1  bsp_keys.o(.data.pre_state3)
    g_rx_buffer                              0x20000018   Data        1024  usart0.o(.bss.g_rx_buffer)
    g_rx_cnt                                 0x20000418   Data           4  usart0.o(.bss.g_rx_cnt)
    __initial_sp                             0x20000820   Data           0  startup_gd32f407_427.o(STACK)



==============================================================================

Memory Map of the image

  Image Entry point : 0x08000189

  Load Region LR_IROM1 (Base: 0x08000000, Size: 0x000023f0, Max: 0x00080000, ABSOLUTE)

    Execution Region ER_IROM1 (Exec base: 0x08000000, Load base: 0x08000000, Size: 0x000023e0, Max: 0x00080000, ABSOLUTE)

    Exec Addr    Load Addr    Size         Type   Attr      Idx    E Section Name        Object

    0x08000000   0x08000000   0x00000188   Data   RO           78    RESET               startup_gd32f407_427.o
    0x08000188   0x08000188   0x00000000   Code   RO          732  * .ARM.Collect$$$$00000000  mc_w.l(entry.o)
    0x08000188   0x08000188   0x00000004   Code   RO         1008    .ARM.Collect$$$$00000001  mc_w.l(entry2.o)
    0x0800018c   0x0800018c   0x00000004   Code   RO         1011    .ARM.Collect$$$$00000004  mc_w.l(entry5.o)
    0x08000190   0x08000190   0x00000000   Code   RO         1013    .ARM.Collect$$$$00000008  mc_w.l(entry7b.o)
    0x08000190   0x08000190   0x00000000   Code   RO         1015    .ARM.Collect$$$$0000000A  mc_w.l(entry8b.o)
    0x08000190   0x08000190   0x00000008   Code   RO         1016    .ARM.Collect$$$$0000000B  mc_w.l(entry9a.o)
    0x08000198   0x08000198   0x00000000   Code   RO         1018    .ARM.Collect$$$$0000000D  mc_w.l(entry10a.o)
    0x08000198   0x08000198   0x00000000   Code   RO         1020    .ARM.Collect$$$$0000000F  mc_w.l(entry11a.o)
    0x08000198   0x08000198   0x00000004   Code   RO         1009    .ARM.Collect$$$$00002712  mc_w.l(entry2.o)
    0x0800019c   0x0800019c   0x00000024   Code   RO           79    .text               startup_gd32f407_427.o
    0x080001c0   0x080001c0   0x000000e4   Code   RO         1002    .text               mf_w.l(dmul.o)
    0x080002a4   0x080002a4   0x00000026   Code   RO         1004    .text               mf_w.l(f2d.o)
    0x080002ca   0x080002ca   0x00000038   Code   RO         1006    .text               mf_w.l(d2f.o)
    0x08000302   0x08000302   0x0000002c   Code   RO         1032    .text               mc_w.l(uidiv.o)
    0x0800032e   0x0800032e   0x00000062   Code   RO         1034    .text               mc_w.l(uldiv.o)
    0x08000390   0x08000390   0x00000000   Code   RO         1036    .text               mc_w.l(iusefp.o)
    0x08000390   0x08000390   0x0000006e   Code   RO         1037    .text               mf_w.l(fepilogue.o)
    0x080003fe   0x080003fe   0x000000ba   Code   RO         1039    .text               mf_w.l(depilogue.o)
    0x080004b8   0x080004b8   0x0000014e   Code   RO         1041    .text               mf_w.l(dadd.o)
    0x08000606   0x08000606   0x000000de   Code   RO         1043    .text               mf_w.l(ddiv.o)
    0x080006e4   0x080006e4   0x00000030   Code   RO         1045    .text               mf_w.l(dfixul.o)
    0x08000714   0x08000714   0x00000030   Code   RO         1047    .text               mf_w.l(cdrcmple.o)
    0x08000744   0x08000744   0x00000030   Code   RO         1049    .text               mc_w.l(init.o)
    0x08000774   0x08000774   0x0000001e   Code   RO         1051    .text               mc_w.l(llshl.o)
    0x08000792   0x08000792   0x00000020   Code   RO         1053    .text               mc_w.l(llushr.o)
    0x080007b2   0x080007b2   0x00000024   Code   RO         1055    .text               mc_w.l(llsshr.o)
    0x080007d6   0x080007d6   0x00000002   PAD
    0x080007d8   0x080007d8   0x00000002   Code   RO            8    .text.BusFault_Handler  gd32f4xx_it.o
    0x080007da   0x080007da   0x00000002   PAD
    0x080007dc   0x080007dc   0x00000002   Code   RO           14    .text.DebugMon_Handler  gd32f4xx_it.o
    0x080007de   0x080007de   0x00000002   PAD
    0x080007e0   0x080007e0   0x00000002   Code   RO          679    .text.EXTI5_9_IRQHandler  exti.o
    0x080007e2   0x080007e2   0x00000002   PAD
    0x080007e4   0x080007e4   0x00000002   Code   RO            4    .text.HardFault_Handler  gd32f4xx_it.o
    0x080007e6   0x080007e6   0x00000002   PAD
    0x080007e8   0x080007e8   0x00000020   Code   RO          717    .text.Keys_init     bsp_keys.o
    0x08000808   0x08000808   0x00000050   Code   RO           51    .text.Keys_on_keydown  main.o
    0x08000858   0x08000858   0x00000002   Code   RO           49    .text.Keys_on_keyup  main.o
    0x0800085a   0x0800085a   0x00000002   PAD
    0x0800085c   0x0800085c   0x000000b8   Code   RO          719    .text.Keys_scan     bsp_keys.o
    0x08000914   0x08000914   0x00000002   Code   RO            6    .text.MemManage_Handler  gd32f4xx_it.o
    0x08000916   0x08000916   0x00000002   PAD
    0x08000918   0x08000918   0x00000002   Code   RO            2    .text.NMI_Handler   gd32f4xx_it.o
    0x0800091a   0x0800091a   0x00000002   PAD
    0x0800091c   0x0800091c   0x00000002   Code   RO           16    .text.PendSV_Handler  gd32f4xx_it.o
    0x0800091e   0x0800091e   0x00000002   PAD
    0x08000920   0x08000920   0x00000002   Code   RO           12    .text.SVC_Handler   gd32f4xx_it.o
    0x08000922   0x08000922   0x00000002   PAD
    0x08000924   0x08000924   0x0000000e   Code   RO          706    .text.Servo_get_angle  bsp_servo.o
    0x08000932   0x08000932   0x00000002   PAD
    0x08000934   0x08000934   0x00000002   Code   RO          702    .text.Servo_init    bsp_servo.o
    0x08000936   0x08000936   0x00000002   PAD
    0x08000938   0x08000938   0x000000a8   Code   RO          704    .text.Servo_set_angle  bsp_servo.o
    0x080009e0   0x080009e0   0x00000004   Code   RO           18    .text.SysTick_Handler  gd32f4xx_it.o
    0x080009e4   0x080009e4   0x00000156   Code   RO           64    .text.SystemInit    system_gd32f4xx.o
    0x08000b3a   0x08000b3a   0x00000002   PAD
    0x08000b3c   0x08000b3c   0x00000048   Code   RO          690    .text.TIMER_channel_update  timer.o
    0x08000b84   0x08000b84   0x000000b2   Code   RO          688    .text.TIMER_init    timer.o
    0x08000c36   0x08000c36   0x00000002   PAD
    0x08000c38   0x08000c38   0x0000006c   Code   RO          665    .text.USART0_IRQHandler  usart0.o
    0x08000ca4   0x08000ca4   0x0000018e   Code   RO          649    .text.USART0_init   usart0.o
    0x08000e32   0x08000e32   0x00000002   PAD
    0x08000e34   0x08000e34   0x00000018   Code   RO           47    .text.USART0_on_recv  main.o
    0x08000e4c   0x08000e4c   0x00000002   Code   RO           10    .text.UsageFault_Handler  gd32f4xx_it.o
    0x08000e4e   0x08000e4e   0x00000002   PAD
    0x08000e50   0x08000e50   0x00000018   Code   RO           29    .text.delay_1ms     systick.o
    0x08000e68   0x08000e68   0x00000026   Code   RO           35    .text.delay_decrement  systick.o
    0x08000e8e   0x08000e8e   0x00000002   PAD
    0x08000e90   0x08000e90   0x00000012   Code   RO          613    .text.dma_channel_disable  gd32f4xx_dma.o
    0x08000ea2   0x08000ea2   0x00000002   PAD
    0x08000ea4   0x08000ea4   0x00000012   Code   RO          611    .text.dma_channel_enable  gd32f4xx_dma.o
    0x08000eb6   0x08000eb6   0x00000002   PAD
    0x08000eb8   0x08000eb8   0x00000016   Code   RO          621    .text.dma_channel_subperipheral_select  gd32f4xx_dma.o
    0x08000ece   0x08000ece   0x00000002   PAD
    0x08000ed0   0x08000ed0   0x0000004e   Code   RO          575    .text.dma_deinit    gd32f4xx_dma.o
    0x08000f1e   0x08000f1e   0x00000002   PAD
    0x08000f20   0x08000f20   0x00000036   Code   RO          631    .text.dma_flag_clear  gd32f4xx_dma.o
    0x08000f56   0x08000f56   0x00000002   PAD
    0x08000f58   0x08000f58   0x00000086   Code   RO          581    .text.dma_single_data_mode_init  gd32f4xx_dma.o
    0x08000fde   0x08000fde   0x00000002   PAD
    0x08000fe0   0x08000fe0   0x00000018   Code   RO          577    .text.dma_single_data_para_struct_init  gd32f4xx_dma.o
    0x08000ff8   0x08000ff8   0x0000000c   Code   RO          591    .text.dma_transfer_number_get  gd32f4xx_dma.o
    0x08001004   0x08001004   0x00000024   Code   RO          663    .text.fputc         usart0.o
    0x08001028   0x08001028   0x0000006e   Code   RO          211    .text.gpio_af_set   gd32f4xx_gpio.o
    0x08001096   0x08001096   0x00000002   PAD
    0x08001098   0x08001098   0x0000000a   Code   RO          203    .text.gpio_input_bit_get  gd32f4xx_gpio.o
    0x080010a2   0x080010a2   0x00000002   PAD
    0x080010a4   0x080010a4   0x00000054   Code   RO          191    .text.gpio_mode_set  gd32f4xx_gpio.o
    0x080010f8   0x080010f8   0x00000046   Code   RO          193    .text.gpio_output_options_set  gd32f4xx_gpio.o
    0x0800113e   0x0800113e   0x00000002   PAD
    0x08001140   0x08001140   0x00000048   Code   RO           53    .text.main          main.o
    0x08001188   0x08001188   0x000000a6   Code   RO          229    .text.nvic_irq_enable  gd32f4xx_misc.o
    0x0800122e   0x0800122e   0x00000002   PAD
    0x08001230   0x08001230   0x00000014   Code   RO          227    .text.nvic_priority_group_set  gd32f4xx_misc.o
    0x08001244   0x08001244   0x000000bc   Code   RO          168    .text.rcu_clock_freq_get  gd32f4xx_rcu.o
    0x08001300   0x08001300   0x0000001e   Code   RO           90    .text.rcu_periph_clock_enable  gd32f4xx_rcu.o
    0x0800131e   0x0800131e   0x00000002   PAD
    0x08001320   0x08001320   0x00000020   Code   RO          100    .text.rcu_periph_reset_disable  gd32f4xx_rcu.o
    0x08001340   0x08001340   0x0000001e   Code   RO           98    .text.rcu_periph_reset_enable  gd32f4xx_rcu.o
    0x0800135e   0x0800135e   0x00000002   PAD
    0x08001360   0x08001360   0x00000022   Code   RO          136    .text.rcu_timer_clock_prescaler_config  gd32f4xx_rcu.o
    0x08001382   0x08001382   0x00000002   PAD
    0x08001384   0x08001384   0x0000004a   Code   RO           27    .text.systick_config  systick.o
    0x080013ce   0x080013ce   0x00000002   PAD
    0x080013d0   0x080013d0   0x000001fc   Code   RO          493    .text.timer_channel_output_config  gd32f4xx_timer.o
    0x080015cc   0x080015cc   0x00000038   Code   RO          495    .text.timer_channel_output_mode_config  gd32f4xx_timer.o
    0x08001604   0x08001604   0x0000000e   Code   RO          497    .text.timer_channel_output_pulse_value_config  gd32f4xx_timer.o
    0x08001612   0x08001612   0x00000002   PAD
    0x08001614   0x08001614   0x0000000a   Code   RO          491    .text.timer_channel_output_struct_para_init  gd32f4xx_timer.o
    0x0800161e   0x0800161e   0x00000002   PAD
    0x08001620   0x08001620   0x00000146   Code   RO          423    .text.timer_deinit  gd32f4xx_timer.o
    0x08001766   0x08001766   0x00000002   PAD
    0x08001768   0x08001768   0x0000000a   Code   RO          429    .text.timer_enable  gd32f4xx_timer.o
    0x08001772   0x08001772   0x00000002   PAD
    0x08001774   0x08001774   0x000000aa   Code   RO          427    .text.timer_init    gd32f4xx_timer.o
    0x0800181e   0x0800181e   0x00000002   PAD
    0x08001820   0x08001820   0x00000010   Code   RO          425    .text.timer_struct_para_init  gd32f4xx_timer.o
    0x08001830   0x08001830   0x000000be   Code   RO          251    .text.usart_baudrate_set  gd32f4xx_usart.o
    0x080018ee   0x080018ee   0x00000002   PAD
    0x080018f0   0x080018f0   0x00000010   Code   RO          267    .text.usart_data_first_config  gd32f4xx_usart.o
    0x08001900   0x08001900   0x00000008   Code   RO          283    .text.usart_data_receive  gd32f4xx_usart.o
    0x08001908   0x08001908   0x00000008   Code   RO          281    .text.usart_data_transmit  gd32f4xx_usart.o
    0x08001910   0x08001910   0x000000c8   Code   RO          249    .text.usart_deinit  gd32f4xx_usart.o
    0x080019d8   0x080019d8   0x00000014   Code   RO          343    .text.usart_dma_receive_config  gd32f4xx_usart.o
    0x080019ec   0x080019ec   0x00000014   Code   RO          345    .text.usart_dma_transmit_config  gd32f4xx_usart.o
    0x08001a00   0x08001a00   0x0000000a   Code   RO          259    .text.usart_enable  gd32f4xx_usart.o
    0x08001a0a   0x08001a0a   0x00000002   PAD
    0x08001a0c   0x08001a0c   0x00000010   Code   RO          347    .text.usart_flag_get  gd32f4xx_usart.o
    0x08001a1c   0x08001a1c   0x00000016   Code   RO          351    .text.usart_interrupt_enable  gd32f4xx_usart.o
    0x08001a32   0x08001a32   0x00000002   PAD
    0x08001a34   0x08001a34   0x00000022   Code   RO          355    .text.usart_interrupt_flag_get  gd32f4xx_usart.o
    0x08001a56   0x08001a56   0x00000002   PAD
    0x08001a58   0x08001a58   0x00000010   Code   RO          253    .text.usart_parity_config  gd32f4xx_usart.o
    0x08001a68   0x08001a68   0x0000000c   Code   RO          265    .text.usart_receive_config  gd32f4xx_usart.o
    0x08001a74   0x08001a74   0x00000010   Code   RO          257    .text.usart_stop_bit_set  gd32f4xx_usart.o
    0x08001a84   0x08001a84   0x0000000c   Code   RO          263    .text.usart_transmit_config  gd32f4xx_usart.o
    0x08001a90   0x08001a90   0x00000010   Code   RO          255    .text.usart_word_length_set  gd32f4xx_usart.o
    0x08001aa0   0x08001aa0   0x00000020   Code   RO          974    i.__0printf         mc_w.l(printfa.o)
    0x08001ac0   0x08001ac0   0x0000000e   Code   RO         1059    i.__scatterload_copy  mc_w.l(handlers.o)
    0x08001ace   0x08001ace   0x00000002   Code   RO         1060    i.__scatterload_null  mc_w.l(handlers.o)
    0x08001ad0   0x08001ad0   0x0000000e   Code   RO         1061    i.__scatterload_zeroinit  mc_w.l(handlers.o)
    0x08001ade   0x08001ade   0x00000002   PAD
    0x08001ae0   0x08001ae0   0x00000184   Code   RO          981    i._fp_digits        mc_w.l(printfa.o)
    0x08001c64   0x08001c64   0x000006dc   Code   RO          982    i._printf_core      mc_w.l(printfa.o)
    0x08002340   0x08002340   0x00000024   Code   RO          983    i._printf_post_padding  mc_w.l(printfa.o)
    0x08002364   0x08002364   0x0000002e   Code   RO          984    i._printf_pre_padding  mc_w.l(printfa.o)
    0x08002392   0x08002392   0x00000002   PAD
    0x08002394   0x08002394   0x00000024   Code   RO          735    i.puts              mc_w.l(puts.o)
    0x080023b8   0x080023b8   0x00000008   Data   RO          180    .rodata.cst8        gd32f4xx_rcu.o
    0x080023c0   0x080023c0   0x00000020   Data   RO         1058    Region$$Table       anon$$obj.o


    Execution Region RW_IRAM1 (Exec base: 0x20000000, Load base: 0x080023e0, Size: 0x00000820, Max: 0x00020000, ABSOLUTE)

    Exec Addr    Load Addr    Size         Type   Attr      Idx    E Section Name        Object

    0x20000000   0x080023e0   0x00000004   Data   RW         1022    .data               mc_w.l(stdout.o)
    0x20000004   0x080023e4   0x00000004   Data   RW           68    .data.SystemCoreClock  system_gd32f4xx.o
    0x20000008   0x080023e8   0x00000001   Data   RW          721    .data.pre_state0    bsp_keys.o
    0x20000009   0x080023e9   0x00000001   Data   RW          722    .data.pre_state1    bsp_keys.o
    0x2000000a   0x080023ea   0x00000001   Data   RW          723    .data.pre_state2    bsp_keys.o
    0x2000000b   0x080023eb   0x00000001   Data   RW          724    .data.pre_state3    bsp_keys.o
    0x2000000c   0x080023ec   0x00000004   PAD
    0x20000010        -       0x00000004   Zero   RW          708    .bss.current_angle  bsp_servo.o
    0x20000014        -       0x00000004   Zero   RW           37    .bss.delay          systick.o
    0x20000018        -       0x00000400   Zero   RW          668    .bss.g_rx_buffer    usart0.o
    0x20000418        -       0x00000004   Zero   RW          667    .bss.g_rx_cnt       usart0.o
    0x2000041c        -       0x00000004   Zero   RW           38    .bss.tick_us        systick.o
    0x20000420        -       0x00000400   Zero   RW           76    STACK               startup_gd32f407_427.o


==============================================================================

Image component sizes


      Code (inc. data)   RO Data    RW Data    ZI Data      Debug   Object Name

       216          0          0          4          0       2703   bsp_keys.o
       184         32          0          0          4       1166   bsp_servo.o
         2          0          0          0          0        428   exti.o
       360          0          0          0          0      11025   gd32f4xx_dma.o
       274          0          0          0          0       5335   gd32f4xx_gpio.o
        20          0          0          0          0       1072   gd32f4xx_it.o
       186          0          0          0          0       3695   gd32f4xx_misc.o
       314         20          8          0          0      18839   gd32f4xx_rcu.o
      1110          8          0          0          0      21352   gd32f4xx_timer.o
       616          0          0          0          0      13439   gd32f4xx_usart.o
       178         48          0          0          0       1267   main.o
        36          8        392          0       1024        904   startup_gd32f407_427.o
       342          0          0          4          0       2444   system_gd32f4xx.o
       136          0          0          0          8       4600   systick.o
       250          8          0          0          0       3867   timer.o
       542          0          0          0       1028       8613   usart0.o

    ----------------------------------------------------------------------
      4844        124        432          8       2068     100749   Object Totals
         0          0         32          0          0          0   (incl. Generated)
        78          0          0          0          4          0   (incl. Padding)

    ----------------------------------------------------------------------

      Code (inc. data)   RO Data    RW Data    ZI Data      Debug   Library Member Name

         0          0          0          0          0          0   entry.o
         0          0          0          0          0          0   entry10a.o
         0          0          0          0          0          0   entry11a.o
         8          4          0          0          0          0   entry2.o
         4          0          0          0          0          0   entry5.o
         0          0          0          0          0          0   entry7b.o
         0          0          0          0          0          0   entry8b.o
         8          4          0          0          0          0   entry9a.o
        30          0          0          0          0          0   handlers.o
        48         10          0          0          0         68   init.o
         0          0          0          0          0          0   iusefp.o
        30          0          0          0          0         68   llshl.o
        36          0          0          0          0         68   llsshr.o
        32          0          0          0          0         68   llushr.o
      2258         90          0          0          0        452   printfa.o
        36          6          0          0          0         80   puts.o
         0          0          0          4          0          0   stdout.o
        44          0          0          0          0         80   uidiv.o
        98          0          0          0          0         92   uldiv.o
        48          0          0          0          0         68   cdrcmple.o
        56          0          0          0          0         88   d2f.o
       334          0          0          0          0        148   dadd.o
       222          0          0          0          0        100   ddiv.o
       186          0          0          0          0        176   depilogue.o
        48          0          0          0          0         68   dfixul.o
       228          0          0          0          0         96   dmul.o
        38          0          0          0          0         68   f2d.o
       110          0          0          0          0        168   fepilogue.o

    ----------------------------------------------------------------------
      3908        114          0          4          0       1956   Library Totals
         6          0          0          0          0          0   (incl. Padding)

    ----------------------------------------------------------------------

      Code (inc. data)   RO Data    RW Data    ZI Data      Debug   Library Name

      2632        114          0          4          0        976   mc_w.l
      1270          0          0          0          0        980   mf_w.l

    ----------------------------------------------------------------------
      3908        114          0          4          0       1956   Library Totals

    ----------------------------------------------------------------------

==============================================================================


      Code (inc. data)   RO Data    RW Data    ZI Data      Debug   

      8752        238        432         12       2068     101693   Grand Totals
      8752        238        432         12       2068     101693   ELF Image Totals
      8752        238        432         12          0          0   ROM Totals

==============================================================================

    Total RO  Size (Code + RO Data)                 9184 (   8.97kB)
    Total RW  Size (RW Data + ZI Data)              2080 (   2.03kB)
    Total ROM Size (Code + RO Data + RW Data)       9196 (   8.98kB)

==============================================================================

