Component: Arm Compiler for Embedded 6.22 Tool: armlink [5ee90200]

==============================================================================

Section Cross References

    gd32f4xx_it.o(.ARM.exidx.text.NMI_Handler) refers to gd32f4xx_it.o(.text.NMI_Handler) for [Anonymous Symbol]
    gd32f4xx_it.o(.ARM.exidx.text.HardFault_Handler) refers to gd32f4xx_it.o(.text.HardFault_Handler) for [Anonymous Symbol]
    gd32f4xx_it.o(.ARM.exidx.text.MemManage_Handler) refers to gd32f4xx_it.o(.text.MemManage_Handler) for [Anonymous Symbol]
    gd32f4xx_it.o(.ARM.exidx.text.BusFault_Handler) refers to gd32f4xx_it.o(.text.BusFault_Handler) for [Anonymous Symbol]
    gd32f4xx_it.o(.ARM.exidx.text.UsageFault_Handler) refers to gd32f4xx_it.o(.text.UsageFault_Handler) for [Anonymous Symbol]
    gd32f4xx_it.o(.ARM.exidx.text.SVC_Handler) refers to gd32f4xx_it.o(.text.SVC_Handler) for [Anonymous Symbol]
    gd32f4xx_it.o(.ARM.exidx.text.DebugMon_Handler) refers to gd32f4xx_it.o(.text.DebugMon_Handler) for [Anonymous Symbol]
    gd32f4xx_it.o(.ARM.exidx.text.PendSV_Handler) refers to gd32f4xx_it.o(.text.PendSV_Handler) for [Anonymous Symbol]
    gd32f4xx_it.o(.text.SysTick_Handler) refers to systick.o(.text.delay_decrement) for delay_decrement
    gd32f4xx_it.o(.ARM.exidx.text.SysTick_Handler) refers to gd32f4xx_it.o(.text.SysTick_Handler) for [Anonymous Symbol]
    systick.o(.text.systick_config) refers to system_gd32f4xx.o(.data.SystemCoreClock) for SystemCoreClock
    systick.o(.ARM.exidx.text.systick_config) refers to systick.o(.text.systick_config) for [Anonymous Symbol]
    systick.o(.text.delay_1ms) refers to systick.o(.bss.delay) for delay
    systick.o(.ARM.exidx.text.delay_1ms) refers to systick.o(.text.delay_1ms) for [Anonymous Symbol]
    systick.o(.text.delay_1us) refers to systick.o(.bss.delay) for delay
    systick.o(.ARM.exidx.text.delay_1us) refers to systick.o(.text.delay_1us) for [Anonymous Symbol]
    systick.o(.text.systick_tick_us) refers to systick.o(.bss.tick_us) for tick_us
    systick.o(.ARM.exidx.text.systick_tick_us) refers to systick.o(.text.systick_tick_us) for [Anonymous Symbol]
    systick.o(.text.delay_decrement) refers to systick.o(.bss.tick_us) for tick_us
    systick.o(.text.delay_decrement) refers to systick.o(.bss.delay) for delay
    systick.o(.ARM.exidx.text.delay_decrement) refers to systick.o(.text.delay_decrement) for [Anonymous Symbol]
    main.o(.text.USART0_on_recv) refers to printfa.o(i.__0printf) for __2printf
    main.o(.ARM.exidx.text.USART0_on_recv) refers to main.o(.text.USART0_on_recv) for [Anonymous Symbol]
    main.o(.ARM.exidx.text.Keys_on_keyup) refers to main.o(.text.Keys_on_keyup) for [Anonymous Symbol]
    main.o(.text.Keys_on_keydown) refers to bsp_servo.o(.text.Servo_get_angle) for Servo_get_angle
    main.o(.text.Keys_on_keydown) refers to bsp_servo.o(.text.Servo_set_angle) for Servo_set_angle
    main.o(.text.Keys_on_keydown) refers to f2d.o(.text) for __aeabi_f2d
    main.o(.text.Keys_on_keydown) refers to printfa.o(i.__0printf) for __2printf
    main.o(.ARM.exidx.text.Keys_on_keydown) refers to main.o(.text.Keys_on_keydown) for [Anonymous Symbol]
    main.o(.text.main) refers to gd32f4xx_misc.o(.text.nvic_priority_group_set) for nvic_priority_group_set
    main.o(.text.main) refers to systick.o(.text.systick_config) for systick_config
    main.o(.text.main) refers to usart0.o(.text.USART0_init) for USART0_init
    main.o(.text.main) refers to timer.o(.text.TIMER_init) for TIMER_init
    main.o(.text.main) refers to bsp_keys.o(.text.Keys_init) for Keys_init
    main.o(.text.main) refers to bsp_servo.o(.text.Servo_init) for Servo_init
    main.o(.text.main) refers to systick.o(.text.delay_1ms) for delay_1ms
    main.o(.text.main) refers to puts.o(i.puts) for puts
    main.o(.text.main) refers to bsp_servo.o(.text.Servo_set_angle) for Servo_set_angle
    main.o(.text.main) refers to bsp_vl53l0x.o(.bss.vl53l0x_dev) for vl53l0x_dev
    main.o(.text.main) refers to bsp_vl53l0x.o(.text.vl53l0x_init) for vl53l0x_init
    main.o(.text.main) refers to printfa.o(i.__0printf) for __2printf
    main.o(.text.main) refers to vl53l0x_gen.o(.text.vl53l0x_set_mode) for vl53l0x_set_mode
    main.o(.text.main) refers to vl53l0x_gen.o(.bss.vl53l0x_data) for vl53l0x_data
    main.o(.text.main) refers to bsp_keys.o(.text.Keys_scan) for Keys_scan
    main.o(.text.main) refers to vl53l0x_api.o(.text.VL53L0X_PerformSingleRangingMeasurement) for VL53L0X_PerformSingleRangingMeasurement
    main.o(.ARM.exidx.text.main) refers to main.o(.text.main) for [Anonymous Symbol]
    system_gd32f4xx.o(.ARM.exidx.text.SystemInit) refers to system_gd32f4xx.o(.text.SystemInit) for [Anonymous Symbol]
    system_gd32f4xx.o(.text.SystemCoreClockUpdate) refers to system_gd32f4xx.o(.data.SystemCoreClock) for SystemCoreClock
    system_gd32f4xx.o(.ARM.exidx.text.SystemCoreClockUpdate) refers to system_gd32f4xx.o(.text.SystemCoreClockUpdate) for [Anonymous Symbol]
[...]
    [Anonymous Symbol]                       0x080014fc   Section        0  vl53l0x_api.o(.text.VL53L0X_GetLimitCheckValue)
    [Anonymous Symbol]                       0x08001580   Section        0  vl53l0x_api.o(.text.VL53L0X_GetMeasurementDataReady)
    [Anonymous Symbol]                       0x080015d4   Section        0  vl53l0x_api.o(.text.VL53L0X_GetPalErrorString)
    [Anonymous Symbol]                       0x080015d8   Section        0  vl53l0x_api.o(.text.VL53L0X_GetRangingMeasurementData)
    [Anonymous Symbol]                       0x080016e8   Section        0  vl53l0x_api.o(.text.VL53L0X_GetSequenceStepEnables)
    [Anonymous Symbol]                       0x0800175c   Section        0  vl53l0x_api.o(.text.VL53L0X_GetVcselPulsePeriod)
    [Anonymous Symbol]                       0x08001760   Section        0  vl53l0x_api.o(.text.VL53L0X_GetXTalkCompensationEnable)
    [Anonymous Symbol]                       0x08001768   Section        0  vl53l0x_api.o(.text.VL53L0X_PerformRefCalibration)
    [Anonymous Symbol]                       0x08001770   Section        0  vl53l0x_api.o(.text.VL53L0X_PerformRefSpadManagement)
    [Anonymous Symbol]                       0x08001774   Section        0  vl53l0x_api.o(.text.VL53L0X_PerformSingleRangingMeasurement)
    [Anonymous Symbol]                       0x080017f8   Section        0  vl53l0x_platform.o(.text.VL53L0X_PollingDelay)
    [Anonymous Symbol]                       0x08001818   Section        0  vl53l0x_platform.o(.text.VL53L0X_RdByte)
    [Anonymous Symbol]                       0x0800182c   Section        0  vl53l0x_platform.o(.text.VL53L0X_RdDWord)
    [Anonymous Symbol]                       0x08001840   Section        0  vl53l0x_platform.o(.text.VL53L0X_RdWord)
    [Anonymous Symbol]                       0x08001854   Section        0  vl53l0x_platform.o(.text.VL53L0X_ReadMulti)
    [Anonymous Symbol]                       0x08001878   Section        0  vl53l0x_api.o(.text.VL53L0X_SetDeviceAddress)
    [Anonymous Symbol]                       0x08001880   Section        0  vl53l0x_api.o(.text.VL53L0X_SetDeviceMode)
    [Anonymous Symbol]                       0x080018a4   Section        0  vl53l0x_api.o(.text.VL53L0X_SetGpioConfig)
    [Anonymous Symbol]                       0x08001a34   Section        0  vl53l0x_api.o(.text.VL53L0X_SetLimitCheckEnable)
    [Anonymous Symbol]                       0x08001acc   Section        0  vl53l0x_api.o(.text.VL53L0X_SetLimitCheckValue)
    [Anonymous Symbol]                       0x08001b3c   Section        0  vl53l0x_api.o(.text.VL53L0X_SetMeasurementTimingBudgetMicroSeconds)
    [Anonymous Symbol]                       0x08001b40   Section        0  vl53l0x_api.o(.text.VL53L0X_SetOffsetCalibrationDataMicroMeter)
    [Anonymous Symbol]                       0x08001b44   Section        0  vl53l0x_api.o(.text.VL53L0X_SetRefCalibration)
    [Anonymous Symbol]                       0x08001b48   Section        0  vl53l0x_api.o(.text.VL53L0X_SetReferenceSpads)
    [Anonymous Symbol]                       0x08001b4c   Section        0  vl53l0x_api.o(.text.VL53L0X_SetVcselPulsePeriod)
    [Anonymous Symbol]                       0x08001b50   Section        0  vl53l0x_api.o(.text.VL53L0X_SetXTalkCompensationRateMegaCps)
    [Anonymous Symbol]                       0x08001b84   Section        0  vl53l0x_api.o(.text.VL53L0X_StartMeasurement)
    [Anonymous Symbol]                       0x08001d2c   Section        0  vl53l0x_api.o(.text.VL53L0X_StaticInit)
    [Anonymous Symbol]                       0x08001f78   Section        0  vl53l0x_platform.o(.text.VL53L0X_UpdateByte)
    [Anonymous Symbol]                       0x08001fc4   Section        0  vl53l0x_platform.o(.text.VL53L0X_WrByte)
    [Anonymous Symbol]                       0x08001fd8   Section        0  vl53l0x_platform.o(.text.VL53L0X_WrWord)
    [Anonymous Symbol]                       0x08001fec   Section        0  vl53l0x_platform.o(.text.VL53L0X_WriteMulti)
    [Anonymous Symbol]                       0x08002010   Section        0  vl53l0x_api_core.o(.text.VL53L0X_calc_dmax)
    [Anonymous Symbol]                       0x08002160   Section        0  vl53l0x_api_core.o(.text.VL53L0X_calc_sigma_estimate)
    [Anonymous Symbol]                       0x080024fc   Section        0  vl53l0x_api_strings.o(.text.VL53L0X_get_device_info)
    [Anonymous Symbol]                       0x080025e0   Section        0  vl53l0x_api_core.o(.text.VL53L0X_get_info_from_device)
    [Anonymous Symbol]                       0x08003008   Section        0  vl53l0x_api_core.o(.text.VL53L0X_get_measurement_timing_budget_micro_seconds)
    [Anonymous Symbol]                       0x08003178   Section        0  vl53l0x_api_calibration.o(.text.VL53L0X_get_offset_calibration_data_micro_meter)
    [Anonymous Symbol]                       0x080031bc   Section        0  vl53l0x_api_strings.o(.text.VL53L0X_get_pal_error_string)
    [Anonymous Symbol]                       0x0800345c   Section        0  vl53l0x_api_core.o(.text.VL53L0X_get_pal_range_status)
    [Anonymous Symbol]                       0x08003674   Section        0  vl53l0x_api_core.o(.text.VL53L0X_get_vcsel_pulse_period)
    [Anonymous Symbol]                       0x080036ac   Section        0  vl53l0x_i2c.o(.text.VL53L0X_i2c_init)
    [Anonymous Symbol]                       0x080036fc   Section        0  vl53l0x_api_core.o(.text.VL53L0X_load_tuning_settings)
    [Anonymous Symbol]                       0x080037bc   Section        0  vl53l0x_api_core.o(.text.VL53L0X_measurement_poll_for_completion)
    [Anonymous Symbol]                       0x0800380c   Section        0  vl53l0x_api_calibration.o(.text.VL53L0X_perform_phase_calibration)
    [Anonymous Symbol]                       0x080038fc   Section        0  vl53l0x_api_calibration.o(.text.VL53L0X_perform_ref_calibration)
    [Anonymous Symbol]                       0x08003940   Section        0  vl53l0x_api_calibration.o(.text.VL53L0X_perform_ref_spad_management)
    [Anonymous Symbol]                       0x08003d08   Section        0  vl53l0x_api_calibration.o(.text.VL53L0X_perform_vhv_calibration)
    [Anonymous Symbol]                       0x08003dec   Section        0  vl53l0x_i2c.o(.text.VL53L0X_read_byte)
    [Anonymous Symbol]                       0x08003df4   Section        0  vl53l0x_i2c.o(.text.VL53L0X_read_dword)
    [Anonymous Symbol]                       0x08003e0c   Section        0  vl53l0x_i2c.o(.text.VL53L0X_read_multi)
    [Anonymous Symbol]                       0x08003e18   Section        0  vl53l0x_i2c.o(.text.VL53L0X_read_word)
    [Anonymous Symbol]                       0x08003e38   Section        0  vl53l0x_api_calibration.o(.text.VL53L0X_ref_calibration_io)
    [Anonymous Symbol]                       0x08003f00   Section        0  vl53l0x_api_core.o(.text.VL53L0X_set_measurement_timing_budget_micro_seconds)
    [Anonymous Symbol]                       0x08004088   Section        0  vl53l0x_api_calibration.o(.text.VL53L0X_set_offset_calibration_data_micro_meter)
    [Anonymous Symbol]                       0x080040d8   Section        0  vl53l0x_api_calibration.o(.text.VL53L0X_set_ref_calibration)
    [Anonymous Symbol]                       0x08004104   Section        0  vl53l0x_api_calibration.o(.text.VL53L0X_set_reference_spads)
    [Anonymous Symbol]                       0x080041b0   Section        0  vl53l0x_api_core.o(.text.VL53L0X_set_vcsel_pulse_period)
    [Anonymous Symbol]                       0x08004590   Section        0  vl53l0x_i2c.o(.text.VL53L0X_write_byte)
    [Anonymous Symbol]                       0x080045a8   Section        0  vl53l0x_i2c.o(.text.VL53L0X_write_multi)
    [Anonymous Symbol]                       0x080045b4   Section        0  vl53l0x_i2c.o(.text.VL53L0X_write_word)
    [Anonymous Symbol]                       0x080045e8   Section        0  vl53l0x_i2c.o(.text.VL_IIC_Read_nByte)
    [Anonymous Symbol]                       0x0800468c   Section        0  vl53l0x_i2c.o(.text.VL_IIC_Write_nByte)
    [Anonymous Symbol]                       0x08004720   Section        0  systick.o(.text.delay_1ms)
    [Anonymous Symbol]                       0x08004738   Section        0  systick.o(.text.delay_1us)
    [Anonymous Symbol]                       0x0800474c   Section        0  systick.o(.text.delay_decrement)
    [Anonymous Symbol]                       0x08004774   Section        0  gd32f4xx_dma.o(.text.dma_channel_disable)
    [Anonymous Symbol]                       0x08004788   Section        0  gd32f4xx_dma.o(.text.dma_channel_enable)
    [Anonymous Symbol]                       0x0800479c   Section        0  gd32f4xx_dma.o(.text.dma_channel_subperipheral_select)
    [Anonymous Symbol]                       0x080047b4   Section        0  gd32f4xx_dma.o(.text.dma_deinit)
    [Anonymous Symbol]                       0x08004804   Section        0  gd32f4xx_dma.o(.text.dma_flag_clear)
    [Anonymous Symbol]                       0x0800483c   Section        0  gd32f4xx_dma.o(.text.dma_single_data_mode_init)
    [Anonymous Symbol]                       0x080048c4   Section        0  gd32f4xx_dma.o(.text.dma_single_data_para_struct_init)
    [Anonymous Symbol]                       0x080048dc   Section        0  gd32f4xx_dma.o(.text.dma_transfer_number_get)
    [Anonymous Symbol]                       0x080048e8   Section        0  vl53l0x_api_calibration.o(.text.enable_ref_spads)
    [Anonymous Symbol]                       0x08004a2c   Section        0  usart0.o(.text.fputc)
    [Anonymous Symbol]                       0x08004a50   Section        0  vl53l0x_api_core.o(.text.get_sequence_step_timeout)
    [Anonymous Symbol]                       0x08004bbc   Section        0  gd32f4xx_gpio.o(.text.gpio_af_set)
    [Anonymous Symbol]                       0x08004c2c   Section        0  gd32f4xx_gpio.o(.text.gpio_bit_write)
    [Anonymous Symbol]                       0x08004c38   Section        0  gd32f4xx_gpio.o(.text.gpio_input_bit_get)
    [Anonymous Symbol]                       0x08004c44   Section        0  gd32f4xx_gpio.o(.text.gpio_mode_set)
    [Anonymous Symbol]                       0x08004c98   Section        0  gd32f4xx_gpio.o(.text.gpio_output_options_set)
    [Anonymous Symbol]                       0x08004ce0   Section        0  main.o(.text.main)
    [Anonymous Symbol]                       0x08004e30   Section        0  gd32f4xx_misc.o(.text.nvic_irq_enable)
    [Anonymous Symbol]                       0x08004ed8   Section        0  gd32f4xx_misc.o(.text.nvic_priority_group_set)
    [Anonymous Symbol]                       0x08004eec   Section        0  vl53l0x_api_calibration.o(.text.perform_ref_signal_measurement)
    [Anonymous Symbol]                       0x08004f5c   Section        0  bsp_vl53l0x.o(.text.print_pal_error)
    [Anonymous Symbol]                       0x08004f80   Section        0  gd32f4xx_rcu.o(.text.rcu_clock_freq_get)
    [Anonymous Symbol]                       0x0800503c   Section        0  gd32f4xx_rcu.o(.text.rcu_periph_clock_enable)
    [Anonymous Symbol]                       0x0800505c   Section        0  gd32f4xx_rcu.o(.text.rcu_periph_reset_disable)
    [Anonymous Symbol]                       0x0800507c   Section        0  gd32f4xx_rcu.o(.text.rcu_periph_reset_enable)
    [Anonymous Symbol]                       0x0800509c   Section        0  gd32f4xx_rcu.o(.text.rcu_timer_clock_prescaler_config)
    [Anonymous Symbol]                       0x080050c0   Section        0  vl53l0x_api_core.o(.text.set_sequence_step_timeout)
    [Anonymous Symbol]                       0x08005294   Section        0  systick.o(.text.systick_config)
    [Anonymous Symbol]                       0x080052e0   Section        0  gd32f4xx_timer.o(.text.timer_channel_output_config)
    [Anonymous Symbol]                       0x080054dc   Section        0  gd32f4xx_timer.o(.text.timer_channel_output_mode_config)
    [Anonymous Symbol]                       0x08005514   Section        0  gd32f4xx_timer.o(.text.timer_channel_output_pulse_value_config)
    [Anonymous Symbol]                       0x08005524   Section        0  gd32f4xx_timer.o(.text.timer_channel_output_struct_para_init)
    [Anonymous Symbol]                       0x08005530   Section        0  gd32f4xx_timer.o(.text.timer_deinit)
    [Anonymous Symbol]                       0x08005678   Section        0  gd32f4xx_timer.o(.text.timer_enable)
    [Anonymous Symbol]                       0x08005684   Section        0  gd32f4xx_timer.o(.text.timer_init)
    [Anonymous Symbol]                       0x08005730   Section        0  gd32f4xx_timer.o(.text.timer_struct_para_init)
    [Anonymous Symbol]                       0x08005740   Section        0  gd32f4xx_usart.o(.text.usart_baudrate_set)
    [Anonymous Symbol]                       0x08005800   Section        0  gd32f4xx_usart.o(.text.usart_data_first_config)
    [Anonymous Symbol]                       0x08005810   Section        0  gd32f4xx_usart.o(.text.usart_data_receive)
    [Anonymous Symbol]                       0x08005818   Section        0  gd32f4xx_usart.o(.text.usart_data_transmit)
    [Anonymous Symbol]                       0x08005820   Section        0  gd32f4xx_usart.o(.text.usart_deinit)
    [Anonymous Symbol]                       0x080058e8   Section        0  gd32f4xx_usart.o(.text.usart_dma_receive_config)
    [Anonymous Symbol]                       0x080058fc   Section        0  gd32f4xx_usart.o(.text.usart_dma_transmit_config)
    [Anonymous Symbol]                       0x08005910   Section        0  gd32f4xx_usart.o(.text.usart_enable)
    [Anonymous Symbol]                       0x0800591c   Section        0  gd32f4xx_usart.o(.text.usart_flag_get)
    [Anonymous Symbol]                       0x0800592c   Section        0  gd32f4xx_usart.o(.text.usart_interrupt_enable)
    [Anonymous Symbol]                       0x08005944   Section        0  gd32f4xx_usart.o(.text.usart_interrupt_flag_get)
    [Anonymous Symbol]                       0x08005968   Section        0  gd32f4xx_usart.o(.text.usart_parity_config)
    [Anonymous Symbol]                       0x08005978   Section        0  gd32f4xx_usart.o(.text.usart_receive_config)
    [Anonymous Symbol]                       0x08005984   Section        0  gd32f4xx_usart.o(.text.usart_stop_bit_set)
    [Anonymous Symbol]                       0x08005994   Section        0  gd32f4xx_usart.o(.text.usart_transmit_config)
    [Anonymous Symbol]                       0x080059a0   Section        0  gd32f4xx_usart.o(.text.usart_word_length_set)
    [Anonymous Symbol]                       0x080059b0   Section        0  bsp_vl53l0x.o(.text.vl53l0x_Addr_set)
    [Anonymous Symbol]                       0x08005a74   Section        0  bsp_vl53l0x.o(.text.vl53l0x_init)
    [Anonymous Symbol]                       0x08005b18   Section        0  bsp_vl53l0x.o(.text.vl53l0x_reset)
    [Anonymous Symbol]                       0x08005b54   Section        0  vl53l0x_gen.o(.text.vl53l0x_set_mode)
    i.__0printf                              0x08005c90   Section        0  printfa.o(i.__0printf)
    i.__scatterload_copy                     0x08005cb0   Section       14  handlers.o(i.__scatterload_copy)
    i.__scatterload_null                     0x08005cbe   Section        2  handlers.o(i.__scatterload_null)
    i.__scatterload_zeroinit                 0x08005cc0   Section       14  handlers.o(i.__scatterload_zeroinit)
    _fp_digits                               0x08005cd1   Thumb Code   366  printfa.o(i._fp_digits)
    i._fp_digits                             0x08005cd0   Section        0  printfa.o(i._fp_digits)
    _printf_core                             0x08005e55   Thumb Code  1744  printfa.o(i._printf_core)
    i._printf_core                           0x08005e54   Section        0  printfa.o(i._printf_core)
    _printf_post_padding                     0x08006531   Thumb Code    36  printfa.o(i._printf_post_padding)
    i._printf_post_padding                   0x08006530   Section        0  printfa.o(i._printf_post_padding)
    _printf_pre_padding                      0x08006555   Thumb Code    46  printfa.o(i._printf_pre_padding)
    i._printf_pre_padding                    0x08006554   Section        0  printfa.o(i._printf_pre_padding)
    i.puts                                   0x08006584   Section        0  puts.o(i.puts)
    .L__const.rcu_clock_freq_get.apb2_exp    0x080065a8   Data           8  gd32f4xx_rcu.o(.rodata.cst8)
    .L.str                                   0x080065b0   Data          22  bsp_vl53l0x.o(.rodata.str1.1)
    [Anonymous Symbol]                       0x080065b0   Section        0  bsp_vl53l0x.o(.rodata.str1.1)
    [Anonymous Symbol]                       0x080065c8   Section        0  vl53l0x_api_strings.o(.rodata.str1.4)
    .L.str.7                                 0x080065f8   Data          30  vl53l0x_api_strings.o(.rodata.str1.4)
    .L.str.8                                 0x08006618   Data          28  vl53l0x_api_strings.o(.rodata.str1.4)
    .L.str.9                                 0x08006634   Data          19  vl53l0x_api_strings.o(.rodata.str1.4)
    .L.str.10                                0x08006648   Data          21  vl53l0x_api_strings.o(.rodata.str1.4)
    .L.str.12                                0x08006670   Data          24  vl53l0x_api_strings.o(.rodata.str1.4)
    .L.str.35                                0x08006674   Data          22  vl53l0x_api_strings.o(.rodata.str1.4)
    .L.str.41                                0x0800668c   Data          25  vl53l0x_api_strings.o(.rodata.str1.4)
    .L.str.21                                0x080066bc   Data          19  vl53l0x_api_strings.o(.rodata.str1.4)
    .L.str.39                                0x08006790   Data          17  vl53l0x_api_strings.o(.rodata.str1.4)
    .L.str.30                                0x080067b0   Data          26  vl53l0x_api_strings.o(.rodata.str1.4)
    .L.str.31                                0x08006828   Data          18  vl53l0x_api_strings.o(.rodata.str1.4)
    .L.str.34                                0x0800683c   Data          20  vl53l0x_api_strings.o(.rodata.str1.4)
    .L.str.38                                0x08006850   Data          25  vl53l0x_api_strings.o(.rodata.str1.4)
    .L.str.33                                0x08006878   Data          25  vl53l0x_api_strings.o(.rodata.str1.4)
    .data                                    0x20000000   Section        4  stdout.o(.data)
    current_angle                            0x20000324   Data           4  bsp_servo.o(.bss.current_angle)
    [Anonymous Symbol]                       0x20000324   Section        0  bsp_servo.o(.bss.current_angle)
    delay                                    0x20000328   Data           4  systick.o(.bss.delay)
    [Anonymous Symbol]                       0x20000328   Section        0  systick.o(.bss.delay)
    tick_us                                  0x20000730   Data           4  systick.o(.bss.tick_us)
    [Anonymous Symbol]                       0x20000730   Section        0  systick.o(.bss.tick_us)
    STACK                                    0x20000918   Section     1024  startup_gd32f407_427.o(STACK)

    Global Symbols

    Symbol Name                              Value     Ov Type        Size  Object(Section)

    BuildAttributes$$THM_ISAv4$E$P$D$K$B$S$7EM$VFPi3$EXTD16$VFPS$VFMA$PE$A:L22UL41UL21$X:L11$S22US41US21$IEEE1$IW$~IW$USESV6$~STKCKD$USESV7$~SHL$OTIME$ROPI$EBA8$MICROLIB$REQ8$PRES8$EABIv2 0x00000000   Number         0  anon$$obj.o ABSOLUTE
    _printf_a                                0x00000000   Number         0  printfstubs.o ABSOLUTE
    _printf_c                                0x00000000   Number         0  printfstubs.o ABSOLUTE
    _printf_charcount                        0x00000000   Number         0  printfstubs.o ABSOLUTE
    _printf_d                                0x00000000   Number         0  printfstubs.o ABSOLUTE
    _printf_e                                0x00000000   Number         0  printfstubs.o ABSOLUTE
    _printf_f                                0x00000000   Number         0  printfstubs.o ABSOLUTE
    _printf_flags                            0x00000000   Number         0  printfstubs.o ABSOLUTE
    _printf_fp_dec                           0x00000000   Number         0  printfstubs.o ABSOLUTE
    _printf_fp_hex                           0x00000000   Number         0  printfstubs.o ABSOLUTE
    _printf_g                                0x00000000   Number         0  printfstubs.o ABSOLUTE
    _printf_i                                0x00000000   Number         0  printfstubs.o ABSOLUTE
    _printf_int_dec                          0x00000000   Number         0  printfstubs.o ABSOLUTE
    _printf_l                                0x00000000   Number         0  printfstubs.o ABSOLUTE
    _printf_lc                               0x00000000   Number         0  printfstubs.o ABSOLUTE
    _printf_ll                               0x00000000   Number         0  printfstubs.o ABSOLUTE
    _printf_lld                              0x00000000   Number         0  printfstubs.o ABSOLUTE
    _printf_lli                              0x00000000   Number         0  printfstubs.o ABSOLUTE
    _printf_llo                              0x00000000   Number         0  printfstubs.o ABSOLUTE
    _printf_llu                              0x00000000   Number         0  printfstubs.o ABSOLUTE
    _printf_llx                              0x00000000   Number         0  printfstubs.o ABSOLUTE
    _printf_longlong_dec                     0x00000000   Number         0  printfstubs.o ABSOLUTE
    _printf_longlong_hex                     0x00000000   Number         0  printfstubs.o ABSOLUTE
    _printf_longlong_oct                     0x00000000   Number         0  printfstubs.o ABSOLUTE
    _printf_ls                               0x00000000   Number         0  printfstubs.o ABSOLUTE
    _printf_mbtowc                           0x00000000   Number         0  printfstubs.o ABSOLUTE
    _printf_n                                0x00000000   Number         0  printfstubs.o ABSOLUTE
    _printf_o                                0x00000000   Number         0  printfstubs.o ABSOLUTE
    _printf_p                                0x00000000   Number         0  printfstubs.o ABSOLUTE
    _printf_percent                          0x00000000   Number         0  printfstubs.o ABSOLUTE
    _printf_pre_padding                      0x00000000   Number         0  printfstubs.o ABSOLUTE
    _printf_return_value                     0x00000000   Number         0  printfstubs.o ABSOLUTE
    _printf_s                                0x00000000   Number         0  printfstubs.o ABSOLUTE
    _printf_sizespec                         0x00000000   Number         0  printfstubs.o ABSOLUTE
    _printf_str                              0x00000000   Number         0  printfstubs.o ABSOLUTE
    _printf_truncate_signed                  0x00000000   Number         0  printfstubs.o ABSOLUTE
    _printf_truncate_unsigned                0x00000000   Number         0  printfstubs.o ABSOLUTE
    _printf_u                                0x00000000   Number         0  printfstubs.o ABSOLUTE
    _printf_wc                               0x00000000   Number         0  printfstubs.o ABSOLUTE
    _printf_wctomb                           0x00000000   Number         0  printfstubs.o ABSOLUTE
    _printf_widthprec                        0x00000000   Number         0  printfstubs.o ABSOLUTE
    _printf_x                                0x00000000   Number         0  printfstubs.o ABSOLUTE
    __cpp_initialize__aeabi_                  - Undefined Weak Reference
    __cxa_finalize                            - Undefined Weak Reference
    __decompress                              - Undefined Weak Reference
    _clock_init                               - Undefined Weak Reference
    _microlib_exit                            - Undefined Weak Reference
    __Vectors_Size                           0x00000188   Number         0  startup_gd32f407_427.o ABSOLUTE
    __Vectors                                0x08000000   Data           4  startup_gd32f407_427.o(RESET)
    __Vectors_End                            0x08000188   Data           0  startup_gd32f407_427.o(RESET)
    __main                                   0x08000189   Thumb Code     0  entry.o(.ARM.Collect$$$$00000000)
    _main_stk                                0x08000189   Thumb Code     0  entry2.o(.ARM.Collect$$$$00000001)
    _main_scatterload                        0x0800018d   Thumb Code     0  entry5.o(.ARM.Collect$$$$00000004)
    __main_after_scatterload                 0x08000191   Thumb Code     0  entry5.o(.ARM.Collect$$$$00000004)
    _main_clock                              0x08000191   Thumb Code     0  entry7b.o(.ARM.Collect$$$$00000008)
    _main_cpp_init                           0x08000191   Thumb Code     0  entry8b.o(.ARM.Collect$$$$0000000A)
    _main_init                               0x08000191   Thumb Code     0  entry9a.o(.ARM.Collect$$$$0000000B)
    __rt_final_cpp                           0x08000199   Thumb Code     0  entry10a.o(.ARM.Collect$$$$0000000D)
    __rt_final_exit                          0x08000199   Thumb Code     0  entry11a.o(.ARM.Collect$$$$0000000F)
    Reset_Handler                            0x0800019d   Thumb Code     8  startup_gd32f407_427.o(.text)
    ADC_IRQHandler                           0x080001b7   Thumb Code     0  startup_gd32f407_427.o(.text)
    CAN0_EWMC_IRQHandler                     0x080001b7   Thumb Code     0  startup_gd32f407_427.o(.text)
    CAN0_RX0_IRQHandler                      0x080001b7   Thumb Code     0  startup_gd32f407_427.o(.text)
    CAN0_RX1_IRQHandler                      0x080001b7   Thumb Code     0  startup_gd32f407_427.o(.text)
    CAN0_TX_IRQHandler                       0x080001b7   Thumb Code     0  startup_gd32f407_427.o(.text)
    CAN1_EWMC_IRQHandler                     0x080001b7   Thumb Code     0  startup_gd32f407_427.o(.text)
    CAN1_RX0_IRQHandler                      0x080001b7   Thumb Code     0  startup_gd32f407_427.o(.text)
    CAN1_RX1_IRQHandler                      0x080001b7   Thumb Code     0  startup_gd32f407_427.o(.text)
    CAN1_TX_IRQHandler                       0x080001b7   Thumb Code     0  startup_gd32f407_427.o(.text)
    DCI_IRQHandler                           0x080001b7   Thumb Code     0  startup_gd32f407_427.o(.text)
    DMA0_Channel0_IRQHandler                 0x080001b7   Thumb Code     0  startup_gd32f407_427.o(.text)
    DMA0_Channel1_IRQHandler                 0x080001b7   Thumb Code     0  startup_gd32f407_427.o(.text)
    DMA0_Channel2_IRQHandler                 0x080001b7   Thumb Code     0  startup_gd32f407_427.o(.text)
    DMA0_Channel3_IRQHandler                 0x080001b7   Thumb Code     0  startup_gd32f407_427.o(.text)
    DMA0_Channel4_IRQHandler                 0x080001b7   Thumb Code     0  startup_gd32f407_427.o(.text)
    DMA0_Channel5_IRQHandler                 0x080001b7   Thumb Code     0  startup_gd32f407_427.o(.text)
    DMA0_Channel6_IRQHandler                 0x080001b7   Thumb Code     0  startup_gd32f407_427.o(.text)
    DMA0_Channel7_IRQHandler                 0x080001b7   Thumb Code     0  startup_gd32f407_427.o(.text)
    DMA1_Channel0_IRQHandler                 0x080001b7   Thumb Code     0  startup_gd32f407_427.o(.text)
    DMA1_Channel1_IRQHandler                 0x080001b7   Thumb Code     0  startup_gd32f407_427.o(.text)
    DMA1_Channel2_IRQHandler                 0x080001b7   Thumb Code     0  startup_gd32f407_427.o(.text)
    DMA1_Channel3_IRQHandler                 0x080001b7   Thumb Code     0  startup_gd32f407_427.o(.text)
    DMA1_Channel4_IRQHandler                 0x080001b7   Thumb Code     0  startup_gd32f407_427.o(.text)
    DMA1_Channel5_IRQHandler                 0x080001b7   Thumb Code     0  startup_gd32f407_427.o(.text)
    DMA1_Channel6_IRQHandler                 0x080001b7   Thumb Code     0  startup_gd32f407_427.o(.text)
    DMA1_Channel7_IRQHandler                 0x080001b7   Thumb Code     0  startup_gd32f407_427.o(.text)
    ENET_IRQHandler                          0x080001b7   Thumb Code     0  startup_gd32f407_427.o(.text)
    ENET_WKUP_IRQHandler                     0x080001b7   Thumb Code     0  startup_gd32f407_427.o(.text)
    EXMC_IRQHandler                          0x080001b7   Thumb Code     0  startup_gd32f407_427.o(.text)
    EXTI0_IRQHandler                         0x080001b7   Thumb Code     0  startup_gd32f407_427.o(.text)
    EXTI10_15_IRQHandler                     0x080001b7   Thumb Code     0  startup_gd32f407_427.o(.text)
    EXTI1_IRQHandler                         0x080001b7   Thumb Code     0  startup_gd32f407_427.o(.text)
    EXTI2_IRQHandler                         0x080001b7   Thumb Code     0  startup_gd32f407_427.o(.text)
    EXTI3_IRQHandler                         0x080001b7   Thumb Code     0  startup_gd32f407_427.o(.text)
    EXTI4_IRQHandler                         0x080001b7   Thumb Code     0  startup_gd32f407_427.o(.text)
    FMC_IRQHandler                           0x080001b7   Thumb Code     0  startup_gd32f407_427.o(.text)
    FPU_IRQHandler                           0x080001b7   Thumb Code     0  startup_gd32f407_427.o(.text)
    I2C0_ER_IRQHandler                       0x080001b7   Thumb Code     0  startup_gd32f407_427.o(.text)
    I2C0_EV_IRQHandler                       0x080001b7   Thumb Code     0  startup_gd32f407_427.o(.text)
    I2C1_ER_IRQHandler                       0x080001b7   Thumb Code     0  startup_gd32f407_427.o(.text)
    I2C1_EV_IRQHandler                       0x080001b7   Thumb Code     0  startup_gd32f407_427.o(.text)
    I2C2_ER_IRQHandler                       0x080001b7   Thumb Code     0  startup_gd32f407_427.o(.text)
    I2C2_EV_IRQHandler                       0x080001b7   Thumb Code     0  startup_gd32f407_427.o(.text)
    LVD_IRQHandler                           0x080001b7   Thumb Code     0  startup_gd32f407_427.o(.text)
    RCU_CTC_IRQHandler                       0x080001b7   Thumb Code     0  startup_gd32f407_427.o(.text)
    RTC_Alarm_IRQHandler                     0x080001b7   Thumb Code     0  startup_gd32f407_427.o(.text)
    RTC_WKUP_IRQHandler                      0x080001b7   Thumb Code     0  startup_gd32f407_427.o(.text)
    SDIO_IRQHandler                          0x080001b7   Thumb Code     0  startup_gd32f407_427.o(.text)
    SPI0_IRQHandler                          0x080001b7   Thumb Code     0  startup_gd32f407_427.o(.text)
    SPI1_IRQHandler                          0x080001b7   Thumb Code     0  startup_gd32f407_427.o(.text)
    SPI2_IRQHandler                          0x080001b7   Thumb Code     0  startup_gd32f407_427.o(.text)
    TAMPER_STAMP_IRQHandler                  0x080001b7   Thumb Code     0  startup_gd32f407_427.o(.text)
    TIMER0_BRK_TIMER8_IRQHandler             0x080001b7   Thumb Code     0  startup_gd32f407_427.o(.text)
    TIMER0_Channel_IRQHandler                0x080001b7   Thumb Code     0  startup_gd32f407_427.o(.text)
    TIMER0_TRG_CMT_TIMER10_IRQHandler        0x080001b7   Thumb Code     0  startup_gd32f407_427.o(.text)
    TIMER0_UP_TIMER9_IRQHandler              0x080001b7   Thumb Code     0  startup_gd32f407_427.o(.text)
    TIMER1_IRQHandler                        0x080001b7   Thumb Code     0  startup_gd32f407_427.o(.text)
    TIMER2_IRQHandler                        0x080001b7   Thumb Code     0  startup_gd32f407_427.o(.text)
    TIMER3_IRQHandler                        0x080001b7   Thumb Code     0  startup_gd32f407_427.o(.text)
    TIMER4_IRQHandler                        0x080001b7   Thumb Code     0  startup_gd32f407_427.o(.text)
    TIMER5_DAC_IRQHandler                    0x080001b7   Thumb Code     0  startup_gd32f407_427.o(.text)
    TIMER6_IRQHandler                        0x080001b7   Thumb Code     0  startup_gd32f407_427.o(.text)
    TIMER7_BRK_TIMER11_IRQHandler            0x080001b7   Thumb Code     0  startup_gd32f407_427.o(.text)
    TIMER7_Channel_IRQHandler                0x080001b7   Thumb Code     0  startup_gd32f407_427.o(.text)
    TIMER7_TRG_CMT_TIMER13_IRQHandler        0x080001b7   Thumb Code     0  startup_gd32f407_427.o(.text)
    TIMER7_UP_TIMER12_IRQHandler             0x080001b7   Thumb Code     0  startup_gd32f407_427.o(.text)
    TRNG_IRQHandler                          0x080001b7   Thumb Code     0  startup_gd32f407_427.o(.text)
    UART3_IRQHandler                         0x080001b7   Thumb Code     0  startup_gd32f407_427.o(.text)
    UART4_IRQHandler                         0x080001b7   Thumb Code     0  startup_gd32f407_427.o(.text)
    USART1_IRQHandler                        0x080001b7   Thumb Code     0  startup_gd32f407_427.o(.text)
    USART2_IRQHandler                        0x080001b7   Thumb Code     0  startup_gd32f407_427.o(.text)
    USART5_IRQHandler                        0x080001b7   Thumb Code     0  startup_gd32f407_427.o(.text)
    USBFS_IRQHandler                         0x080001b7   Thumb Code     0  startup_gd32f407_427.o(.text)
    USBFS_WKUP_IRQHandler                    0x080001b7   Thumb Code     0  startup_gd32f407_427.o(.text)
    USBHS_EP1_In_IRQHandler                  0x080001b7   Thumb Code     0  startup_gd32f407_427.o(.text)
    USBHS_EP1_Out_IRQHandler                 0x080001b7   Thumb Code     0  startup_gd32f407_427.o(.text)
    USBHS_IRQHandler                         0x080001b7   Thumb Code     0  startup_gd32f407_427.o(.text)
    USBHS_WKUP_IRQHandler                    0x080001b7   Thumb Code     0  startup_gd32f407_427.o(.text)
    WWDGT_IRQHandler                         0x080001b7   Thumb Code     0  startup_gd32f407_427.o(.text)
    __aeabi_memcpy                           0x080001c1   Thumb Code    36  memcpya.o(.text)
    __aeabi_memcpy4                          0x080001c1   Thumb Code     0  memcpya.o(.text)
    __aeabi_memcpy8                          0x080001c1   Thumb Code     0  memcpya.o(.text)
    __aeabi_memset                           0x080001e5   Thumb Code    14  memseta.o(.text)
    __aeabi_memset4                          0x080001e5   Thumb Code     0  memseta.o(.text)
    __aeabi_memset8                          0x080001e5   Thumb Code     0  memseta.o(.text)
    __aeabi_memclr                           0x080001f3   Thumb Code     4  memseta.o(.text)
    __aeabi_memclr4                          0x080001f3   Thumb Code     0  memseta.o(.text)
    __aeabi_memclr8                          0x080001f3   Thumb Code     0  memseta.o(.text)
    _memset$wrapper                          0x080001f7   Thumb Code    18  memseta.o(.text)
    strcpy                                   0x08000209   Thumb Code    18  strcpy.o(.text)
    __aeabi_dmul                             0x0800021b   Thumb Code   228  dmul.o(.text)
    __aeabi_f2d                              0x080002ff   Thumb Code    38  f2d.o(.text)
    __aeabi_d2f                              0x08000325   Thumb Code    56  d2f.o(.text)
    __aeabi_uidiv                            0x0800035d   Thumb Code     0  uidiv.o(.text)
    __aeabi_uidivmod                         0x0800035d   Thumb Code    44  uidiv.o(.text)
    __aeabi_uldivmod                         0x08000389   Thumb Code    98  uldiv.o(.text)
    __I$use$fp                               0x080003eb   Thumb Code     0  iusefp.o(.text)
    _float_round                             0x080003eb   Thumb Code    18  fepilogue.o(.text)
    _float_epilogue                          0x080003fd   Thumb Code    92  fepilogue.o(.text)
    _double_round                            0x08000459   Thumb Code    30  depilogue.o(.text)
    _double_epilogue                         0x08000477   Thumb Code   156  depilogue.o(.text)
    __aeabi_dadd                             0x08000513   Thumb Code   322  dadd.o(.text)
    __aeabi_dsub                             0x08000655   Thumb Code     6  dadd.o(.text)
    __aeabi_drsub                            0x0800065b   Thumb Code     6  dadd.o(.text)
    __aeabi_ddiv                             0x08000661   Thumb Code   222  ddiv.o(.text)
    __aeabi_d2ulz                            0x0800073f   Thumb Code    48  dfixul.o(.text)
    __aeabi_cdrcmple                         0x08000771   Thumb Code    48  cdrcmple.o(.text)
    __scatterload                            0x080007a1   Thumb Code    38  init.o(.text)
    __scatterload_rt2                        0x080007a1   Thumb Code     0  init.o(.text)
    __aeabi_llsl                             0x080007d1   Thumb Code    30  llshl.o(.text)
    _ll_shift_l                              0x080007d1   Thumb Code     0  llshl.o(.text)
    __aeabi_llsr                             0x080007ef   Thumb Code    32  llushr.o(.text)
    _ll_ushift_r                             0x080007ef   Thumb Code     0  llushr.o(.text)
    __aeabi_lasr                             0x0800080f   Thumb Code    36  llsshr.o(.text)
    _ll_sshift_r                             0x0800080f   Thumb Code     0  llsshr.o(.text)
    BusFault_Handler                         0x08000835   Thumb Code     2  gd32f4xx_it.o(.text.BusFault_Handler)
    DebugMon_Handler                         0x08000839   Thumb Code     2  gd32f4xx_it.o(.text.DebugMon_Handler)
    EXTI5_9_IRQHandler                       0x0800083d   Thumb Code     2  exti.o(.text.EXTI5_9_IRQHandler)
    HardFault_Handler                        0x08000841   Thumb Code     2  gd32f4xx_it.o(.text.HardFault_Handler)
    I2C_WaitAck                              0x08000845   Thumb Code   208  vl53l0x_i2c.o(.text.I2C_WaitAck)
    IIC_Send_Ack                             0x08000915   Thumb Code   106  vl53l0x_i2c.o(.text.IIC_Send_Ack)
    IIC_Start                                0x08000981   Thumb Code    90  vl53l0x_i2c.o(.text.IIC_Start)
    Keys_init                                0x080009dd   Thumb Code    32  bsp_keys.o(.text.Keys_init)
    Keys_on_keydown                          0x080009fd   Thumb Code    60  main.o(.text.Keys_on_keydown)
    Keys_on_keyup                            0x08000a4d   Thumb Code     2  main.o(.text.Keys_on_keyup)
    Keys_scan                                0x08000a51   Thumb Code   184  bsp_keys.o(.text.Keys_scan)
    MemManage_Handler                        0x08000b09   Thumb Code     2  gd32f4xx_it.o(.text.MemManage_Handler)
    NMI_Handler                              0x08000b0d   Thumb Code     2  gd32f4xx_it.o(.text.NMI_Handler)
    PendSV_Handler                           0x08000b11   Thumb Code     2  gd32f4xx_it.o(.text.PendSV_Handler)
    Read_Byte                                0x08000b15   Thumb Code   106  vl53l0x_i2c.o(.text.Read_Byte)
    SVC_Handler                              0x08000b81   Thumb Code     2  gd32f4xx_it.o(.text.SVC_Handler)
    Send_Byte                                0x08000b85   Thumb Code    96  vl53l0x_i2c.o(.text.Send_Byte)
    Servo_get_angle                          0x08000be5   Thumb Code    14  bsp_servo.o(.text.Servo_get_angle)
    Servo_init                               0x08000bf5   Thumb Code     2  bsp_servo.o(.text.Servo_init)
    Servo_set_angle                          0x08000bf9   Thumb Code   136  bsp_servo.o(.text.Servo_set_angle)
    SysTick_Handler                          0x08000ca1   Thumb Code     4  gd32f4xx_it.o(.text.SysTick_Handler)
    SystemInit                               0x08000ca5   Thumb Code   342  system_gd32f4xx.o(.text.SystemInit)
    TIMER_channel_update                     0x08000dfd   Thumb Code    64  timer.o(.text.TIMER_channel_update)
    TIMER_init                               0x08000e45   Thumb Code   178  timer.o(.text.TIMER_init)
    USART0_IRQHandler                        0x08000ef9   Thumb Code   108  usart0.o(.text.USART0_IRQHandler)
    USART0_init                              0x08000f65   Thumb Code   398  usart0.o(.text.USART0_init)
    USART0_on_recv                           0x080010f5   Thumb Code     8  main.o(.text.USART0_on_recv)
    UsageFault_Handler                       0x0800110d   Thumb Code     2  gd32f4xx_it.o(.text.UsageFault_Handler)
    VL53L0X_ClearInterruptMask               0x08001111   Thumb Code    82  vl53l0x_api.o(.text.VL53L0X_ClearInterruptMask)
    VL53L0X_DataInit                         0x08001165   Thumb Code   626  vl53l0x_api.o(.text.VL53L0X_DataInit)
    VL53L0X_GetDeviceInfo                    0x080013d9   Thumb Code     4  vl53l0x_api.o(.text.VL53L0X_GetDeviceInfo)
    VL53L0X_GetDeviceParameters              0x080013dd   Thumb Code   264  vl53l0x_api.o(.text.VL53L0X_GetDeviceParameters)
    VL53L0X_GetLimitCheckEnable              0x080014e5   Thumb Code    24  vl53l0x_api.o(.text.VL53L0X_GetLimitCheckEnable)
    VL53L0X_GetLimitCheckValue               0x080014fd   Thumb Code   132  vl53l0x_api.o(.text.VL53L0X_GetLimitCheckValue)
    VL53L0X_GetMeasurementDataReady          0x08001581   Thumb Code    82  vl53l0x_api.o(.text.VL53L0X_GetMeasurementDataReady)
    VL53L0X_GetPalErrorString                0x080015d5   Thumb Code     4  vl53l0x_api.o(.text.VL53L0X_GetPalErrorString)
    VL53L0X_GetRangingMeasurementData        0x080015d9   Thumb Code   270  vl53l0x_api.o(.text.VL53L0X_GetRangingMeasurementData)
    VL53L0X_GetSequenceStepEnables           0x080016e9   Thumb Code   114  vl53l0x_api.o(.text.VL53L0X_GetSequenceStepEnables)
    VL53L0X_GetVcselPulsePeriod              0x0800175d   Thumb Code     4  vl53l0x_api.o(.text.VL53L0X_GetVcselPulsePeriod)
    VL53L0X_GetXTalkCompensationEnable       0x08001761   Thumb Code     8  vl53l0x_api.o(.text.VL53L0X_GetXTalkCompensationEnable)
    VL53L0X_PerformRefCalibration            0x08001769   Thumb Code     6  vl53l0x_api.o(.text.VL53L0X_PerformRefCalibration)
    VL53L0X_PerformRefSpadManagement         0x08001771   Thumb Code     4  vl53l0x_api.o(.text.VL53L0X_PerformRefSpadManagement)
    VL53L0X_PerformSingleRangingMeasurement  0x08001775   Thumb Code   132  vl53l0x_api.o(.text.VL53L0X_PerformSingleRangingMeasurement)
    VL53L0X_PollingDelay                     0x080017f9   Thumb Code    30  vl53l0x_platform.o(.text.VL53L0X_PollingDelay)
    VL53L0X_RdByte                           0x08001819   Thumb Code    20  vl53l0x_platform.o(.text.VL53L0X_RdByte)
    VL53L0X_RdDWord                          0x0800182d   Thumb Code    20  vl53l0x_platform.o(.text.VL53L0X_RdDWord)
    VL53L0X_RdWord                           0x08001841   Thumb Code    20  vl53l0x_platform.o(.text.VL53L0X_RdWord)
    VL53L0X_ReadMulti                        0x08001855   Thumb Code    34  vl53l0x_platform.o(.text.VL53L0X_ReadMulti)
    VL53L0X_SetDeviceAddress                 0x08001879   Thumb Code     8  vl53l0x_api.o(.text.VL53L0X_SetDeviceAddress)
    VL53L0X_SetDeviceMode                    0x08001881   Thumb Code    34  vl53l0x_api.o(.text.VL53L0X_SetDeviceMode)
    VL53L0X_SetGpioConfig                    0x080018a5   Thumb Code   400  vl53l0x_api.o(.text.VL53L0X_SetGpioConfig)
    VL53L0X_SetLimitCheckEnable              0x08001a35   Thumb Code   152  vl53l0x_api.o(.text.VL53L0X_SetLimitCheckEnable)
    VL53L0X_SetLimitCheckValue               0x08001acd   Thumb Code   110  vl53l0x_api.o(.text.VL53L0X_SetLimitCheckValue)
    VL53L0X_SetMeasurementTimingBudgetMicroSeconds 0x08001b3d   Thumb Code     4  vl53l0x_api.o(.text.VL53L0X_SetMeasurementTimingBudgetMicroSeconds)
    VL53L0X_SetOffsetCalibrationDataMicroMeter 0x08001b41   Thumb Code     4  vl53l0x_api.o(.text.VL53L0X_SetOffsetCalibrationDataMicroMeter)
    VL53L0X_SetRefCalibration                0x08001b45   Thumb Code     4  vl53l0x_api.o(.text.VL53L0X_SetRefCalibration)
    VL53L0X_SetReferenceSpads                0x08001b49   Thumb Code     4  vl53l0x_api.o(.text.VL53L0X_SetReferenceSpads)
    VL53L0X_SetVcselPulsePeriod              0x08001b4d   Thumb Code     4  vl53l0x_api.o(.text.VL53L0X_SetVcselPulsePeriod)
    VL53L0X_SetXTalkCompensationRateMegaCps  0x08001b51   Thumb Code    50  vl53l0x_api.o(.text.VL53L0X_SetXTalkCompensationRateMegaCps)
    VL53L0X_StartMeasurement                 0x08001b85   Thumb Code   422  vl53l0x_api.o(.text.VL53L0X_StartMeasurement)
    VL53L0X_StaticInit                       0x08001d2d   Thumb Code   586  vl53l0x_api.o(.text.VL53L0X_StaticInit)
    VL53L0X_UpdateByte                       0x08001f79   Thumb Code    76  vl53l0x_platform.o(.text.VL53L0X_UpdateByte)
    VL53L0X_WrByte                           0x08001fc5   Thumb Code    20  vl53l0x_platform.o(.text.VL53L0X_WrByte)
    VL53L0X_WrWord                           0x08001fd9   Thumb Code    20  vl53l0x_platform.o(.text.VL53L0X_WrWord)
    VL53L0X_WriteMulti                       0x08001fed   Thumb Code    34  vl53l0x_platform.o(.text.VL53L0X_WriteMulti)
    VL53L0X_calc_dmax                        0x08002011   Thumb Code   336  vl53l0x_api_core.o(.text.VL53L0X_calc_dmax)
    VL53L0X_calc_sigma_estimate              0x08002161   Thumb Code   922  vl53l0x_api_core.o(.text.VL53L0X_calc_sigma_estimate)
    VL53L0X_get_device_info                  0x080024fd   Thumb Code   204  vl53l0x_api_strings.o(.text.VL53L0X_get_device_info)
    VL53L0X_get_info_from_device             0x080025e1   Thumb Code  2598  vl53l0x_api_core.o(.text.VL53L0X_get_info_from_device)
    VL53L0X_get_measurement_timing_budget_micro_seconds 0x08003009   Thumb Code   366  vl53l0x_api_core.o(.text.VL53L0X_get_measurement_timing_budget_micro_seconds)
    VL53L0X_get_offset_calibration_data_micro_meter 0x08003179   Thumb Code    66  vl53l0x_api_calibration.o(.text.VL53L0X_get_offset_calibration_data_micro_meter)
    VL53L0X_get_pal_error_string             0x080031bd   Thumb Code   528  vl53l0x_api_strings.o(.text.VL53L0X_get_pal_error_string)
    VL53L0X_get_pal_range_status             0x0800345d   Thumb Code   534  vl53l0x_api_core.o(.text.VL53L0X_get_pal_range_status)
    VL53L0X_get_vcsel_pulse_period           0x08003675   Thumb Code    56  vl53l0x_api_core.o(.text.VL53L0X_get_vcsel_pulse_period)
    VL53L0X_i2c_init                         0x080036ad   Thumb Code    78  vl53l0x_i2c.o(.text.VL53L0X_i2c_init)
    VL53L0X_load_tuning_settings             0x080036fd   Thumb Code   192  vl53l0x_api_core.o(.text.VL53L0X_load_tuning_settings)
    VL53L0X_measurement_poll_for_completion  0x080037bd   Thumb Code    78  vl53l0x_api_core.o(.text.VL53L0X_measurement_poll_for_completion)
    VL53L0X_perform_phase_calibration        0x0800380d   Thumb Code   240  vl53l0x_api_calibration.o(.text.VL53L0X_perform_phase_calibration)
    VL53L0X_perform_ref_calibration          0x080038fd   Thumb Code    68  vl53l0x_api_calibration.o(.text.VL53L0X_perform_ref_calibration)
    VL53L0X_perform_ref_spad_management      0x08003941   Thumb Code   966  vl53l0x_api_calibration.o(.text.VL53L0X_perform_ref_spad_management)
    VL53L0X_perform_vhv_calibration          0x08003d09   Thumb Code   228  vl53l0x_api_calibration.o(.text.VL53L0X_perform_vhv_calibration)
    VL53L0X_read_byte                        0x08003ded   Thumb Code     8  vl53l0x_i2c.o(.text.VL53L0X_read_byte)
    VL53L0X_read_dword                       0x08003df5   Thumb Code    24  vl53l0x_i2c.o(.text.VL53L0X_read_dword)
    VL53L0X_read_multi                       0x08003e0d   Thumb Code    10  vl53l0x_i2c.o(.text.VL53L0X_read_multi)
    VL53L0X_read_word                        0x08003e19   Thumb Code    30  vl53l0x_i2c.o(.text.VL53L0X_read_word)
    VL53L0X_ref_calibration_io               0x08003e39   Thumb Code   198  vl53l0x_api_calibration.o(.text.VL53L0X_ref_calibration_io)
    VL53L0X_set_measurement_timing_budget_micro_seconds 0x08003f01   Thumb Code   392  vl53l0x_api_core.o(.text.VL53L0X_set_measurement_timing_budget_micro_seconds)
    VL53L0X_set_offset_calibration_data_micro_meter 0x08004089   Thumb Code    80  vl53l0x_api_calibration.o(.text.VL53L0X_set_offset_calibration_data_micro_meter)
    VL53L0X_set_ref_calibration              0x080040d9   Thumb Code    42  vl53l0x_api_calibration.o(.text.VL53L0X_set_ref_calibration)
    VL53L0X_set_reference_spads              0x08004105   Thumb Code   172  vl53l0x_api_calibration.o(.text.VL53L0X_set_reference_spads)
    VL53L0X_set_vcsel_pulse_period           0x080041b1   Thumb Code   990  vl53l0x_api_core.o(.text.VL53L0X_set_vcsel_pulse_period)
    VL53L0X_write_byte                       0x08004591   Thumb Code    22  vl53l0x_i2c.o(.text.VL53L0X_write_byte)
    VL53L0X_write_multi                      0x080045a9   Thumb Code    10  vl53l0x_i2c.o(.text.VL53L0X_write_multi)
    VL53L0X_write_word                       0x080045b5   Thumb Code    52  vl53l0x_i2c.o(.text.VL53L0X_write_word)
    VL_IIC_Read_nByte                        0x080045e9   Thumb Code   164  vl53l0x_i2c.o(.text.VL_IIC_Read_nByte)
    VL_IIC_Write_nByte                       0x0800468d   Thumb Code   146  vl53l0x_i2c.o(.text.VL_IIC_Write_nByte)
    delay_1ms                                0x08004721   Thumb Code    24  systick.o(.text.delay_1ms)
    delay_1us                                0x08004739   Thumb Code    20  systick.o(.text.delay_1us)
    delay_decrement                          0x0800474d   Thumb Code    38  systick.o(.text.delay_decrement)
    dma_channel_disable                      0x08004775   Thumb Code    18  gd32f4xx_dma.o(.text.dma_channel_disable)
    dma_channel_enable                       0x08004789   Thumb Code    18  gd32f4xx_dma.o(.text.dma_channel_enable)
    dma_channel_subperipheral_select         0x0800479d   Thumb Code    22  gd32f4xx_dma.o(.text.dma_channel_subperipheral_select)
    dma_deinit                               0x080047b5   Thumb Code    78  gd32f4xx_dma.o(.text.dma_deinit)
    dma_flag_clear                           0x08004805   Thumb Code    54  gd32f4xx_dma.o(.text.dma_flag_clear)
    dma_single_data_mode_init                0x0800483d   Thumb Code   134  gd32f4xx_dma.o(.text.dma_single_data_mode_init)
    dma_single_data_para_struct_init         0x080048c5   Thumb Code    24  gd32f4xx_dma.o(.text.dma_single_data_para_struct_init)
    dma_transfer_number_get                  0x080048dd   Thumb Code    12  gd32f4xx_dma.o(.text.dma_transfer_number_get)
    enable_ref_spads                         0x080048e9   Thumb Code   322  vl53l0x_api_calibration.o(.text.enable_ref_spads)
    fputc                                    0x08004a2d   Thumb Code    36  usart0.o(.text.fputc)
    get_sequence_step_timeout                0x08004a51   Thumb Code   364  vl53l0x_api_core.o(.text.get_sequence_step_timeout)
    gpio_af_set                              0x08004bbd   Thumb Code   110  gd32f4xx_gpio.o(.text.gpio_af_set)
    gpio_bit_write                           0x08004c2d   Thumb Code    12  gd32f4xx_gpio.o(.text.gpio_bit_write)
    gpio_input_bit_get                       0x08004c39   Thumb Code    10  gd32f4xx_gpio.o(.text.gpio_input_bit_get)
    gpio_mode_set                            0x08004c45   Thumb Code    84  gd32f4xx_gpio.o(.text.gpio_mode_set)
    gpio_output_options_set                  0x08004c99   Thumb Code    70  gd32f4xx_gpio.o(.text.gpio_output_options_set)
    main                                     0x08004ce1   Thumb Code   236  main.o(.text.main)
    nvic_irq_enable                          0x08004e31   Thumb Code   166  gd32f4xx_misc.o(.text.nvic_irq_enable)
    nvic_priority_group_set                  0x08004ed9   Thumb Code    20  gd32f4xx_misc.o(.text.nvic_priority_group_set)
    perform_ref_signal_measurement           0x08004eed   Thumb Code   110  vl53l0x_api_calibration.o(.text.perform_ref_signal_measurement)
    print_pal_error                          0x08004f5d   Thumb Code    34  bsp_vl53l0x.o(.text.print_pal_error)
    rcu_clock_freq_get                       0x08004f81   Thumb Code   172  gd32f4xx_rcu.o(.text.rcu_clock_freq_get)
    rcu_periph_clock_enable                  0x0800503d   Thumb Code    30  gd32f4xx_rcu.o(.text.rcu_periph_clock_enable)
    rcu_periph_reset_disable                 0x0800505d   Thumb Code    32  gd32f4xx_rcu.o(.text.rcu_periph_reset_disable)
    rcu_periph_reset_enable                  0x0800507d   Thumb Code    30  gd32f4xx_rcu.o(.text.rcu_periph_reset_enable)
    rcu_timer_clock_prescaler_config         0x0800509d   Thumb Code    34  gd32f4xx_rcu.o(.text.rcu_timer_clock_prescaler_config)
    set_sequence_step_timeout                0x080050c1   Thumb Code   468  vl53l0x_api_core.o(.text.set_sequence_step_timeout)
    systick_config                           0x08005295   Thumb Code    74  systick.o(.text.systick_config)
    timer_channel_output_config              0x080052e1   Thumb Code   508  gd32f4xx_timer.o(.text.timer_channel_output_config)
    timer_channel_output_mode_config         0x080054dd   Thumb Code    56  gd32f4xx_timer.o(.text.timer_channel_output_mode_config)
    timer_channel_output_pulse_value_config  0x08005515   Thumb Code    14  gd32f4xx_timer.o(.text.timer_channel_output_pulse_value_config)
    timer_channel_output_struct_para_init    0x08005525   Thumb Code    10  gd32f4xx_timer.o(.text.timer_channel_output_struct_para_init)
    timer_deinit                             0x08005531   Thumb Code   326  gd32f4xx_timer.o(.text.timer_deinit)
    timer_enable                             0x08005679   Thumb Code    10  gd32f4xx_timer.o(.text.timer_enable)
    timer_init                               0x08005685   Thumb Code   170  gd32f4xx_timer.o(.text.timer_init)
    timer_struct_para_init                   0x08005731   Thumb Code    16  gd32f4xx_timer.o(.text.timer_struct_para_init)
    usart_baudrate_set                       0x08005741   Thumb Code   190  gd32f4xx_usart.o(.text.usart_baudrate_set)
    usart_data_first_config                  0x08005801   Thumb Code    16  gd32f4xx_usart.o(.text.usart_data_first_config)
    usart_data_receive                       0x08005811   Thumb Code     8  gd32f4xx_usart.o(.text.usart_data_receive)
    usart_data_transmit                      0x08005819   Thumb Code     8  gd32f4xx_usart.o(.text.usart_data_transmit)
    usart_deinit                             0x08005821   Thumb Code   200  gd32f4xx_usart.o(.text.usart_deinit)
    usart_dma_receive_config                 0x080058e9   Thumb Code    20  gd32f4xx_usart.o(.text.usart_dma_receive_config)
    usart_dma_transmit_config                0x080058fd   Thumb Code    20  gd32f4xx_usart.o(.text.usart_dma_transmit_config)
    usart_enable                             0x08005911   Thumb Code    10  gd32f4xx_usart.o(.text.usart_enable)
    usart_flag_get                           0x0800591d   Thumb Code    16  gd32f4xx_usart.o(.text.usart_flag_get)
    usart_interrupt_enable                   0x0800592d   Thumb Code    22  gd32f4xx_usart.o(.text.usart_interrupt_enable)
    usart_interrupt_flag_get                 0x08005945   Thumb Code    34  gd32f4xx_usart.o(.text.usart_interrupt_flag_get)
    usart_parity_config                      0x08005969   Thumb Code    16  gd32f4xx_usart.o(.text.usart_parity_config)
    usart_receive_config                     0x08005979   Thumb Code    12  gd32f4xx_usart.o(.text.usart_receive_config)
    usart_stop_bit_set                       0x08005985   Thumb Code    16  gd32f4xx_usart.o(.text.usart_stop_bit_set)
    usart_transmit_config                    0x08005995   Thumb Code    12  gd32f4xx_usart.o(.text.usart_transmit_config)
    usart_word_length_set                    0x080059a1   Thumb Code    16  gd32f4xx_usart.o(.text.usart_word_length_set)
    vl53l0x_Addr_set                         0x080059b1   Thumb Code   184  bsp_vl53l0x.o(.text.vl53l0x_Addr_set)
    vl53l0x_init                             0x08005a75   Thumb Code   164  bsp_vl53l0x.o(.text.vl53l0x_init)
    vl53l0x_reset                            0x08005b19   Thumb Code    60  bsp_vl53l0x.o(.text.vl53l0x_reset)
    vl53l0x_set_mode                         0x08005b55   Thumb Code   316  vl53l0x_gen.o(.text.vl53l0x_set_mode)
    __0printf                                0x08005c91   Thumb Code    22  printfa.o(i.__0printf)
    __1printf                                0x08005c91   Thumb Code     0  printfa.o(i.__0printf)
    __2printf                                0x08005c91   Thumb Code     0  printfa.o(i.__0printf)
    __c89printf                              0x08005c91   Thumb Code     0  printfa.o(i.__0printf)
    printf                                   0x08005c91   Thumb Code     0  printfa.o(i.__0printf)
    __scatterload_copy                       0x08005cb1   Thumb Code    14  handlers.o(i.__scatterload_copy)
    __scatterload_null                       0x08005cbf   Thumb Code     2  handlers.o(i.__scatterload_null)
    __scatterload_zeroinit                   0x08005cc1   Thumb Code    14  handlers.o(i.__scatterload_zeroinit)
    puts                                     0x08006585   Thumb Code    30  puts.o(i.puts)
    Region$$Table$$Base                      0x080068b4   Number         0  anon$$obj.o(Region$$Table)
    Region$$Table$$Limit                     0x080068d4   Number         0  anon$$obj.o(Region$$Table)
    __stdout                                 0x20000000   Data           4  stdout.o(.data)
    DefaultTuningSettings                    0x20000004   Data         243  vl53l0x_api.o(.data.DefaultTuningSettings)
    InterruptThresholdSettings               0x200000f7   Data         438  vl53l0x_api.o(.data.InterruptThresholdSettings)
    Mode_data                                0x200002b0   Data          64  bsp_vl53l0x.o(.data.Mode_data)
    SystemCoreClock                          0x200002f0   Data           4  system_gd32f4xx.o(.data.SystemCoreClock)
    pre_state0                               0x200002f4   Data           1  bsp_keys.o(.data.pre_state0)
    pre_state1                               0x200002f5   Data           1  bsp_keys.o(.data.pre_state1)
    pre_state2                               0x200002f6   Data           1  bsp_keys.o(.data.pre_state2)
    pre_state3                               0x200002f7   Data           1  bsp_keys.o(.data.pre_state3)
    refArrayQuadrants                        0x200002f8   Data          16  vl53l0x_api_calibration.o(.data.refArrayQuadrants)
    AjustOK                                  0x20000308   Data           1  bsp_vl53l0x.o(.bss.AjustOK)
    Vl53l0x_data                             0x2000030c   Data          24  vl53l0x_cali.o(.bss.Vl53l0x_data)
    g_rx_buffer                              0x2000032c   Data        1024  usart0.o(.bss.g_rx_buffer)
    g_rx_cnt                                 0x2000072c   Data           4  usart0.o(.bss.g_rx_cnt)
    vl53l0x_data                             0x20000734   Data          28  vl53l0x_gen.o(.bss.vl53l0x_data)
    vl53l0x_dev                              0x20000750   Data         352  bsp_vl53l0x.o(.bss.vl53l0x_dev)
    vl53l0x_dev_info                         0x200008b0   Data          99  bsp_vl53l0x.o(.bss.vl53l0x_dev_info)
    __initial_sp                             0x20000d18   Data           0  startup_gd32f407_427.o(STACK)



==============================================================================

Memory Map of the image

  Image Entry point : 0x08000189

  Load Region LR_IROM1 (Base: 0x08000000, Size: 0x00006be0, Max: 0x00080000, ABSOLUTE)

    Execution Region ER_IROM1 (Exec base: 0x08000000, Load base: 0x08000000, Size: 0x000068d4, Max: 0x00080000, ABSOLUTE)

    Exec Addr    Load Addr    Size         Type   Attr      Idx    E Section Name        Object

    0x08000000   0x08000000   0x00000188   Data   RO           78    RESET               startup_gd32f407_427.o
    0x08000188   0x08000188   0x00000000   Code   RO         1199  * .ARM.Collect$$$$00000000  mc_w.l(entry.o)
    0x08000188   0x08000188   0x00000004   Code   RO         1483    .ARM.Collect$$$$00000001  mc_w.l(entry2.o)
    0x0800018c   0x0800018c   0x00000004   Code   RO         1486    .ARM.Collect$$$$00000004  mc_w.l(entry5.o)
    0x08000190   0x08000190   0x00000000   Code   RO         1488    .ARM.Collect$$$$00000008  mc_w.l(entry7b.o)
    0x08000190   0x08000190   0x00000000   Code   RO         1490    .ARM.Collect$$$$0000000A  mc_w.l(entry8b.o)
    0x08000190   0x08000190   0x00000008   Code   RO         1491    .ARM.Collect$$$$0000000B  mc_w.l(entry9a.o)
    0x08000198   0x08000198   0x00000000   Code   RO         1493    .ARM.Collect$$$$0000000D  mc_w.l(entry10a.o)
    0x08000198   0x08000198   0x00000000   Code   RO         1495    .ARM.Collect$$$$0000000F  mc_w.l(entry11a.o)
    0x08000198   0x08000198   0x00000004   Code   RO         1484    .ARM.Collect$$$$00002712  mc_w.l(entry2.o)
    0x0800019c   0x0800019c   0x00000024   Code   RO           79    .text               startup_gd32f407_427.o
    0x080001c0   0x080001c0   0x00000024   Code   RO         1206    .text               mc_w.l(memcpya.o)
    0x080001e4   0x080001e4   0x00000024   Code   RO         1208    .text               mc_w.l(memseta.o)
    0x08000208   0x08000208   0x00000012   Code   RO         1212    .text               mc_w.l(strcpy.o)
    0x0800021a   0x0800021a   0x000000e4   Code   RO         1477    .text               mf_w.l(dmul.o)
    0x080002fe   0x080002fe   0x00000026   Code   RO         1479    .text               mf_w.l(f2d.o)
    0x08000324   0x08000324   0x00000038   Code   RO         1481    .text               mf_w.l(d2f.o)
    0x0800035c   0x0800035c   0x0000002c   Code   RO         1507    .text               mc_w.l(uidiv.o)
    0x08000388   0x08000388   0x00000062   Code   RO         1509    .text               mc_w.l(uldiv.o)
    0x080003ea   0x080003ea   0x00000000   Code   RO         1511    .text               mc_w.l(iusefp.o)
    0x080003ea   0x080003ea   0x0000006e   Code   RO         1512    .text               mf_w.l(fepilogue.o)
    0x08000458   0x08000458   0x000000ba   Code   RO         1514    .text               mf_w.l(depilogue.o)
    0x08000512   0x08000512   0x0000014e   Code   RO         1516    .text               mf_w.l(dadd.o)
    0x08000660   0x08000660   0x000000de   Code   RO         1518    .text               mf_w.l(ddiv.o)
    0x0800073e   0x0800073e   0x00000030   Code   RO         1520    .text               mf_w.l(dfixul.o)
    0x0800076e   0x0800076e   0x00000002   PAD
    0x08000770   0x08000770   0x00000030   Code   RO         1522    .text               mf_w.l(cdrcmple.o)
    0x080007a0   0x080007a0   0x00000030   Code   RO         1524    .text               mc_w.l(init.o)
    0x080007d0   0x080007d0   0x0000001e   Code   RO         1526    .text               mc_w.l(llshl.o)
    0x080007ee   0x080007ee   0x00000020   Code   RO         1528    .text               mc_w.l(llushr.o)
    0x0800080e   0x0800080e   0x00000024   Code   RO         1530    .text               mc_w.l(llsshr.o)
    0x08000832   0x08000832   0x00000002   PAD
    0x08000834   0x08000834   0x00000002   Code   RO            8    .text.BusFault_Handler  gd32f4xx_it.o
    0x08000836   0x08000836   0x00000002   PAD
    0x08000838   0x08000838   0x00000002   Code   RO           14    .text.DebugMon_Handler  gd32f4xx_it.o
    0x0800083a   0x0800083a   0x00000002   PAD
    0x0800083c   0x0800083c   0x00000002   Code   RO          679    .text.EXTI5_9_IRQHandler  exti.o
    0x0800083e   0x0800083e   0x00000002   PAD
    0x08000840   0x08000840   0x00000002   Code   RO            4    .text.HardFault_Handler  gd32f4xx_it.o
    0x08000842   0x08000842   0x00000002   PAD
    0x08000844   0x08000844   0x000000d0   Code   RO          786    .text.I2C_WaitAck   vl53l0x_i2c.o
    0x08000914   0x08000914   0x0000006a   Code   RO          784    .text.IIC_Send_Ack  vl53l0x_i2c.o
    0x0800097e   0x0800097e   0x00000002   PAD
    0x08000980   0x08000980   0x0000005a   Code   RO          780    .text.IIC_Start     vl53l0x_i2c.o
    0x080009da   0x080009da   0x00000002   PAD
    0x080009dc   0x080009dc   0x00000020   Code   RO          717    .text.Keys_init     bsp_keys.o
    0x080009fc   0x080009fc   0x00000050   Code   RO           51    .text.Keys_on_keydown  main.o
    0x08000a4c   0x08000a4c   0x00000002   Code   RO           49    .text.Keys_on_keyup  main.o
    0x08000a4e   0x08000a4e   0x00000002   PAD
    0x08000a50   0x08000a50   0x000000b8   Code   RO          719    .text.Keys_scan     bsp_keys.o
    0x08000b08   0x08000b08   0x00000002   Code   RO            6    .text.MemManage_Handler  gd32f4xx_it.o
    0x08000b0a   0x08000b0a   0x00000002   PAD
    0x08000b0c   0x08000b0c   0x00000002   Code   RO            2    .text.NMI_Handler   gd32f4xx_it.o
    0x08000b0e   0x08000b0e   0x00000002   PAD
    0x08000b10   0x08000b10   0x00000002   Code   RO           16    .text.PendSV_Handler  gd32f4xx_it.o
    0x08000b12   0x08000b12   0x00000002   PAD
    0x08000b14   0x08000b14   0x0000006a   Code   RO          790    .text.Read_Byte     vl53l0x_i2c.o
    0x08000b7e   0x08000b7e   0x00000002   PAD
    0x08000b80   0x08000b80   0x00000002   Code   RO           12    .text.SVC_Handler   gd32f4xx_it.o
    0x08000b82   0x08000b82   0x00000002   PAD
    0x08000b84   0x08000b84   0x00000060   Code   RO          788    .text.Send_Byte     vl53l0x_i2c.o
    0x08000be4   0x08000be4   0x0000000e   Code   RO          706    .text.Servo_get_angle  bsp_servo.o
    0x08000bf2   0x08000bf2   0x00000002   PAD
    0x08000bf4   0x08000bf4   0x00000002   Code   RO          702    .text.Servo_init    bsp_servo.o
    0x08000bf6   0x08000bf6   0x00000002   PAD
    0x08000bf8   0x08000bf8   0x000000a8   Code   RO          704    .text.Servo_set_angle  bsp_servo.o
    0x08000ca0   0x08000ca0   0x00000004   Code   RO           18    .text.SysTick_Handler  gd32f4xx_it.o
    0x08000ca4   0x08000ca4   0x00000156   Code   RO           64    .text.SystemInit    system_gd32f4xx.o
    0x08000dfa   0x08000dfa   0x00000002   PAD
    0x08000dfc   0x08000dfc   0x00000048   Code   RO          690    .text.TIMER_channel_update  timer.o
    0x08000e44   0x08000e44   0x000000b2   Code   RO          688    .text.TIMER_init    timer.o
    0x08000ef6   0x08000ef6   0x00000002   PAD
    0x08000ef8   0x08000ef8   0x0000006c   Code   RO          665    .text.USART0_IRQHandler  usart0.o
    0x08000f64   0x08000f64   0x0000018e   Code   RO          649    .text.USART0_init   usart0.o
    0x080010f2   0x080010f2   0x00000002   PAD
    0x080010f4   0x080010f4   0x00000018   Code   RO           47    .text.USART0_on_recv  main.o
    0x0800110c   0x0800110c   0x00000002   Code   RO           10    .text.UsageFault_Handler  gd32f4xx_it.o
    0x0800110e   0x0800110e   0x00000002   PAD
    0x08001110   0x08001110   0x00000052   Code   RO         1020    .text.VL53L0X_ClearInterruptMask  vl53l0x_api.o
    0x08001162   0x08001162   0x00000002   PAD
    0x08001164   0x08001164   0x00000272   Code   RO          894    .text.VL53L0X_DataInit  vl53l0x_api.o
    0x080013d6   0x080013d6   0x00000002   PAD
    0x080013d8   0x080013d8   0x00000004   Code   RO          858    .text.VL53L0X_GetDeviceInfo  vl53l0x_api.o
    0x080013dc   0x080013dc   0x00000108   Code   RO          896    .text.VL53L0X_GetDeviceParameters  vl53l0x_api.o
    0x080014e4   0x080014e4   0x00000018   Code   RO          938    .text.VL53L0X_GetLimitCheckEnable  vl53l0x_api.o
    0x080014fc   0x080014fc   0x00000084   Code   RO          936    .text.VL53L0X_GetLimitCheckValue  vl53l0x_api.o
    0x08001580   0x08001580   0x00000052   Code   RO         1006    .text.VL53L0X_GetMeasurementDataReady  vl53l0x_api.o
    0x080015d2   0x080015d2   0x00000002   PAD
    0x080015d4   0x080015d4   0x00000004   Code   RO          866    .text.VL53L0X_GetPalErrorString  vl53l0x_api.o
    0x080015d8   0x080015d8   0x0000010e   Code   RO         1012    .text.VL53L0X_GetRangingMeasurementData  vl53l0x_api.o
    0x080016e6   0x080016e6   0x00000002   PAD
    0x080016e8   0x080016e8   0x00000072   Code   RO          956    .text.VL53L0X_GetSequenceStepEnables  vl53l0x_api.o
    0x0800175a   0x0800175a   0x00000002   PAD
    0x0800175c   0x0800175c   0x00000004   Code   RO          912    .text.VL53L0X_GetVcselPulsePeriod  vl53l0x_api.o
    0x08001760   0x08001760   0x00000008   Code   RO          968    .text.VL53L0X_GetXTalkCompensationEnable  vl53l0x_api.o
    0x08001768   0x08001768   0x00000006   Code   RO          992    .text.VL53L0X_PerformRefCalibration  vl53l0x_api.o
    0x0800176e   0x0800176e   0x00000002   PAD
    0x08001770   0x08001770   0x00000004   Code   RO         1048    .text.VL53L0X_PerformRefSpadManagement  vl53l0x_api.o
    0x08001774   0x08001774   0x00000084   Code   RO         1018    .text.VL53L0X_PerformSingleRangingMeasurement  vl53l0x_api.o
    0x080017f8   0x080017f8   0x0000001e   Code   RO          842    .text.VL53L0X_PollingDelay  vl53l0x_platform.o
    0x08001816   0x08001816   0x00000002   PAD
    0x08001818   0x08001818   0x00000014   Code   RO          836    .text.VL53L0X_RdByte  vl53l0x_platform.o
    0x0800182c   0x0800182c   0x00000014   Code   RO          840    .text.VL53L0X_RdDWord  vl53l0x_platform.o
    0x08001840   0x08001840   0x00000014   Code   RO          838    .text.VL53L0X_RdWord  vl53l0x_platform.o
    0x08001854   0x08001854   0x00000022   Code   RO          826    .text.VL53L0X_ReadMulti  vl53l0x_platform.o
    0x08001876   0x08001876   0x00000002   PAD
    0x08001878   0x08001878   0x00000008   Code   RO          892    .text.VL53L0X_SetDeviceAddress  vl53l0x_api.o
    0x08001880   0x08001880   0x00000022   Code   RO          920    .text.VL53L0X_SetDeviceMode  vl53l0x_api.o
    0x080018a2   0x080018a2   0x00000002   PAD
    0x080018a4   0x080018a4   0x00000190   Code   RO          906    .text.VL53L0X_SetGpioConfig  vl53l0x_api.o
    0x08001a34   0x08001a34   0x00000098   Code   RO          898    .text.VL53L0X_SetLimitCheckEnable  vl53l0x_api.o
    0x08001acc   0x08001acc   0x0000006e   Code   RO          900    .text.VL53L0X_SetLimitCheckValue  vl53l0x_api.o
    0x08001b3a   0x08001b3a   0x00000002   PAD
    0x08001b3c   0x08001b3c   0x00000004   Code   RO          928    .text.VL53L0X_SetMeasurementTimingBudgetMicroSeconds  vl53l0x_api.o
    0x08001b40   0x08001b40   0x00000004   Code   RO          878    .text.VL53L0X_SetOffsetCalibrationDataMicroMeter  vl53l0x_api.o
    0x08001b44   0x08001b44   0x00000004   Code   RO          970    .text.VL53L0X_SetRefCalibration  vl53l0x_api.o
    0x08001b48   0x08001b48   0x00000004   Code   RO         1044    .text.VL53L0X_SetReferenceSpads  vl53l0x_api.o
    0x08001b4c   0x08001b4c   0x00000004   Code   RO          950    .text.VL53L0X_SetVcselPulsePeriod  vl53l0x_api.o
    0x08001b50   0x08001b50   0x00000032   Code   RO          924    .text.VL53L0X_SetXTalkCompensationRateMegaCps  vl53l0x_api.o
    0x08001b82   0x08001b82   0x00000002   PAD
    0x08001b84   0x08001b84   0x000001a6   Code   RO          988    .text.VL53L0X_StartMeasurement  vl53l0x_api.o
    0x08001d2a   0x08001d2a   0x00000002   PAD
    0x08001d2c   0x08001d2c   0x0000024a   Code   RO          874    .text.VL53L0X_StaticInit  vl53l0x_api.o
    0x08001f76   0x08001f76   0x00000002   PAD
    0x08001f78   0x08001f78   0x0000004c   Code   RO          834    .text.VL53L0X_UpdateByte  vl53l0x_platform.o
    0x08001fc4   0x08001fc4   0x00000014   Code   RO          828    .text.VL53L0X_WrByte  vl53l0x_platform.o
    0x08001fd8   0x08001fd8   0x00000014   Code   RO          830    .text.VL53L0X_WrWord  vl53l0x_platform.o
    0x08001fec   0x08001fec   0x00000022   Code   RO          824    .text.VL53L0X_WriteMulti  vl53l0x_platform.o
    0x0800200e   0x0800200e   0x00000002   PAD
    0x08002010   0x08002010   0x00000150   Code   RO         1159    .text.VL53L0X_calc_dmax  vl53l0x_api_core.o
    0x08002160   0x08002160   0x0000039a   Code   RO         1161    .text.VL53L0X_calc_sigma_estimate  vl53l0x_api_core.o
    0x080024fa   0x080024fa   0x00000002   PAD
    0x080024fc   0x080024fc   0x000000e4   Code   RO         1176    .text.VL53L0X_get_device_info  vl53l0x_api_strings.o
    0x080025e0   0x080025e0   0x00000a26   Code   RO         1129    .text.VL53L0X_get_info_from_device  vl53l0x_api_core.o
    0x08003006   0x08003006   0x00000002   PAD
    0x08003008   0x08003008   0x0000016e   Code   RO         1151    .text.VL53L0X_get_measurement_timing_budget_micro_seconds  vl53l0x_api_core.o
    0x08003176   0x08003176   0x00000002   PAD
    0x08003178   0x08003178   0x00000042   Code   RO         1066    .text.VL53L0X_get_offset_calibration_data_micro_meter  vl53l0x_api_calibration.o
    0x080031ba   0x080031ba   0x00000002   PAD
    0x080031bc   0x080031bc   0x000002a0   Code   RO         1182    .text.VL53L0X_get_pal_error_string  vl53l0x_api_strings.o
    0x0800345c   0x0800345c   0x00000216   Code   RO         1163    .text.VL53L0X_get_pal_range_status  vl53l0x_api_core.o
    0x08003672   0x08003672   0x00000002   PAD
    0x08003674   0x08003674   0x00000038   Code   RO         1147    .text.VL53L0X_get_vcsel_pulse_period  vl53l0x_api_core.o
    0x080036ac   0x080036ac   0x0000004e   Code   RO          778    .text.VL53L0X_i2c_init  vl53l0x_i2c.o
    0x080036fa   0x080036fa   0x00000002   PAD
    0x080036fc   0x080036fc   0x000000c0   Code   RO         1153    .text.VL53L0X_load_tuning_settings  vl53l0x_api_core.o
    0x080037bc   0x080037bc   0x0000004e   Code   RO         1117    .text.VL53L0X_measurement_poll_for_completion  vl53l0x_api_core.o
    0x0800380a   0x0800380a   0x00000002   PAD
    0x0800380c   0x0800380c   0x000000f0   Code   RO         1100    .text.VL53L0X_perform_phase_calibration  vl53l0x_api_calibration.o
    0x080038fc   0x080038fc   0x00000044   Code   RO         1088    .text.VL53L0X_perform_ref_calibration  vl53l0x_api_calibration.o
    0x08003940   0x08003940   0x000003c6   Code   RO         1086    .text.VL53L0X_perform_ref_spad_management  vl53l0x_api_calibration.o
    0x08003d06   0x08003d06   0x00000002   PAD
    0x08003d08   0x08003d08   0x000000e4   Code   RO         1098    .text.VL53L0X_perform_vhv_calibration  vl53l0x_api_calibration.o
    0x08003dec   0x08003dec   0x00000008   Code   RO          810    .text.VL53L0X_read_byte  vl53l0x_i2c.o
    0x08003df4   0x08003df4   0x00000018   Code   RO          814    .text.VL53L0X_read_dword  vl53l0x_i2c.o
    0x08003e0c   0x08003e0c   0x0000000a   Code   RO          802    .text.VL53L0X_read_multi  vl53l0x_i2c.o
    0x08003e16   0x08003e16   0x00000002   PAD
    0x08003e18   0x08003e18   0x0000001e   Code   RO          812    .text.VL53L0X_read_word  vl53l0x_i2c.o
    0x08003e36   0x08003e36   0x00000002   PAD
    0x08003e38   0x08003e38   0x000000c6   Code   RO         1096    .text.VL53L0X_ref_calibration_io  vl53l0x_api_calibration.o
    0x08003efe   0x08003efe   0x00000002   PAD
    0x08003f00   0x08003f00   0x00000188   Code   RO         1149    .text.VL53L0X_set_measurement_timing_budget_micro_seconds  vl53l0x_api_core.o
    0x08004088   0x08004088   0x00000050   Code   RO         1064    .text.VL53L0X_set_offset_calibration_data_micro_meter  vl53l0x_api_calibration.o
    0x080040d8   0x080040d8   0x0000002a   Code   RO         1102    .text.VL53L0X_set_ref_calibration  vl53l0x_api_calibration.o
    0x08004102   0x08004102   0x00000002   PAD
    0x08004104   0x08004104   0x000000ac   Code   RO         1090    .text.VL53L0X_set_reference_spads  vl53l0x_api_calibration.o
    0x080041b0   0x080041b0   0x000003de   Code   RO         1145    .text.VL53L0X_set_vcsel_pulse_period  vl53l0x_api_core.o
    0x0800458e   0x0800458e   0x00000002   PAD
    0x08004590   0x08004590   0x00000016   Code   RO          804    .text.VL53L0X_write_byte  vl53l0x_i2c.o
    0x080045a6   0x080045a6   0x00000002   PAD
    0x080045a8   0x080045a8   0x0000000a   Code   RO          800    .text.VL53L0X_write_multi  vl53l0x_i2c.o
    0x080045b2   0x080045b2   0x00000002   PAD
    0x080045b4   0x080045b4   0x00000034   Code   RO          806    .text.VL53L0X_write_word  vl53l0x_i2c.o
    0x080045e8   0x080045e8   0x000000a4   Code   RO          798    .text.VL_IIC_Read_nByte  vl53l0x_i2c.o
    0x0800468c   0x0800468c   0x00000092   Code   RO          796    .text.VL_IIC_Write_nByte  vl53l0x_i2c.o
    0x0800471e   0x0800471e   0x00000002   PAD
    0x08004720   0x08004720   0x00000018   Code   RO           29    .text.delay_1ms     systick.o
    0x08004738   0x08004738   0x00000014   Code   RO           31    .text.delay_1us     systick.o
    0x0800474c   0x0800474c   0x00000026   Code   RO           35    .text.delay_decrement  systick.o
    0x08004772   0x08004772   0x00000002   PAD
    0x08004774   0x08004774   0x00000012   Code   RO          613    .text.dma_channel_disable  gd32f4xx_dma.o
    0x08004786   0x08004786   0x00000002   PAD
    0x08004788   0x08004788   0x00000012   Code   RO          611    .text.dma_channel_enable  gd32f4xx_dma.o
    0x0800479a   0x0800479a   0x00000002   PAD
    0x0800479c   0x0800479c   0x00000016   Code   RO          621    .text.dma_channel_subperipheral_select  gd32f4xx_dma.o
    0x080047b2   0x080047b2   0x00000002   PAD
    0x080047b4   0x080047b4   0x0000004e   Code   RO          575    .text.dma_deinit    gd32f4xx_dma.o
    0x08004802   0x08004802   0x00000002   PAD
    0x08004804   0x08004804   0x00000036   Code   RO          631    .text.dma_flag_clear  gd32f4xx_dma.o
    0x0800483a   0x0800483a   0x00000002   PAD
    0x0800483c   0x0800483c   0x00000086   Code   RO          581    .text.dma_single_data_mode_init  gd32f4xx_dma.o
    0x080048c2   0x080048c2   0x00000002   PAD
    0x080048c4   0x080048c4   0x00000018   Code   RO          577    .text.dma_single_data_para_struct_init  gd32f4xx_dma.o
    0x080048dc   0x080048dc   0x0000000c   Code   RO          591    .text.dma_transfer_number_get  gd32f4xx_dma.o
    0x080048e8   0x080048e8   0x00000142   Code   RO         1082    .text.enable_ref_spads  vl53l0x_api_calibration.o
    0x08004a2a   0x08004a2a   0x00000002   PAD
    0x08004a2c   0x08004a2c   0x00000024   Code   RO          663    .text.fputc         usart0.o
    0x08004a50   0x08004a50   0x0000016c   Code   RO         1141    .text.get_sequence_step_timeout  vl53l0x_api_core.o
    0x08004bbc   0x08004bbc   0x0000006e   Code   RO          211    .text.gpio_af_set   gd32f4xx_gpio.o
    0x08004c2a   0x08004c2a   0x00000002   PAD
    0x08004c2c   0x08004c2c   0x0000000c   Code   RO          199    .text.gpio_bit_write  gd32f4xx_gpio.o
    0x08004c38   0x08004c38   0x0000000a   Code   RO          203    .text.gpio_input_bit_get  gd32f4xx_gpio.o
    0x08004c42   0x08004c42   0x00000002   PAD
    0x08004c44   0x08004c44   0x00000054   Code   RO          191    .text.gpio_mode_set  gd32f4xx_gpio.o
    0x08004c98   0x08004c98   0x00000046   Code   RO          193    .text.gpio_output_options_set  gd32f4xx_gpio.o
    0x08004cde   0x08004cde   0x00000002   PAD
    0x08004ce0   0x08004ce0   0x00000150   Code   RO           53    .text.main          main.o
    0x08004e30   0x08004e30   0x000000a6   Code   RO          229    .text.nvic_irq_enable  gd32f4xx_misc.o
    0x08004ed6   0x08004ed6   0x00000002   PAD
    0x08004ed8   0x08004ed8   0x00000014   Code   RO          227    .text.nvic_priority_group_set  gd32f4xx_misc.o
    0x08004eec   0x08004eec   0x0000006e   Code   RO         1084    .text.perform_ref_signal_measurement  vl53l0x_api_calibration.o
    0x08004f5a   0x08004f5a   0x00000002   PAD
    0x08004f5c   0x08004f5c   0x00000022   Code   RO          733    .text.print_pal_error  bsp_vl53l0x.o
    0x08004f7e   0x08004f7e   0x00000002   PAD
    0x08004f80   0x08004f80   0x000000bc   Code   RO          168    .text.rcu_clock_freq_get  gd32f4xx_rcu.o
    0x0800503c   0x0800503c   0x0000001e   Code   RO           90    .text.rcu_periph_clock_enable  gd32f4xx_rcu.o
    0x0800505a   0x0800505a   0x00000002   PAD
    0x0800505c   0x0800505c   0x00000020   Code   RO          100    .text.rcu_periph_reset_disable  gd32f4xx_rcu.o
    0x0800507c   0x0800507c   0x0000001e   Code   RO           98    .text.rcu_periph_reset_enable  gd32f4xx_rcu.o
    0x0800509a   0x0800509a   0x00000002   PAD
    0x0800509c   0x0800509c   0x00000022   Code   RO          136    .text.rcu_timer_clock_prescaler_config  gd32f4xx_rcu.o
    0x080050be   0x080050be   0x00000002   PAD
    0x080050c0   0x080050c0   0x000001d4   Code   RO         1143    .text.set_sequence_step_timeout  vl53l0x_api_core.o
    0x08005294   0x08005294   0x0000004a   Code   RO           27    .text.systick_config  systick.o
    0x080052de   0x080052de   0x00000002   PAD
    0x080052e0   0x080052e0   0x000001fc   Code   RO          493    .text.timer_channel_output_config  gd32f4xx_timer.o
    0x080054dc   0x080054dc   0x00000038   Code   RO          495    .text.timer_channel_output_mode_config  gd32f4xx_timer.o
    0x08005514   0x08005514   0x0000000e   Code   RO          497    .text.timer_channel_output_pulse_value_config  gd32f4xx_timer.o
    0x08005522   0x08005522   0x00000002   PAD
    0x08005524   0x08005524   0x0000000a   Code   RO          491    .text.timer_channel_output_struct_para_init  gd32f4xx_timer.o
    0x0800552e   0x0800552e   0x00000002   PAD
    0x08005530   0x08005530   0x00000146   Code   RO          423    .text.timer_deinit  gd32f4xx_timer.o
    0x08005676   0x08005676   0x00000002   PAD
    0x08005678   0x08005678   0x0000000a   Code   RO          429    .text.timer_enable  gd32f4xx_timer.o
    0x08005682   0x08005682   0x00000002   PAD
    0x08005684   0x08005684   0x000000aa   Code   RO          427    .text.timer_init    gd32f4xx_timer.o
    0x0800572e   0x0800572e   0x00000002   PAD
    0x08005730   0x08005730   0x00000010   Code   RO          425    .text.timer_struct_para_init  gd32f4xx_timer.o
    0x08005740   0x08005740   0x000000be   Code   RO          251    .text.usart_baudrate_set  gd32f4xx_usart.o
    0x080057fe   0x080057fe   0x00000002   PAD
    0x08005800   0x08005800   0x00000010   Code   RO          267    .text.usart_data_first_config  gd32f4xx_usart.o
    0x08005810   0x08005810   0x00000008   Code   RO          283    .text.usart_data_receive  gd32f4xx_usart.o
    0x08005818   0x08005818   0x00000008   Code   RO          281    .text.usart_data_transmit  gd32f4xx_usart.o
    0x08005820   0x08005820   0x000000c8   Code   RO          249    .text.usart_deinit  gd32f4xx_usart.o
    0x080058e8   0x080058e8   0x00000014   Code   RO          343    .text.usart_dma_receive_config  gd32f4xx_usart.o
    0x080058fc   0x080058fc   0x00000014   Code   RO          345    .text.usart_dma_transmit_config  gd32f4xx_usart.o
    0x08005910   0x08005910   0x0000000a   Code   RO          259    .text.usart_enable  gd32f4xx_usart.o
    0x0800591a   0x0800591a   0x00000002   PAD
    0x0800591c   0x0800591c   0x00000010   Code   RO          347    .text.usart_flag_get  gd32f4xx_usart.o
    0x0800592c   0x0800592c   0x00000016   Code   RO          351    .text.usart_interrupt_enable  gd32f4xx_usart.o
    0x08005942   0x08005942   0x00000002   PAD
    0x08005944   0x08005944   0x00000022   Code   RO          355    .text.usart_interrupt_flag_get  gd32f4xx_usart.o
    0x08005966   0x08005966   0x00000002   PAD
    0x08005968   0x08005968   0x00000010   Code   RO          253    .text.usart_parity_config  gd32f4xx_usart.o
    0x08005978   0x08005978   0x0000000c   Code   RO          265    .text.usart_receive_config  gd32f4xx_usart.o
    0x08005984   0x08005984   0x00000010   Code   RO          257    .text.usart_stop_bit_set  gd32f4xx_usart.o
    0x08005994   0x08005994   0x0000000c   Code   RO          263    .text.usart_transmit_config  gd32f4xx_usart.o
    0x080059a0   0x080059a0   0x00000010   Code   RO          255    .text.usart_word_length_set  gd32f4xx_usart.o
    0x080059b0   0x080059b0   0x000000c4   Code   RO          735    .text.vl53l0x_Addr_set  bsp_vl53l0x.o
    0x08005a74   0x08005a74   0x000000a4   Code   RO          739    .text.vl53l0x_init  bsp_vl53l0x.o
    0x08005b18   0x08005b18   0x0000003c   Code   RO          737    .text.vl53l0x_reset  bsp_vl53l0x.o
    0x08005b54   0x08005b54   0x0000013c   Code   RO          766    .text.vl53l0x_set_mode  vl53l0x_gen.o
    0x08005c90   0x08005c90   0x00000020   Code   RO         1449    i.__0printf         mc_w.l(printfa.o)
    0x08005cb0   0x08005cb0   0x0000000e   Code   RO         1534    i.__scatterload_copy  mc_w.l(handlers.o)
    0x08005cbe   0x08005cbe   0x00000002   Code   RO         1535    i.__scatterload_null  mc_w.l(handlers.o)
    0x08005cc0   0x08005cc0   0x0000000e   Code   RO         1536    i.__scatterload_zeroinit  mc_w.l(handlers.o)
    0x08005cce   0x08005cce   0x00000002   PAD
    0x08005cd0   0x08005cd0   0x00000184   Code   RO         1456    i._fp_digits        mc_w.l(printfa.o)
    0x08005e54   0x08005e54   0x000006dc   Code   RO         1457    i._printf_core      mc_w.l(printfa.o)
    0x08006530   0x08006530   0x00000024   Code   RO         1458    i._printf_post_padding  mc_w.l(printfa.o)
    0x08006554   0x08006554   0x0000002e   Code   RO         1459    i._printf_pre_padding  mc_w.l(printfa.o)
    0x08006582   0x08006582   0x00000002   PAD
    0x08006584   0x08006584   0x00000024   Code   RO         1202    i.puts              mc_w.l(puts.o)
    0x080065a8   0x080065a8   0x00000008   Data   RO          180    .rodata.cst8        gd32f4xx_rcu.o
    0x080065b0   0x080065b0   0x00000016   Data   RO          743    .rodata.str1.1      bsp_vl53l0x.o
    0x080065c6   0x080065c6   0x00000002   PAD
    0x080065c8   0x080065c8   0x000002eb   Data   RO         1190    .rodata.str1.4      vl53l0x_api_strings.o
    0x080068b3   0x080068b3   0x00000001   PAD
    0x080068b4   0x080068b4   0x00000020   Data   RO         1533    Region$$Table       anon$$obj.o


    Execution Region RW_IRAM1 (Exec base: 0x20000000, Load base: 0x080068d8, Size: 0x00000d18, Max: 0x00020000, ABSOLUTE)

    Exec Addr    Load Addr    Size         Type   Attr      Idx    E Section Name        Object

    0x20000000   0x080068d8   0x00000004   Data   RW         1497    .data               mc_w.l(stdout.o)
    0x20000004   0x080068dc   0x000000f3   Data   RW         1050    .data.DefaultTuningSettings  vl53l0x_api.o
    0x200000f7   0x080069cf   0x000001b6   Data   RW         1051    .data.InterruptThresholdSettings  vl53l0x_api.o
    0x200002ad   0x08006b85   0x00000003   PAD
    0x200002b0   0x08006b88   0x00000040   Data   RW          742    .data.Mode_data     bsp_vl53l0x.o
    0x200002f0   0x08006bc8   0x00000004   Data   RW           68    .data.SystemCoreClock  system_gd32f4xx.o
    0x200002f4   0x08006bcc   0x00000001   Data   RW          721    .data.pre_state0    bsp_keys.o
    0x200002f5   0x08006bcd   0x00000001   Data   RW          722    .data.pre_state1    bsp_keys.o
    0x200002f6   0x08006bce   0x00000001   Data   RW          723    .data.pre_state2    bsp_keys.o
    0x200002f7   0x08006bcf   0x00000001   Data   RW          724    .data.pre_state3    bsp_keys.o
    0x200002f8   0x08006bd0   0x00000010   Data   RW         1106    .data.refArrayQuadrants  vl53l0x_api_calibration.o
    0x20000308        -       0x00000001   Zero   RW          741    .bss.AjustOK        bsp_vl53l0x.o
    0x20000309   0x08006be0   0x00000003   PAD
    0x2000030c        -       0x00000018   Zero   RW          758    .bss.Vl53l0x_data   vl53l0x_cali.o
    0x20000324        -       0x00000004   Zero   RW          708    .bss.current_angle  bsp_servo.o
    0x20000328        -       0x00000004   Zero   RW           37    .bss.delay          systick.o
    0x2000032c        -       0x00000400   Zero   RW          668    .bss.g_rx_buffer    usart0.o
    0x2000072c        -       0x00000004   Zero   RW          667    .bss.g_rx_cnt       usart0.o
    0x20000730        -       0x00000004   Zero   RW           38    .bss.tick_us        systick.o
    0x20000734        -       0x0000001c   Zero   RW          769    .bss.vl53l0x_data   vl53l0x_gen.o
    0x20000750        -       0x00000160   Zero   RW          745    .bss.vl53l0x_dev    bsp_vl53l0x.o
    0x200008b0        -       0x00000063   Zero   RW          744    .bss.vl53l0x_dev_info  bsp_vl53l0x.o
    0x20000913   0x08006be0   0x00000005   PAD
    0x20000918        -       0x00000400   Zero   RW           76    STACK               startup_gd32f407_427.o


==============================================================================

Image component sizes


      Code (inc. data)   RO Data    RW Data    ZI Data      Debug   Object Name

       216          0          0          4          0       2703   bsp_keys.o
       184         32          0          0          4       1166   bsp_servo.o
       454         12         22         64        452       7922   bsp_vl53l0x.o
         2          0          0          0          0        428   exti.o
       360          0          0          0          0      11025   gd32f4xx_dma.o
       286          0          0          0          0       5335   gd32f4xx_gpio.o
        20          0          0          0          0       1072   gd32f4xx_it.o
       186          0          0          0          0       3695   gd32f4xx_misc.o
       314         20          8          0          0      18839   gd32f4xx_rcu.o
      1110          8          0          0          0      21352   gd32f4xx_timer.o
       616          0          0          0          0      13439   gd32f4xx_usart.o
       442        136          0          0          0       1713   main.o
        36          8        392          0       1024        904   startup_gd32f407_427.o
       342          0          0          4          0       2444   system_gd32f4xx.o
       156          0          0          0          8       4600   systick.o
       250          8          0          0          0       3867   timer.o
       542          0          0          0       1028       8613   usart0.o
      3538         30          0        681          0      50960   vl53l0x_api.o
      2492          0          0         16          0      26230   vl53l0x_api_calibration.o
      7296         20          0          0          0      44328   vl53l0x_api_core.o
       900        368        747          0          0      11291   vl53l0x_api_strings.o
         0          0          0          0         24       5911   vl53l0x_cali.o
       316          0          0          0         28       4966   vl53l0x_gen.o
      1150          0          0          0          0       8704   vl53l0x_i2c.o
       274          0          0          0          0       8220   vl53l0x_platform.o

    ----------------------------------------------------------------------
     21632        642       1204        772       2576     269727   Object Totals
         0          0         32          0          0          0   (incl. Generated)
       150          0          3          3          8          0   (incl. Padding)

    ----------------------------------------------------------------------

      Code (inc. data)   RO Data    RW Data    ZI Data      Debug   Library Member Name

         0          0          0          0          0          0   entry.o
         0          0          0          0          0          0   entry10a.o
         0          0          0          0          0          0   entry11a.o
         8          4          0          0          0          0   entry2.o
         4          0          0          0          0          0   entry5.o
         0          0          0          0          0          0   entry7b.o
         0          0          0          0          0          0   entry8b.o
         8          4          0          0          0          0   entry9a.o
        30          0          0          0          0          0   handlers.o
        48         10          0          0          0         68   init.o
         0          0          0          0          0          0   iusefp.o
        30          0          0          0          0         68   llshl.o
        36          0          0          0          0         68   llsshr.o
        32          0          0          0          0         68   llushr.o
        36          0          0          0          0         68   memcpya.o
        36          0          0          0          0        108   memseta.o
      2258         90          0          0          0        452   printfa.o
        36          6          0          0          0         80   puts.o
         0          0          0          4          0          0   stdout.o
        18          0          0          0          0         68   strcpy.o
        44          0          0          0          0         80   uidiv.o
        98          0          0          0          0         92   uldiv.o
        48          0          0          0          0         68   cdrcmple.o
        56          0          0          0          0         88   d2f.o
       334          0          0          0          0        148   dadd.o
       222          0          0          0          0        100   ddiv.o
       186          0          0          0          0        176   depilogue.o
        48          0          0          0          0         68   dfixul.o
       228          0          0          0          0         96   dmul.o
        38          0          0          0          0         68   f2d.o
       110          0          0          0          0        168   fepilogue.o

    ----------------------------------------------------------------------
      4000        114          0          4          0       2200   Library Totals
         8          0          0          0          0          0   (incl. Padding)

    ----------------------------------------------------------------------

      Code (inc. data)   RO Data    RW Data    ZI Data      Debug   Library Name

      2722        114          0          4          0       1220   mc_w.l
      1270          0          0          0          0        980   mf_w.l

    ----------------------------------------------------------------------
      4000        114          0          4          0       2200   Library Totals

    ----------------------------------------------------------------------

==============================================================================


      Code (inc. data)   RO Data    RW Data    ZI Data      Debug   

     25632        756       1204        776       2576     270599   Grand Totals
     25632        756       1204        776       2576     270599   ELF Image Totals
     25632        756       1204        776          0          0   ROM Totals

==============================================================================

    Total RO  Size (Code + RO Data)                26836 (  26.21kB)
    Total RW  Size (RW Data + ZI Data)              3352 (   3.27kB)
    Total ROM Size (Code + RO Data + RW Data)      27612 (  26.96kB)

==============================================================================

