<html>
<body>
<pre>
<h1>µVision Build Log</h1>
<h2>Tool Versions:</h2>
IDE-Version: ¦ÌVision V5.40.0.0
Copyright (C) 2024 ARM Ltd and ARM Germany GmbH. All rights reserved.
License Information: 452 52, 254, LIC=8VRJ7-E2Q38-FWE2N-Y0CFE-Z5PIZ-1LTW8
 
Tool Versions:
Toolchain:       MDK-ARM Plus  Version: 5.40.0.3
Toolchain Path:  D:\Keil_32\ARM\ARMCLANG\Bin
C Compiler:      ArmClang.exe V6.22
Assembler:       Armasm.exe V6.22
Linker/Locator:  ArmLink.exe V6.22
Library Manager: ArmAr.exe V6.22
Hex Converter:   FromElf.exe V6.22
CPU DLL:         SARMCM3.DLL V5.40.0.3
Dialog DLL:      DCM.DLL V1.17.5.0
Target DLL:      CMSIS_AGDI.dll V1.33.18.0
Dialog DLL:      TCM.DLL V1.56.4.0
 
<h2>Project:</h2>
D:\ARM_Study\BalanceBall\Project\GD32F407.uvprojx
Project File Date:  10/21/2024

<h2>Output:</h2>
*** Using Compiler 'V6.22', folder: 'D:\Keil_32\ARM\ARMCLANG\Bin'
Rebuild target 'Target 1'
compiling gd32f4xx_it.c...
compiling main.c...
compiling gd32f4xx_syscfg.c...
compiling gd32f4xx_gpio.c...
compiling gd32f4xx_misc.c...
assembling startup_gd32f407_427.s...
compiling gd32f4xx_exti.c...
compiling systick.c...
compiling gd32f4xx_usart.c...
compiling system_gd32f4xx.c...
compiling gd32f4xx_rcu.c...
compiling gd32f4xx_timer.c...
compiling EXTI.c...
compiling gd32f4xx_dma.c...
compiling USART0.c...
compiling bsp_servo.c...
compiling TIMER.c...
compiling bsp_keys.c...
compiling bsp_VL53L0X.c...
compiling vl53l0x_cali.c...
compiling vl53l0x_it.c...
compiling vl53l0x_gen.c...
compiling vl53l0x_platform.c...
compiling vl53l0x_i2c.c...
compiling vl53l0x_api_ranging.c...
compiling vl53l0x_api_strings.c...
compiling vl53l0x_api_calibration.c...
compiling vl53l0x_api.c...
compiling vl53l0x_api_core.c...
linking...
Program Size: Code=25632 RO-data=1204 RW-data=776 ZI-data=2576  
FromELF: creating hex file...
".\Objects\GD32F407.axf" - 0 Error(s), 0 Warning(s).

<h2>Software Packages used:</h2>

Package Vendor: GigaDevice
                https://gd32mcu.com/data/documents/pack/GigaDevice.GD32F4xx_DFP.3.0.3.pack
                GigaDevice::GD32F4xx_DFP@3.0.3
                GigaDevice GD32F4xx Series Device Support and Examples

<h2>Collection of Component include folders:</h2>
  D:/Keil_32/Packs/GigaDevice/GD32F4xx_DFP/3.0.3/Device/F4XX/Include

<h2>Collection of Component Files used:</h2>
Build Time Elapsed:  00:00:02
</pre>
</body>
</html>
